<html>
<body>
<pre>
<h1>µVision Build Log</h1>
<h2>Tool Versions:</h2>
IDE-Version: ¦ÌVision V5.40.0.0
Copyright (C) 2024 ARM Ltd and ARM Germany GmbH. All rights reserved.
License Information: j l, b, LIC=CZLZX-HHUUE-MMK9I-T4DPZ-F58I1-H6TP0
 
Tool Versions:
Toolchain:       MDK-ARM Plus  Version: 5.40.0.3
Toolchain Path:  D:\Keil5\ARM\ARMCC\Bin
C Compiler:      Armcc.exe V5.06 update 7 (build 960)
Assembler:       Armasm.exe V5.06 update 7 (build 960)
Linker/Locator:  ArmLink.exe V5.06 update 7 (build 960)
Library Manager: ArmAr.exe V5.06 update 7 (build 960)
Hex Converter:   FromElf.exe V5.06 update 7 (build 960)
CPU DLL:         SARMCM3.DLL V5.40.0.3
Dialog DLL:      DCM.DLL V1.17.5.0
Target DLL:      CMSIS_AGDI.dll V1.33.18.0
Dialog DLL:      TCM.DLL V1.56.4.0
 
<h2>Project:</h2>
D:\D\JLB Often\STM32\STM32projects\Projects\ds_BlancedCar_F407\MDK-ARM\ds_BlancedCar_F407.uvprojx
Project File Date:  03/27/2025

<h2>Output:</h2>
*** Using Compiler 'V5.06 update 7 (build 960)', folder: 'D:\Keil5\ARM\ARMCC\Bin'
Build target 'ds_BlancedCar_F407'
compiling main.c...
../Core/Src/main.c(100): warning:  #188-D: enumerated type mixed with another type
  	HAL_GPIO_WritePin(LCD_BLK_GPIO_Port,LCD_BLK_Pin,1);
../Core/Src/main.c: 1 warning, 0 errors
compiling LCD_ST7789S.c...
..\Drivers\BSP_HardWare\LCD_ST7789S.c(460): warning:  #177-D: variable "j"  was declared but never referenced
      uint32_t i, j;
..\Drivers\BSP_HardWare\LCD_ST7789S.c(506): warning:  #177-D: variable "j"  was declared but never referenced
      unsigned short i, j;
..\Drivers\BSP_HardWare\LCD_ST7789S.c: 2 warnings, 0 errors
linking...
Program Size: Code=15700 RO-data=25916 RW-data=24 ZI-data=1832  
FromELF: creating hex file...
"ds_BlancedCar_F407\ds_BlancedCar_F407.axf" - 0 Error(s), 3 Warning(s).

<h2>Software Packages used:</h2>

Package Vendor: ARM
                https://www.keil.com/pack/ARM.CMSIS.6.1.0.pack
                ARM::CMSIS@6.1.0
                CMSIS (Common Microcontroller Software Interface Standard)
   * Component: CORE Version: 6.1.0

Package Vendor: Keil
                https://www.keil.com/pack/Keil.STM32F4xx_DFP.3.0.0.pack
                Keil::STM32F4xx_DFP@3.0.0
                STMicroelectronics STM32F4 Series Device Support

<h2>Collection of Component include folders:</h2>
  ./RTE/_ds_BlancedCar_F407
  D:/Keil5_pack/ARM/CMSIS/6.1.0/CMSIS/Core/Include

<h2>Collection of Component Files used:</h2>

   * Component: ARM::CMSIS:CORE@6.1.0
      Include file:  CMSIS/Core/Include/tz_context.h
Build Time Elapsed:  00:00:02
</pre>
</body>
</html>
