Component: ARM Compiler 5.06 update 7 (build 960) Tool: armlink [4d3601]

==============================================================================

Section Cross References

    startup_stm32h750xx.o(RESET) refers to startup_stm32h750xx.o(STACK) for __initial_sp
    startup_stm32h750xx.o(RESET) refers to startup_stm32h750xx.o(.text) for Reset_Handler
    startup_stm32h750xx.o(RESET) refers to stm32h7xx_it.o(i.NMI_Handler) for NMI_Handler
    startup_stm32h750xx.o(RESET) refers to stm32h7xx_it.o(i.HardFault_Handler) for HardFault_Handler
    startup_stm32h750xx.o(RESET) refers to stm32h7xx_it.o(i.MemManage_Handler) for MemManage_Handler
    startup_stm32h750xx.o(RESET) refers to stm32h7xx_it.o(i.BusFault_Handler) for BusFault_Handler
    startup_stm32h750xx.o(RESET) refers to stm32h7xx_it.o(i.UsageFault_Handler) for UsageFault_Handler
    startup_stm32h750xx.o(RESET) refers to stm32h7xx_it.o(i.SVC_Handler) for SVC_Handler
    startup_stm32h750xx.o(RESET) refers to stm32h7xx_it.o(i.DebugMon_Handler) for DebugMon_Handler
    startup_stm32h750xx.o(RESET) refers to stm32h7xx_it.o(i.PendSV_Handler) for PendSV_Handler
    startup_stm32h750xx.o(RESET) refers to stm32h7xx_it.o(i.SysTick_Handler) for SysTick_Handler
    startup_stm32h750xx.o(RESET) refers to stm32h7xx_it.o(i.DMA1_Stream0_IRQHandler) for DMA1_Stream0_IRQHandler
    startup_stm32h750xx.o(RESET) refers to stm32h7xx_it.o(i.DMA1_Stream1_IRQHandler) for DMA1_Stream1_IRQHandler
    startup_stm32h750xx.o(RESET) refers to stm32h7xx_it.o(i.DMA1_Stream2_IRQHandler) for DMA1_Stream2_IRQHandler
    startup_stm32h750xx.o(RESET) refers to stm32h7xx_it.o(i.DMA1_Stream3_IRQHandler) for DMA1_Stream3_IRQHandler
    startup_stm32h750xx.o(RESET) refers to stm32h7xx_it.o(i.DMA1_Stream4_IRQHandler) for DMA1_Stream4_IRQHandler
    startup_stm32h750xx.o(RESET) refers to stm32h7xx_it.o(i.DMA1_Stream5_IRQHandler) for DMA1_Stream5_IRQHandler
    startup_stm32h750xx.o(RESET) refers to stm32h7xx_it.o(i.DMA1_Stream6_IRQHandler) for DMA1_Stream6_IRQHandler
    startup_stm32h750xx.o(RESET) refers to stm32h7xx_it.o(i.FDCAN1_IT0_IRQHandler) for FDCAN1_IT0_IRQHandler
    startup_stm32h750xx.o(RESET) refers to stm32h7xx_it.o(i.SPI1_IRQHandler) for SPI1_IRQHandler
    startup_stm32h750xx.o(RESET) refers to stm32h7xx_it.o(i.USART1_IRQHandler) for USART1_IRQHandler
    startup_stm32h750xx.o(RESET) refers to stm32h7xx_it.o(i.TIM8_BRK_TIM12_IRQHandler) for TIM8_BRK_TIM12_IRQHandler
    startup_stm32h750xx.o(RESET) refers to stm32h7xx_it.o(i.UART4_IRQHandler) for UART4_IRQHandler
    startup_stm32h750xx.o(RESET) refers to stm32h7xx_it.o(i.DMA2_Stream1_IRQHandler) for DMA2_Stream1_IRQHandler
    startup_stm32h750xx.o(RESET) refers to stm32h7xx_it.o(i.UART7_IRQHandler) for UART7_IRQHandler
    startup_stm32h750xx.o(RESET) refers to stm32h7xx_it.o(i.UART8_IRQHandler) for UART8_IRQHandler
    startup_stm32h750xx.o(RESET) refers to stm32h7xx_it.o(i.TIM15_IRQHandler) for TIM15_IRQHandler
    startup_stm32h750xx.o(.text) refers to system_stm32h7xx.o(i.SystemInit) for SystemInit
    startup_stm32h750xx.o(.text) refers to entry.o(.ARM.Collect$$$$00000000) for __main
    main.o(i.MPU_Config) refers to stm32h7xx_hal_cortex.o(i.HAL_MPU_Disable) for HAL_MPU_Disable
    main.o(i.MPU_Config) refers to stm32h7xx_hal_cortex.o(i.HAL_MPU_ConfigRegion) for HAL_MPU_ConfigRegion
    main.o(i.MPU_Config) refers to stm32h7xx_hal_cortex.o(i.HAL_MPU_Enable) for HAL_MPU_Enable
    main.o(i.PeriphCommonClock_Config) refers to memseta.o(.text) for __aeabi_memclr4
    main.o(i.PeriphCommonClock_Config) refers to stm32h7xx_hal_rcc_ex.o(i.HAL_RCCEx_PeriphCLKConfig) for HAL_RCCEx_PeriphCLKConfig
    main.o(i.PeriphCommonClock_Config) refers to main.o(i.Error_Handler) for Error_Handler
    main.o(i.SystemClock_Config) refers to memseta.o(.text) for __aeabi_memclr4
    main.o(i.SystemClock_Config) refers to stm32h7xx_hal_pwr_ex.o(i.HAL_PWREx_ConfigSupply) for HAL_PWREx_ConfigSupply
    main.o(i.SystemClock_Config) refers to stm32h7xx_hal_rcc.o(i.HAL_RCC_OscConfig) for HAL_RCC_OscConfig
    main.o(i.SystemClock_Config) refers to main.o(i.Error_Handler) for Error_Handler
    main.o(i.SystemClock_Config) refers to stm32h7xx_hal_rcc.o(i.HAL_RCC_ClockConfig) for HAL_RCC_ClockConfig
    main.o(i.main) refers to main.o(i.MPU_Config) for MPU_Config
    main.o(i.main) refers to stm32h7xx_hal.o(i.HAL_Init) for HAL_Init
    main.o(i.main) refers to delay.o(i.delay_init) for delay_init
    main.o(i.main) refers to main.o(i.SystemClock_Config) for SystemClock_Config
    main.o(i.main) refers to main.o(i.PeriphCommonClock_Config) for PeriphCommonClock_Config
    main.o(i.main) refers to gpio.o(i.MX_GPIO_Init) for MX_GPIO_Init
    main.o(i.main) refers to dma.o(i.MX_DMA_Init) for MX_DMA_Init
    main.o(i.main) refers to usart.o(i.MX_USART1_UART_Init) for MX_USART1_UART_Init
    main.o(i.main) refers to adc.o(i.MX_ADC1_Init) for MX_ADC1_Init
    main.o(i.main) refers to opamp.o(i.MX_OPAMP1_Init) for MX_OPAMP1_Init
[...]
    __aeabi_drsub                            0x080004e3   Thumb Code     6  dadd.o(.text)
    __aeabi_i2d                              0x080004e9   Thumb Code    34  dflti.o(.text)
    __aeabi_ui2d                             0x0800050b   Thumb Code    26  dfltui.o(.text)
    __aeabi_d2uiz                            0x08000525   Thumb Code    50  dfixui.o(.text)
    __aeabi_f2d                              0x08000557   Thumb Code    38  f2d.o(.text)
    __aeabi_cdrcmple                         0x0800057d   Thumb Code    48  cdrcmple.o(.text)
    __aeabi_d2f                              0x080005ad   Thumb Code    56  d2f.o(.text)
    __aeabi_uidiv                            0x080005e5   Thumb Code     0  uidiv.o(.text)
    __aeabi_uidivmod                         0x080005e5   Thumb Code    44  uidiv.o(.text)
    __aeabi_llsl                             0x08000611   Thumb Code    30  llshl.o(.text)
    _ll_shift_l                              0x08000611   Thumb Code     0  llshl.o(.text)
    __aeabi_llsr                             0x0800062f   Thumb Code    32  llushr.o(.text)
    _ll_ushift_r                             0x0800062f   Thumb Code     0  llushr.o(.text)
    __aeabi_lasr                             0x0800064f   Thumb Code    36  llsshr.o(.text)
    _ll_sshift_r                             0x0800064f   Thumb Code     0  llsshr.o(.text)
    __I$use$fp                               0x08000673   Thumb Code     0  iusefp.o(.text)
    _float_round                             0x08000673   Thumb Code    18  fepilogue.o(.text)
    _float_epilogue                          0x08000685   Thumb Code    92  fepilogue.o(.text)
    _double_round                            0x080006e1   Thumb Code    30  depilogue.o(.text)
    _double_epilogue                         0x080006ff   Thumb Code   156  depilogue.o(.text)
    __aeabi_dmul                             0x0800079b   Thumb Code   228  dmul.o(.text)
    __aeabi_ddiv                             0x0800087f   Thumb Code   222  ddiv.o(.text)
    __ARM_scalbn                             0x0800095d   Thumb Code    46  dscalb.o(.text)
    scalbn                                   0x0800095d   Thumb Code     0  dscalb.o(.text)
    __aeabi_d2ulz                            0x0800098b   Thumb Code    48  dfixul.o(.text)
    __scatterload                            0x080009bd   Thumb Code    28  init.o(.text)
    __scatterload_rt2                        0x080009bd   Thumb Code     0  init.o(.text)
    _dsqrt                                   0x080009e1   Thumb Code   162  dsqrt.o(.text)
    ADC_ConfigureBoostMode                   0x08000a85   Thumb Code   268  stm32h7xx_hal_adc.o(i.ADC_ConfigureBoostMode)
    ADC_Disable                              0x08000bad   Thumb Code   128  stm32h7xx_hal_adc.o(i.ADC_Disable)
    ADC_Enable                               0x08000c31   Thumb Code   170  stm32h7xx_hal_adc.o(i.ADC_Enable)
    BusFault_Handler                         0x08000cf1   Thumb Code     2  stm32h7xx_it.o(i.BusFault_Handler)
    CarAngle_PID_Control                     0x08000cf5   Thumb Code    36  control.o(i.CarAngle_PID_Control)
    Control_Init                             0x08000d1d   Thumb Code   500  control.o(i.Control_Init)
    DMA1_Stream0_IRQHandler                  0x08000f25   Thumb Code     6  stm32h7xx_it.o(i.DMA1_Stream0_IRQHandler)
    DMA1_Stream1_IRQHandler                  0x08000f31   Thumb Code     6  stm32h7xx_it.o(i.DMA1_Stream1_IRQHandler)
    DMA1_Stream2_IRQHandler                  0x08000f3d   Thumb Code     6  stm32h7xx_it.o(i.DMA1_Stream2_IRQHandler)
    DMA1_Stream3_IRQHandler                  0x08000f49   Thumb Code     6  stm32h7xx_it.o(i.DMA1_Stream3_IRQHandler)
    DMA1_Stream4_IRQHandler                  0x08000f55   Thumb Code     6  stm32h7xx_it.o(i.DMA1_Stream4_IRQHandler)
    DMA1_Stream5_IRQHandler                  0x08000f61   Thumb Code     6  stm32h7xx_it.o(i.DMA1_Stream5_IRQHandler)
    DMA1_Stream6_IRQHandler                  0x08000f6d   Thumb Code     6  stm32h7xx_it.o(i.DMA1_Stream6_IRQHandler)
    DMA2_Stream1_IRQHandler                  0x08000f79   Thumb Code     6  stm32h7xx_it.o(i.DMA2_Stream1_IRQHandler)
    DebugMon_Handler                         0x08001415   Thumb Code     2  stm32h7xx_it.o(i.DebugMon_Handler)
    E2P_Check                                0x08001417   Thumb Code    46  eeprom.o(i.E2P_Check)
    E2P_ReadFloatNum                         0x08001445   Thumb Code    30  eeprom.o(i.E2P_ReadFloatNum)
    E2P_ReadLenByte                          0x08001463   Thumb Code    42  eeprom.o(i.E2P_ReadLenByte)
    E2P_Read_allParam                        0x0800148d   Thumb Code   340  eeprom.o(i.E2P_Read_allParam)
    E2P_WriteFloatNum                        0x080015e5   Thumb Code    28  eeprom.o(i.E2P_WriteFloatNum)
    E2P_WriteLenByte                         0x08001601   Thumb Code    42  eeprom.o(i.E2P_WriteLenByte)
    E2P_read_byte                            0x0800162d   Thumb Code    66  eeprom.o(i.E2P_read_byte)
    E2P_write_byte                           0x08001675   Thumb Code    56  eeprom.o(i.E2P_write_byte)
    Error_Handler                            0x080016b1   Thumb Code     4  main.o(i.Error_Handler)
    FDCAN1_Config                            0x080016b5   Thumb Code    94  bsp_can.o(i.FDCAN1_Config)
    FDCAN1_IT0_IRQHandler                    0x08001719   Thumb Code     6  stm32h7xx_it.o(i.FDCAN1_IT0_IRQHandler)
    Get_Motor_Speed                          0x080019fd   Thumb Code    94  control.o(i.Get_Motor_Speed)
    Get_NameLen                              0x08001a71   Thumb Code    24  ui.o(i.Get_NameLen)
    HAL_ADCEx_Calibration_Start              0x08001b6d   Thumb Code   156  stm32h7xx_hal_adc_ex.o(i.HAL_ADCEx_Calibration_Start)
    HAL_ADCEx_MultiModeConfigChannel         0x08001c11   Thumb Code   274  stm32h7xx_hal_adc_ex.o(i.HAL_ADCEx_MultiModeConfigChannel)
    HAL_ADC_ConfigChannel                    0x08001d39   Thumb Code   970  stm32h7xx_hal_adc.o(i.HAL_ADC_ConfigChannel)
    HAL_ADC_GetValue                         0x08002139   Thumb Code     6  stm32h7xx_hal_adc.o(i.HAL_ADC_GetValue)
    HAL_ADC_Init                             0x08002141   Thumb Code   510  stm32h7xx_hal_adc.o(i.HAL_ADC_Init)
    HAL_ADC_MspInit                          0x0800236d   Thumb Code   134  adc.o(i.HAL_ADC_MspInit)
    HAL_ADC_Start                            0x08002405   Thumb Code   238  stm32h7xx_hal_adc.o(i.HAL_ADC_Start)
    HAL_DMA_Abort                            0x08002509   Thumb Code   880  stm32h7xx_hal_dma.o(i.HAL_DMA_Abort)
    HAL_DMA_Abort_IT                         0x08002885   Thumb Code   674  stm32h7xx_hal_dma.o(i.HAL_DMA_Abort_IT)
    HAL_DMA_IRQHandler                       0x08002b35   Thumb Code  1948  stm32h7xx_hal_dma.o(i.HAL_DMA_IRQHandler)
    HAL_DMA_Init                             0x080032dd   Thumb Code   994  stm32h7xx_hal_dma.o(i.HAL_DMA_Init)
    HAL_DMA_Start_IT                         0x080036d9   Thumb Code   734  stm32h7xx_hal_dma.o(i.HAL_DMA_Start_IT)
    HAL_FDCAN_ActivateNotification           0x080039c5   Thumb Code   122  stm32h7xx_hal_fdcan.o(i.HAL_FDCAN_ActivateNotification)
    HAL_FDCAN_AddMessageToTxFifoQ            0x08003a49   Thumb Code   108  stm32h7xx_hal_fdcan.o(i.HAL_FDCAN_AddMessageToTxFifoQ)
    HAL_FDCAN_ClockCalibrationCallback       0x08003ab5   Thumb Code     2  stm32h7xx_hal_fdcan.o(i.HAL_FDCAN_ClockCalibrationCallback)
    HAL_FDCAN_ConfigFilter                   0x08003ab7   Thumb Code   136  stm32h7xx_hal_fdcan.o(i.HAL_FDCAN_ConfigFilter)
    HAL_FDCAN_ConfigGlobalFilter             0x08003b3f   Thumb Code    48  stm32h7xx_hal_fdcan.o(i.HAL_FDCAN_ConfigGlobalFilter)
    HAL_FDCAN_ErrorCallback                  0x08003b6f   Thumb Code     2  stm32h7xx_hal_fdcan.o(i.HAL_FDCAN_ErrorCallback)
    HAL_FDCAN_ErrorStatusCallback            0x08003b71   Thumb Code     2  stm32h7xx_hal_fdcan.o(i.HAL_FDCAN_ErrorStatusCallback)
    HAL_FDCAN_GetRxMessage                   0x08003b75   Thumb Code   418  stm32h7xx_hal_fdcan.o(i.HAL_FDCAN_GetRxMessage)
    HAL_FDCAN_HighPriorityMessageCallback    0x08003d1d   Thumb Code     2  stm32h7xx_hal_fdcan.o(i.HAL_FDCAN_HighPriorityMessageCallback)
    HAL_FDCAN_IRQHandler                     0x08003d21   Thumb Code   734  stm32h7xx_hal_fdcan.o(i.HAL_FDCAN_IRQHandler)
    HAL_FDCAN_Init                           0x0800400d   Thumb Code   608  stm32h7xx_hal_fdcan.o(i.HAL_FDCAN_Init)
    HAL_FDCAN_MspInit                        0x08004275   Thumb Code   142  fdcan.o(i.HAL_FDCAN_MspInit)
    HAL_FDCAN_RxBufferNewMessageCallback     0x08004311   Thumb Code     2  stm32h7xx_hal_fdcan.o(i.HAL_FDCAN_RxBufferNewMessageCallback)
    HAL_FDCAN_RxFifo0Callback                0x08004315   Thumb Code    96  bsp_can.o(i.HAL_FDCAN_RxFifo0Callback)
    HAL_FDCAN_RxFifo1Callback                0x08004381   Thumb Code     2  stm32h7xx_hal_fdcan.o(i.HAL_FDCAN_RxFifo1Callback)
    HAL_FDCAN_Start                          0x08004383   Thumb Code    48  stm32h7xx_hal_fdcan.o(i.HAL_FDCAN_Start)
    HAL_FDCAN_TT_GlobalTimeCallback          0x080043b3   Thumb Code     2  stm32h7xx_hal_fdcan.o(i.HAL_FDCAN_TT_GlobalTimeCallback)
    HAL_FDCAN_TT_ScheduleSyncCallback        0x080043b5   Thumb Code     2  stm32h7xx_hal_fdcan.o(i.HAL_FDCAN_TT_ScheduleSyncCallback)
    HAL_FDCAN_TT_StopWatchCallback           0x080043b7   Thumb Code     2  stm32h7xx_hal_fdcan.o(i.HAL_FDCAN_TT_StopWatchCallback)
    HAL_FDCAN_TT_TimeMarkCallback            0x080043b9   Thumb Code     2  stm32h7xx_hal_fdcan.o(i.HAL_FDCAN_TT_TimeMarkCallback)
    HAL_FDCAN_TimeoutOccurredCallback        0x080043bb   Thumb Code     2  stm32h7xx_hal_fdcan.o(i.HAL_FDCAN_TimeoutOccurredCallback)
    HAL_FDCAN_TimestampWraparoundCallback    0x080043bd   Thumb Code     2  stm32h7xx_hal_fdcan.o(i.HAL_FDCAN_TimestampWraparoundCallback)
    HAL_FDCAN_TxBufferAbortCallback          0x080043bf   Thumb Code     2  stm32h7xx_hal_fdcan.o(i.HAL_FDCAN_TxBufferAbortCallback)
    HAL_FDCAN_TxBufferCompleteCallback       0x080043c1   Thumb Code     2  stm32h7xx_hal_fdcan.o(i.HAL_FDCAN_TxBufferCompleteCallback)
    HAL_FDCAN_TxEventFifoCallback            0x080043c3   Thumb Code     2  stm32h7xx_hal_fdcan.o(i.HAL_FDCAN_TxEventFifoCallback)
    HAL_FDCAN_TxFifoEmptyCallback            0x080043c5   Thumb Code     2  stm32h7xx_hal_fdcan.o(i.HAL_FDCAN_TxFifoEmptyCallback)
    HAL_GPIO_Init                            0x080043c9   Thumb Code   498  stm32h7xx_hal_gpio.o(i.HAL_GPIO_Init)
    HAL_GPIO_ReadPin                         0x080045ed   Thumb Code    14  stm32h7xx_hal_gpio.o(i.HAL_GPIO_ReadPin)
    HAL_GPIO_WritePin                        0x080045fb   Thumb Code    14  stm32h7xx_hal_gpio.o(i.HAL_GPIO_WritePin)
    HAL_GetREVID                             0x08004609   Thumb Code     8  stm32h7xx_hal.o(i.HAL_GetREVID)
    HAL_GetTick                              0x08004615   Thumb Code     6  stm32h7xx_hal.o(i.HAL_GetTick)
    HAL_I2CEx_ConfigAnalogFilter             0x08004621   Thumb Code    90  stm32h7xx_hal_i2c_ex.o(i.HAL_I2CEx_ConfigAnalogFilter)
    HAL_I2CEx_ConfigDigitalFilter            0x0800467b   Thumb Code    86  stm32h7xx_hal_i2c_ex.o(i.HAL_I2CEx_ConfigDigitalFilter)
    HAL_I2CEx_EnableFastModePlus             0x080046d1   Thumb Code    30  stm32h7xx_hal_i2c_ex.o(i.HAL_I2CEx_EnableFastModePlus)
    HAL_I2C_Init                             0x080046f9   Thumb Code   198  stm32h7xx_hal_i2c.o(i.HAL_I2C_Init)
    HAL_I2C_Master_Receive                   0x080047c5   Thumb Code   324  stm32h7xx_hal_i2c.o(i.HAL_I2C_Master_Receive)
    HAL_I2C_Master_Transmit                  0x08004911   Thumb Code   356  stm32h7xx_hal_i2c.o(i.HAL_I2C_Master_Transmit)
    HAL_I2C_MspInit                          0x08004a7d   Thumb Code   228  i2c.o(i.HAL_I2C_MspInit)
    HAL_IncTick                              0x08004b71   Thumb Code    12  stm32h7xx_hal.o(i.HAL_IncTick)
    HAL_Init                                 0x08004b81   Thumb Code    74  stm32h7xx_hal.o(i.HAL_Init)
    HAL_InitTick                             0x08004bdd   Thumb Code    66  stm32h7xx_hal.o(i.HAL_InitTick)
    HAL_MPU_ConfigRegion                     0x08004c29   Thumb Code    78  stm32h7xx_hal_cortex.o(i.HAL_MPU_ConfigRegion)
    HAL_MPU_Disable                          0x08004c7d   Thumb Code    24  stm32h7xx_hal_cortex.o(i.HAL_MPU_Disable)
    HAL_MPU_Enable                           0x08004c99   Thumb Code    30  stm32h7xx_hal_cortex.o(i.HAL_MPU_Enable)
    HAL_MspInit                              0x08004cbd   Thumb Code    56  stm32h7xx_hal_msp.o(i.HAL_MspInit)
    HAL_NVIC_EnableIRQ                       0x08004cf9   Thumb Code    26  stm32h7xx_hal_cortex.o(i.HAL_NVIC_EnableIRQ)
    HAL_NVIC_SetPriority                     0x08004d15   Thumb Code    60  stm32h7xx_hal_cortex.o(i.HAL_NVIC_SetPriority)
    HAL_NVIC_SetPriorityGrouping             0x08004d55   Thumb Code    26  stm32h7xx_hal_cortex.o(i.HAL_NVIC_SetPriorityGrouping)
    HAL_OPAMP_Init                           0x08004d79   Thumb Code   246  stm32h7xx_hal_opamp.o(i.HAL_OPAMP_Init)
    HAL_OPAMP_MspInit                        0x08004e79   Thumb Code   194  opamp.o(i.HAL_OPAMP_MspInit)
    HAL_OPAMP_Start                          0x08004f55   Thumb Code    54  stm32h7xx_hal_opamp.o(i.HAL_OPAMP_Start)
    HAL_PWREx_ConfigSupply                   0x08004f8d   Thumb Code    82  stm32h7xx_hal_pwr_ex.o(i.HAL_PWREx_ConfigSupply)
    HAL_RCCEx_GetD3PCLK1Freq                 0x08004fe5   Thumb Code    26  stm32h7xx_hal_rcc_ex.o(i.HAL_RCCEx_GetD3PCLK1Freq)
    HAL_RCCEx_GetPLL1ClockFreq               0x08005009   Thumb Code   424  stm32h7xx_hal_rcc_ex.o(i.HAL_RCCEx_GetPLL1ClockFreq)
    HAL_RCCEx_GetPLL2ClockFreq               0x080051c9   Thumb Code   424  stm32h7xx_hal_rcc_ex.o(i.HAL_RCCEx_GetPLL2ClockFreq)
    HAL_RCCEx_GetPLL3ClockFreq               0x08005389   Thumb Code   424  stm32h7xx_hal_rcc_ex.o(i.HAL_RCCEx_GetPLL3ClockFreq)
    HAL_RCCEx_GetPeriphCLKFreq               0x08005549   Thumb Code  1514  stm32h7xx_hal_rcc_ex.o(i.HAL_RCCEx_GetPeriphCLKFreq)
    HAL_RCCEx_PeriphCLKConfig                0x08005b35   Thumb Code  2558  stm32h7xx_hal_rcc_ex.o(i.HAL_RCCEx_PeriphCLKConfig)
    HAL_RCC_ClockConfig                      0x08006539   Thumb Code   604  stm32h7xx_hal_rcc.o(i.HAL_RCC_ClockConfig)
    HAL_RCC_GetHCLKFreq                      0x080067b5   Thumb Code    52  stm32h7xx_hal_rcc.o(i.HAL_RCC_GetHCLKFreq)
    HAL_RCC_GetPCLK1Freq                     0x080067f9   Thumb Code    26  stm32h7xx_hal_rcc.o(i.HAL_RCC_GetPCLK1Freq)
    HAL_RCC_GetPCLK2Freq                     0x0800681d   Thumb Code    26  stm32h7xx_hal_rcc.o(i.HAL_RCC_GetPCLK2Freq)
    HAL_RCC_GetSysClockFreq                  0x08006841   Thumb Code   402  stm32h7xx_hal_rcc.o(i.HAL_RCC_GetSysClockFreq)
    HAL_RCC_OscConfig                        0x080069f5   Thumb Code  1664  stm32h7xx_hal_rcc.o(i.HAL_RCC_OscConfig)
    HAL_RNG_GenerateRandomNumber             0x08007079   Thumb Code   124  stm32h7xx_hal_rng.o(i.HAL_RNG_GenerateRandomNumber)
    HAL_RNG_Init                             0x080070f5   Thumb Code   140  stm32h7xx_hal_rng.o(i.HAL_RNG_Init)
    HAL_RNG_MspInit                          0x08007181   Thumb Code    68  rng.o(i.HAL_RNG_MspInit)
    HAL_SPI_ErrorCallback                    0x080071cd   Thumb Code     2  stm32h7xx_hal_spi.o(i.HAL_SPI_ErrorCallback)
    HAL_SPI_IRQHandler                       0x080071d1   Thumb Code   554  stm32h7xx_hal_spi.o(i.HAL_SPI_IRQHandler)
    HAL_SPI_Init                             0x08007401   Thumb Code   360  stm32h7xx_hal_spi.o(i.HAL_SPI_Init)
    HAL_SPI_MspInit                          0x08007575   Thumb Code   422  spi.o(i.HAL_SPI_MspInit)
    HAL_SPI_RxCpltCallback                   0x08007741   Thumb Code     2  stm32h7xx_hal_spi.o(i.HAL_SPI_RxCpltCallback)
    HAL_SPI_SuspendCallback                  0x08007743   Thumb Code     2  stm32h7xx_hal_spi.o(i.HAL_SPI_SuspendCallback)
    HAL_SPI_Transmit                         0x08007745   Thumb Code   624  stm32h7xx_hal_spi.o(i.HAL_SPI_Transmit)
    HAL_SPI_TxCpltCallback                   0x080079b5   Thumb Code     2  stm32h7xx_hal_spi.o(i.HAL_SPI_TxCpltCallback)
    HAL_SPI_TxRxCpltCallback                 0x080079b7   Thumb Code     2  stm32h7xx_hal_spi.o(i.HAL_SPI_TxRxCpltCallback)
    HAL_SYSCFG_AnalogSwitchConfig            0x080079b9   Thumb Code    12  stm32h7xx_hal.o(i.HAL_SYSCFG_AnalogSwitchConfig)
    HAL_SYSCFG_DisableVREFBUF                0x080079c9   Thumb Code    12  stm32h7xx_hal.o(i.HAL_SYSCFG_DisableVREFBUF)
    HAL_SYSCFG_VREFBUF_HighImpedanceConfig   0x080079d9   Thumb Code    14  stm32h7xx_hal.o(i.HAL_SYSCFG_VREFBUF_HighImpedanceConfig)
    HAL_SYSTICK_CLKSourceConfig              0x080079ed   Thumb Code    28  stm32h7xx_hal_cortex.o(i.HAL_SYSTICK_CLKSourceConfig)
    HAL_SYSTICK_Config                       0x08007a09   Thumb Code    40  stm32h7xx_hal_cortex.o(i.HAL_SYSTICK_Config)
    HAL_TIMEx_Break2Callback                 0x08007a31   Thumb Code     2  stm32h7xx_hal_tim_ex.o(i.HAL_TIMEx_Break2Callback)
    HAL_TIMEx_BreakCallback                  0x08007a33   Thumb Code     2  stm32h7xx_hal_tim_ex.o(i.HAL_TIMEx_BreakCallback)
    HAL_TIMEx_CommutCallback                 0x08007a35   Thumb Code     2  stm32h7xx_hal_tim_ex.o(i.HAL_TIMEx_CommutCallback)
    HAL_TIMEx_ConfigBreakDeadTime            0x08007a39   Thumb Code   132  stm32h7xx_hal_tim_ex.o(i.HAL_TIMEx_ConfigBreakDeadTime)
    HAL_TIMEx_MasterConfigSynchronization    0x08007ac5   Thumb Code   132  stm32h7xx_hal_tim_ex.o(i.HAL_TIMEx_MasterConfigSynchronization)
    HAL_TIMEx_PWMN_Start_DMA                 0x08007b65   Thumb Code   402  stm32h7xx_hal_tim_ex.o(i.HAL_TIMEx_PWMN_Start_DMA)
    HAL_TIM_Base_Init                        0x08007d25   Thumb Code    78  stm32h7xx_hal_tim.o(i.HAL_TIM_Base_Init)
    HAL_TIM_Base_MspInit                     0x08007d75   Thumb Code   198  tim.o(i.HAL_TIM_Base_MspInit)
    HAL_TIM_Base_Start_IT                    0x08007e55   Thumb Code   116  stm32h7xx_hal_tim.o(i.HAL_TIM_Base_Start_IT)
    HAL_TIM_ConfigClockSource                0x08007ee9   Thumb Code   260  stm32h7xx_hal_tim.o(i.HAL_TIM_ConfigClockSource)
    HAL_TIM_ErrorCallback                    0x08007ff1   Thumb Code     2  stm32h7xx_hal_tim.o(i.HAL_TIM_ErrorCallback)
    HAL_TIM_IC_CaptureCallback               0x08007ff3   Thumb Code     2  stm32h7xx_hal_tim.o(i.HAL_TIM_IC_CaptureCallback)
    HAL_TIM_IRQHandler                       0x08007ff5   Thumb Code   338  stm32h7xx_hal_tim.o(i.HAL_TIM_IRQHandler)
    HAL_TIM_MspPostInit                      0x08008149   Thumb Code   118  tim.o(i.HAL_TIM_MspPostInit)
    HAL_TIM_OC_DelayElapsedCallback          0x080081d1   Thumb Code     2  stm32h7xx_hal_tim.o(i.HAL_TIM_OC_DelayElapsedCallback)
    HAL_TIM_PWM_ConfigChannel                0x080081d3   Thumb Code   310  stm32h7xx_hal_tim.o(i.HAL_TIM_PWM_ConfigChannel)
    HAL_TIM_PWM_Init                         0x08008309   Thumb Code    78  stm32h7xx_hal_tim.o(i.HAL_TIM_PWM_Init)
    HAL_TIM_PWM_MspInit                      0x08008357   Thumb Code     2  stm32h7xx_hal_tim.o(i.HAL_TIM_PWM_MspInit)
    HAL_TIM_PWM_PulseFinishedCallback        0x08008359   Thumb Code     2  stm32h7xx_hal_tim.o(i.HAL_TIM_PWM_PulseFinishedCallback)
    HAL_TIM_PWM_PulseFinishedHalfCpltCallback 0x0800835b   Thumb Code     2  stm32h7xx_hal_tim.o(i.HAL_TIM_PWM_PulseFinishedHalfCpltCallback)
    HAL_TIM_PeriodElapsedCallback            0x0800835d   Thumb Code   300  tim.o(i.HAL_TIM_PeriodElapsedCallback)
    HAL_TIM_TriggerCallback                  0x080084bd   Thumb Code     2  stm32h7xx_hal_tim.o(i.HAL_TIM_TriggerCallback)
    HAL_UARTEx_DisableFifoMode               0x080084bf   Thumb Code    62  stm32h7xx_hal_uart_ex.o(i.HAL_UARTEx_DisableFifoMode)
    HAL_UARTEx_ReceiveToIdle_DMA             0x080084fd   Thumb Code    82  stm32h7xx_hal_uart_ex.o(i.HAL_UARTEx_ReceiveToIdle_DMA)
    HAL_UARTEx_RxEventCallback               0x08008551   Thumb Code    90  uart_unpack.o(i.HAL_UARTEx_RxEventCallback)
    HAL_UARTEx_RxFifoFullCallback            0x080085c1   Thumb Code     2  stm32h7xx_hal_uart_ex.o(i.HAL_UARTEx_RxFifoFullCallback)
    HAL_UARTEx_SetRxFifoThreshold            0x080085c3   Thumb Code    76  stm32h7xx_hal_uart_ex.o(i.HAL_UARTEx_SetRxFifoThreshold)
    HAL_UARTEx_SetTxFifoThreshold            0x0800860f   Thumb Code    76  stm32h7xx_hal_uart_ex.o(i.HAL_UARTEx_SetTxFifoThreshold)
    HAL_UARTEx_TxFifoEmptyCallback           0x0800865b   Thumb Code     2  stm32h7xx_hal_uart_ex.o(i.HAL_UARTEx_TxFifoEmptyCallback)
    HAL_UARTEx_WakeupCallback                0x0800865d   Thumb Code     2  stm32h7xx_hal_uart_ex.o(i.HAL_UARTEx_WakeupCallback)
    HAL_UART_ErrorCallback                   0x0800865f   Thumb Code     2  stm32h7xx_hal_uart.o(i.HAL_UART_ErrorCallback)
    HAL_UART_IRQHandler                      0x08008661   Thumb Code   894  stm32h7xx_hal_uart.o(i.HAL_UART_IRQHandler)
    HAL_UART_Init                            0x080089f5   Thumb Code   112  stm32h7xx_hal_uart.o(i.HAL_UART_Init)
    HAL_UART_MspInit                         0x08008a65   Thumb Code   954  usart.o(i.HAL_UART_MspInit)
    HAL_UART_RxCpltCallback                  0x08008e55   Thumb Code     2  stm32h7xx_hal_uart.o(i.HAL_UART_RxCpltCallback)
    HAL_UART_RxHalfCpltCallback              0x08008e57   Thumb Code     2  stm32h7xx_hal_uart.o(i.HAL_UART_RxHalfCpltCallback)
    HAL_UART_Transmit_DMA                    0x08008e59   Thumb Code   130  stm32h7xx_hal_uart.o(i.HAL_UART_Transmit_DMA)
    HAL_UART_TxCpltCallback                  0x08008ee9   Thumb Code     2  stm32h7xx_hal_uart.o(i.HAL_UART_TxCpltCallback)
    HAL_UART_TxHalfCpltCallback              0x08008eeb   Thumb Code     2  stm32h7xx_hal_uart.o(i.HAL_UART_TxHalfCpltCallback)
    HardFault_Handler                        0x08008eed   Thumb Code     2  stm32h7xx_it.o(i.HardFault_Handler)
    MX_ADC1_Init                             0x0800929d   Thumb Code   168  adc.o(i.MX_ADC1_Init)
    MX_ADC3_Init                             0x08009351   Thumb Code   146  adc.o(i.MX_ADC3_Init)
    MX_DMA_Init                              0x080093f1   Thumb Code   168  dma.o(i.MX_DMA_Init)
    MX_FDCAN1_Init                           0x0800949d   Thumb Code    94  fdcan.o(i.MX_FDCAN1_Init)
    MX_GPIO_Init                             0x08009505   Thumb Code   300  gpio.o(i.MX_GPIO_Init)
    MX_I2C1_Init                             0x08009649   Thumb Code    78  i2c.o(i.MX_I2C1_Init)
    MX_I2C2_Init                             0x080096a5   Thumb Code    76  i2c.o(i.MX_I2C2_Init)
    MX_OPAMP1_Init                           0x080096fd   Thumb Code    38  opamp.o(i.MX_OPAMP1_Init)
    MX_OPAMP2_Init                           0x0800972d   Thumb Code    38  opamp.o(i.MX_OPAMP2_Init)
    MX_RNG_Init                              0x0800975d   Thumb Code    30  rng.o(i.MX_RNG_Init)
    MX_SPI1_Init                             0x08009785   Thumb Code    86  spi.o(i.MX_SPI1_Init)
    MX_SPI2_Init                             0x080097e5   Thumb Code    84  spi.o(i.MX_SPI2_Init)
    MX_SPI3_Init                             0x08009841   Thumb Code    84  spi.o(i.MX_SPI3_Init)
    MX_TIM12_Init                            0x0800989d   Thumb Code    96  tim.o(i.MX_TIM12_Init)
    MX_TIM15_Init                            0x08009905   Thumb Code    98  tim.o(i.MX_TIM15_Init)
    MX_TIM1_Init                             0x08009971   Thumb Code   206  tim.o(i.MX_TIM1_Init)
    MX_TIM2_Init                             0x08009a49   Thumb Code   148  tim.o(i.MX_TIM2_Init)
    MX_UART4_Init                            0x08009ae1   Thumb Code    94  usart.o(i.MX_UART4_Init)
    MX_UART7_Init                            0x08009b49   Thumb Code    94  usart.o(i.MX_UART7_Init)
    MX_UART8_Init                            0x08009bb1   Thumb Code    94  usart.o(i.MX_UART8_Init)
    MX_USART1_UART_Init                      0x08009c19   Thumb Code   102  usart.o(i.MX_USART1_UART_Init)
    MX_USART2_UART_Init                      0x08009c89   Thumb Code    94  usart.o(i.MX_USART2_UART_Init)
    MemManage_Handler                        0x08009cf1   Thumb Code     2  stm32h7xx_it.o(i.MemManage_Handler)
    MotorSpeed_PID_Control                   0x08009cf5   Thumb Code    76  control.o(i.MotorSpeed_PID_Control)
    NMI_Handler                              0x08009d45   Thumb Code     2  stm32h7xx_it.o(i.NMI_Handler)
    PendSV_Handler                           0x08009d47   Thumb Code     2  stm32h7xx_it.o(i.PendSV_Handler)
    PeriphCommonClock_Config                 0x08009d49   Thumb Code    70  main.o(i.PeriphCommonClock_Config)
    SPI1_IRQHandler                          0x08009fd9   Thumb Code     6  stm32h7xx_it.o(i.SPI1_IRQHandler)
    SVC_Handler                              0x0800a10d   Thumb Code     2  stm32h7xx_it.o(i.SVC_Handler)
    Set_Motor_Speed                          0x0800a111   Thumb Code    52  control.o(i.Set_Motor_Speed)
    SysTick_Handler                          0x0800a14d   Thumb Code     4  stm32h7xx_it.o(i.SysTick_Handler)
    SystemClock_Config                       0x0800a151   Thumb Code   212  main.o(i.SystemClock_Config)
    SystemInit                               0x0800a231   Thumb Code   178  system_stm32h7xx.o(i.SystemInit)
    TFTSPI_Addr_Rst                          0x0800a30d   Thumb Code    50  lcd_st7789s.o(i.TFTSPI_Addr_Rst)
    TFTSPI_CLS                               0x0800a341   Thumb Code    62  lcd_st7789s.o(i.TFTSPI_CLS)
    TFTSPI_Draw_Dot                          0x0800a389   Thumb Code    22  lcd_st7789s.o(i.TFTSPI_Draw_Dot)
    TFTSPI_Draw_Line                         0x0800a39f   Thumb Code   370  lcd_st7789s.o(i.TFTSPI_Draw_Line)
    TFTSPI_Draw_Part                         0x0800a511   Thumb Code    96  lcd_st7789s.o(i.TFTSPI_Draw_Part)
    TFTSPI_Draw_Rectangle                    0x0800a579   Thumb Code    74  lcd_st7789s.o(i.TFTSPI_Draw_Rectangle)
    TFTSPI_Init                              0x0800a5c5   Thumb Code   406  lcd_st7789s.o(i.TFTSPI_Init)
    TFTSPI_Set_Pos                           0x0800a761   Thumb Code    62  lcd_st7789s.o(i.TFTSPI_Set_Pos)
    TFTSPI_Write_Byte                        0x0800a7a1   Thumb Code    38  lcd_st7789s.o(i.TFTSPI_Write_Byte)
    TFTSPI_Write_Cmd                         0x0800a7d5   Thumb Code    38  lcd_st7789s.o(i.TFTSPI_Write_Cmd)
    TFTSPI_Write_halfWord                    0x0800a809   Thumb Code    54  lcd_st7789s.o(i.TFTSPI_Write_halfWord)
    TFT_Printf                               0x0800a84d   Thumb Code    48  lcd_st7789s.o(i.TFT_Printf)
    TFT_ShowChar                             0x0800a87d   Thumb Code   440  lcd_st7789s.o(i.TFT_ShowChar)
    TFT_ShowString                           0x0800aa45   Thumb Code   168  lcd_st7789s.o(i.TFT_ShowString)
    TIM15_IRQHandler                         0x0800aaed   Thumb Code     6  stm32h7xx_it.o(i.TIM15_IRQHandler)
    TIM8_BRK_TIM12_IRQHandler                0x0800aaf9   Thumb Code     6  stm32h7xx_it.o(i.TIM8_BRK_TIM12_IRQHandler)
    TIM_Base_SetConfig                       0x0800ab05   Thumb Code   174  stm32h7xx_hal_tim.o(i.TIM_Base_SetConfig)
    TIM_DMADelayPulseHalfCplt                0x0800abef   Thumb Code    62  stm32h7xx_hal_tim.o(i.TIM_DMADelayPulseHalfCplt)
    TIM_ETR_SetConfig                        0x0800acb5   Thumb Code    20  stm32h7xx_hal_tim.o(i.TIM_ETR_SetConfig)
    TIM_OC2_SetConfig                        0x0800ad7d   Thumb Code   124  stm32h7xx_hal_tim.o(i.TIM_OC2_SetConfig)
    TargetDistance_PID_Control               0x0800b041   Thumb Code    30  control.o(i.TargetDistance_PID_Control)
    UART4_IRQHandler                         0x0800b06d   Thumb Code    22  stm32h7xx_it.o(i.UART4_IRQHandler)
    UART7_IRQHandler                         0x0800b08d   Thumb Code     6  stm32h7xx_it.o(i.UART7_IRQHandler)
    UART8_IRQHandler                         0x0800b099   Thumb Code    22  stm32h7xx_it.o(i.UART8_IRQHandler)
    UART_AdvFeatureConfig                    0x0800b101   Thumb Code   200  stm32h7xx_hal_uart.o(i.UART_AdvFeatureConfig)
    UART_CheckIdleState                      0x0800b1c9   Thumb Code   170  stm32h7xx_hal_uart.o(i.UART_CheckIdleState)
    UART_SetConfig                           0x0800b471   Thumb Code  1168  stm32h7xx_hal_uart.o(i.UART_SetConfig)
    UART_Start_Receive_DMA                   0x0800b901   Thumb Code   152  stm32h7xx_hal_uart.o(i.UART_Start_Receive_DMA)
    UART_WaitOnFlagUntilTimeout              0x0800b9a5   Thumb Code   152  stm32h7xx_hal_uart.o(i.UART_WaitOnFlagUntilTimeout)
    UI_Show_menu                             0x0800ba3d   Thumb Code   114  ui.o(i.UI_Show_menu)
    USART1_IRQHandler                        0x0800bac1   Thumb Code    22  stm32h7xx_it.o(i.USART1_IRQHandler)
    UsageFault_Handler                       0x0800bae1   Thumb Code     2  stm32h7xx_it.o(i.UsageFault_Handler)
    WS2812_Init                              0x0800bae5   Thumb Code    74  ws2812.o(i.WS2812_Init)
    WS2812_LED_Set                           0x0800bb3d   Thumb Code    88  ws2812.o(i.WS2812_LED_Set)
    __0vsnprintf                             0x0800bb99   Thumb Code    46  printfa.o(i.__0vsnprintf)
    __1vsnprintf                             0x0800bb99   Thumb Code     0  printfa.o(i.__0vsnprintf)
    __2vsnprintf                             0x0800bb99   Thumb Code     0  printfa.o(i.__0vsnprintf)
    __c89vsnprintf                           0x0800bb99   Thumb Code     0  printfa.o(i.__0vsnprintf)
    vsnprintf                                0x0800bb99   Thumb Code     0  printfa.o(i.__0vsnprintf)
    __0vsprintf                              0x0800bbcd   Thumb Code    30  printfa.o(i.__0vsprintf)
    __1vsprintf                              0x0800bbcd   Thumb Code     0  printfa.o(i.__0vsprintf)
    __2vsprintf                              0x0800bbcd   Thumb Code     0  printfa.o(i.__0vsprintf)
    __c89vsprintf                            0x0800bbcd   Thumb Code     0  printfa.o(i.__0vsprintf)
    vsprintf                                 0x0800bbcd   Thumb Code     0  printfa.o(i.__0vsprintf)
    __ARM_fpclassify                         0x0800bbf1   Thumb Code    48  fpclassify.o(i.__ARM_fpclassify)
    __hardfp_fabs                            0x0800bc41   Thumb Code    20  fabs.o(i.__hardfp_fabs)
    __hardfp_pow                             0x0800bc59   Thumb Code  3072  pow.o(i.__hardfp_pow)
    __kernel_poly                            0x0800c8a9   Thumb Code   248  poly.o(i.__kernel_poly)
    __mathlib_dbl_divzero                    0x0800c9a1   Thumb Code    28  dunder.o(i.__mathlib_dbl_divzero)
    __mathlib_dbl_infnan2                    0x0800c9d1   Thumb Code    20  dunder.o(i.__mathlib_dbl_infnan2)
    __mathlib_dbl_invalid                    0x0800c9e9   Thumb Code    24  dunder.o(i.__mathlib_dbl_invalid)
    __mathlib_dbl_overflow                   0x0800ca09   Thumb Code    24  dunder.o(i.__mathlib_dbl_overflow)
    __mathlib_dbl_underflow                  0x0800ca29   Thumb Code    24  dunder.o(i.__mathlib_dbl_underflow)
    __scatterload_copy                       0x0800ca49   Thumb Code    14  handlers.o(i.__scatterload_copy)
    __scatterload_null                       0x0800ca57   Thumb Code     2  handlers.o(i.__scatterload_null)
    __scatterload_zeroinit                   0x0800ca59   Thumb Code    14  handlers.o(i.__scatterload_zeroinit)
    __set_errno                              0x0800ca69   Thumb Code     6  errno.o(i.__set_errno)
    delay_init                               0x0800d321   Thumb Code    16  delay.o(i.delay_init)
    delay_ms                                 0x0800d335   Thumb Code    54  delay.o(i.delay_ms)
    delay_us                                 0x0800d36d   Thumb Code    50  delay.o(i.delay_us)
    fabs                                     0x0800d3a5   Thumb Code    24  fabs.o(i.fabs)
    getDigits                                0x0800d3bd   Thumb Code    58  ui.o(i.getDigits)
    get_battery_voltage                      0x0800d3fd   Thumb Code    32  control.o(i.get_battery_voltage)
    get_moto_measure                         0x0800d429   Thumb Code   108  bsp_can.o(i.get_moto_measure)
    get_potentiometer_voltage                0x0800d49d   Thumb Code    44  control.o(i.get_potentiometer_voltage)
    key_scan                                 0x0800d4d5   Thumb Code   174  key.o(i.key_scan)
    main                                     0x0800d591   Thumb Code   400  main.o(i.main)
    main_menu                                0x0800d775   Thumb Code    24  ui.o(i.main_menu)
    param_func                               0x0800d791   Thumb Code    26  ui.o(i.param_func)
    pid_init                                 0x0800d9dd   Thumb Code    14  pid.o(i.pid_init)
    potAngle_PID_Control                     0x0800da39   Thumb Code    38  control.o(i.potAngle_PID_Control)
    run_func                                 0x0800da65   Thumb Code   466  ui.o(i.run_func)
    run_menu                                 0x0800dcb5   Thumb Code   698  ui.o(i.run_menu)
    run_parameter                            0x0800df9d   Thumb Code  1466  ui.o(i.run_parameter)
    set_moto_current                         0x0800e565   Thumb Code    70  bsp_can.o(i.set_moto_current)
    sqrt                                     0x0800e5b9   Thumb Code   110  sqrt.o(i.sqrt)
    uart_printf                              0x0800e629   Thumb Code    44  usart.o(i.uart_printf)
    UARTPrescTable                           0x0800e6bc   Data          24  stm32h7xx_hal_uart.o(.constdata)
    D1CorePrescTable                         0x0800e6e4   Data          16  system_stm32h7xx.o(.constdata)
    Font_code8X6                             0x0800e868   Data        1140  lcd_st7789s.o(.constdata)
    Font_code8X16                            0x0800ecdc   Data        3040  lcd_st7789s.o(.constdata)
    Font_code12X24                           0x0800f8bc   Data        9120  lcd_st7789s.o(.constdata)
    Font_code16X32                           0x08011c5c   Data       12160  lcd_st7789s.o(.constdata)
    __mathlib_zero                           0x08014c68   Data           8  qnan.o(.constdata)
    Region$$Table$$Base                      0x08014d64   Number         0  anon$$obj.o(Region$$Table)
    Region$$Table$$Limit                     0x08014d84   Number         0  anon$$obj.o(Region$$Table)
    maodie_GIF                               0x080ac210   Data       1392000  ui.o(.ARM.__AT_0x080AC210)
    tim1_2ms_cnt                             0x24000004   Data           4  tim.o(.data)
    tim1_5ms_cnt                             0x24000008   Data           4  tim.o(.data)
    tim1_10ms_cnt                            0x2400000c   Data           4  tim.o(.data)
    tim1_20ms_cnt                            0x24000010   Data           4  tim.o(.data)
    tim2_10ms_cnt                            0x24000014   Data           4  tim.o(.data)
    tim2_100ms_cnt                           0x24000018   Data           4  tim.o(.data)
    tim2_500ms_cnt                           0x2400001c   Data           4  tim.o(.data)
    tim2_1000ms_cnt                          0x24000020   Data           4  tim.o(.data)
    uwTickFreq                               0x24000024   Data           1  stm32h7xx_hal.o(.data)
    uwTickPrio                               0x24000028   Data           4  stm32h7xx_hal.o(.data)
    uwTick                                   0x2400002c   Data           4  stm32h7xx_hal.o(.data)
    SystemCoreClock                          0x24000030   Data           4  system_stm32h7xx.o(.data)
    SystemD2Clock                            0x24000034   Data           4  system_stm32h7xx.o(.data)
    VS_data_rx_cnt                           0x2400003c   Data           4  uart_unpack.o(.data)
    ui_key_falsh                             0x24000050   Data           1  key.o(.data)
    FlashTimer                               0x24000058   Data           4  bsp_can.o(.data)
    CAN_RxData                               0x2400005c   Data           8  bsp_can.o(.data)
    CAN_TxData                               0x24000064   Data           8  bsp_can.o(.data)
    hadc1                                    0x24000074   Data         100  adc.o(.bss)
    hadc3                                    0x240000d8   Data         100  adc.o(.bss)
    hfdcan1                                  0x2400013c   Data         160  fdcan.o(.bss)
    hi2c1                                    0x240001dc   Data          84  i2c.o(.bss)
    hi2c2                                    0x24000230   Data          84  i2c.o(.bss)
    hopamp1                                  0x24000284   Data          52  opamp.o(.bss)
    hopamp2                                  0x240002b8   Data          52  opamp.o(.bss)
    hrng                                     0x240002ec   Data          20  rng.o(.bss)
    hspi1                                    0x24000300   Data         136  spi.o(.bss)
    hspi2                                    0x24000388   Data         136  spi.o(.bss)
    hspi3                                    0x24000410   Data         136  spi.o(.bss)
    hdma_spi1_tx                             0x24000498   Data         120  spi.o(.bss)
    htim1                                    0x24000510   Data          76  tim.o(.bss)
    htim2                                    0x2400055c   Data          76  tim.o(.bss)
    htim12                                   0x240005a8   Data          76  tim.o(.bss)
    htim15                                   0x240005f4   Data          76  tim.o(.bss)
    hdma_tim1_ch1                            0x24000640   Data         120  tim.o(.bss)
    UserTxBufferFS                           0x240006b8   Data         200  usart.o(.bss)
    huart4                                   0x24000780   Data         148  usart.o(.bss)
    huart7                                   0x24000814   Data         148  usart.o(.bss)
    huart8                                   0x240008a8   Data         148  usart.o(.bss)
    huart1                                   0x2400093c   Data         148  usart.o(.bss)
    huart2                                   0x240009d0   Data         148  usart.o(.bss)
    hdma_uart4_rx                            0x24000a64   Data         120  usart.o(.bss)
    hdma_uart4_tx                            0x24000adc   Data         120  usart.o(.bss)
    hdma_uart7_tx                            0x24000b54   Data         120  usart.o(.bss)
    hdma_uart8_rx                            0x24000bcc   Data         120  usart.o(.bss)
    hdma_uart8_tx                            0x24000c44   Data         120  usart.o(.bss)
    hdma_usart1_rx                           0x24000cbc   Data         120  usart.o(.bss)
    the_car                                  0x24000d34   Data        1048  control.o(.bss)
    USART1_RX_BUF                            0x2400114c   Data         128  uart_unpack.o(.bss)
    UART4_RX_BUF                             0x240011cc   Data         128  uart_unpack.o(.bss)
    UART8_RX_BUF                             0x2400124c   Data         128  uart_unpack.o(.bss)
    WS2812_RGB_Buff                          0x240012cc   Data         296  ws2812.o(.bss)
    moto_chassis                             0x240013f4   Data         192  bsp_can.o(.bss)
    TxHeader1                                0x240014b4   Data          36  bsp_can.o(.bss)
    RxHeader1                                0x240014d8   Data          40  bsp_can.o(.bss)
    __initial_sp                             0x24009500   Data           0  startup_stm32h750xx.o(STACK)



==============================================================================

Memory Map of the image

  Image Entry point : 0x08000299

  Load Region LR_IROM1 (Base: 0x08000000, Size: 0x00014df8, Max: 0x000ac200, ABSOLUTE)

    Execution Region ER_IROM1 (Exec base: 0x08000000, Load base: 0x08000000, Size: 0x00014d84, Max: 0x000ac200, ABSOLUTE)

    Exec Addr    Load Addr    Size         Type   Attr      Idx    E Section Name        Object

    0x08000000   0x08000000   0x00000298   Data   RO            3    RESET               startup_stm32h750xx.o
    0x08000298   0x08000298   0x00000000   Code   RO         7635  * .ARM.Collect$$$$00000000  mc_w.l(entry.o)
    0x08000298   0x08000298   0x00000004   Code   RO         7721    .ARM.Collect$$$$00000001  mc_w.l(entry2.o)
    0x0800029c   0x0800029c   0x00000004   Code   RO         7724    .ARM.Collect$$$$00000004  mc_w.l(entry5.o)
    0x080002a0   0x080002a0   0x00000000   Code   RO         7726    .ARM.Collect$$$$00000008  mc_w.l(entry7b.o)
    0x080002a0   0x080002a0   0x00000000   Code   RO         7728    .ARM.Collect$$$$0000000A  mc_w.l(entry8b.o)
    0x080002a0   0x080002a0   0x00000008   Code   RO         7729    .ARM.Collect$$$$0000000B  mc_w.l(entry9a.o)
    0x080002a8   0x080002a8   0x00000004   Code   RO         7736    .ARM.Collect$$$$0000000E  mc_w.l(entry12b.o)
    0x080002ac   0x080002ac   0x00000000   Code   RO         7731    .ARM.Collect$$$$0000000F  mc_w.l(entry10a.o)
    0x080002ac   0x080002ac   0x00000000   Code   RO         7733    .ARM.Collect$$$$00000011  mc_w.l(entry11a.o)
    0x080002ac   0x080002ac   0x00000004   Code   RO         7722    .ARM.Collect$$$$00002712  mc_w.l(entry2.o)
    0x080002b0   0x080002b0   0x00000024   Code   RO            4    .text               startup_stm32h750xx.o
    0x080002d4   0x080002d4   0x00000062   Code   RO         7638    .text               mc_w.l(uldiv.o)
    0x08000336   0x08000336   0x00000024   Code   RO         7640    .text               mc_w.l(memcpya.o)
    0x0800035a   0x0800035a   0x00000024   Code   RO         7642    .text               mc_w.l(memseta.o)
    0x0800037e   0x0800037e   0x0000001c   Code   RO         7644    .text               mc_w.l(strcmp.o)
    0x0800039a   0x0800039a   0x0000014e   Code   RO         7676    .text               mf_w.l(dadd.o)
    0x080004e8   0x080004e8   0x00000022   Code   RO         7678    .text               mf_w.l(dflti.o)
    0x0800050a   0x0800050a   0x0000001a   Code   RO         7680    .text               mf_w.l(dfltui.o)
    0x08000524   0x08000524   0x00000032   Code   RO         7682    .text               mf_w.l(dfixui.o)
    0x08000556   0x08000556   0x00000026   Code   RO         7684    .text               mf_w.l(f2d.o)
    0x0800057c   0x0800057c   0x00000030   Code   RO         7686    .text               mf_w.l(cdrcmple.o)
    0x080005ac   0x080005ac   0x00000038   Code   RO         7688    .text               mf_w.l(d2f.o)
    0x080005e4   0x080005e4   0x0000002c   Code   RO         7740    .text               mc_w.l(uidiv.o)
    0x08000610   0x08000610   0x0000001e   Code   RO         7742    .text               mc_w.l(llshl.o)
    0x0800062e   0x0800062e   0x00000020   Code   RO         7744    .text               mc_w.l(llushr.o)
    0x0800064e   0x0800064e   0x00000024   Code   RO         7746    .text               mc_w.l(llsshr.o)
    0x08000672   0x08000672   0x00000000   Code   RO         7755    .text               mc_w.l(iusefp.o)
    0x08000672   0x08000672   0x0000006e   Code   RO         7756    .text               mf_w.l(fepilogue.o)
    0x080006e0   0x080006e0   0x000000ba   Code   RO         7758    .text               mf_w.l(depilogue.o)
    0x0800079a   0x0800079a   0x000000e4   Code   RO         7760    .text               mf_w.l(dmul.o)
    0x0800087e   0x0800087e   0x000000de   Code   RO         7762    .text               mf_w.l(ddiv.o)
    0x0800095c   0x0800095c   0x0000002e   Code   RO         7766    .text               mf_w.l(dscalb.o)
    0x0800098a   0x0800098a   0x00000030   Code   RO         7768    .text               mf_w.l(dfixul.o)
    0x080009ba   0x080009ba   0x00000002   PAD
    0x080009bc   0x080009bc   0x00000024   Code   RO         7770    .text               mc_w.l(init.o)
    0x080009e0   0x080009e0   0x000000a2   Code   RO         7774    .text               mf_w.l(dsqrt.o)
    0x08000a82   0x08000a82   0x00000002   PAD
    0x08000a84   0x08000a84   0x00000128   Code   RO          996    i.ADC_ConfigureBoostMode  stm32h7xx_hal_adc.o
    0x08000bac   0x08000bac   0x00000084   Code   RO         1001    i.ADC_Disable       stm32h7xx_hal_adc.o
    0x08000c30   0x08000c30   0x000000c0   Code   RO         1002    i.ADC_Enable        stm32h7xx_hal_adc.o
    0x08000cf0   0x08000cf0   0x00000002   Code   RO          800    i.BusFault_Handler  stm32h7xx_it.o
    0x08000cf2   0x08000cf2   0x00000002   PAD
    0x08000cf4   0x08000cf4   0x00000028   Code   RO         6698    i.CarAngle_PID_Control  control.o
    0x08000d1c   0x08000d1c   0x00000208   Code   RO         6700    i.Control_Init      control.o
    0x08000f24   0x08000f24   0x0000000c   Code   RO          801    i.DMA1_Stream0_IRQHandler  stm32h7xx_it.o
    0x08000f30   0x08000f30   0x0000000c   Code   RO          802    i.DMA1_Stream1_IRQHandler  stm32h7xx_it.o
    0x08000f3c   0x08000f3c   0x0000000c   Code   RO          803    i.DMA1_Stream2_IRQHandler  stm32h7xx_it.o
    0x08000f48   0x08000f48   0x0000000c   Code   RO          804    i.DMA1_Stream3_IRQHandler  stm32h7xx_it.o
    0x08000f54   0x08000f54   0x0000000c   Code   RO          805    i.DMA1_Stream4_IRQHandler  stm32h7xx_it.o
    0x08000f60   0x08000f60   0x0000000c   Code   RO          806    i.DMA1_Stream5_IRQHandler  stm32h7xx_it.o
    0x08000f6c   0x08000f6c   0x0000000c   Code   RO          807    i.DMA1_Stream6_IRQHandler  stm32h7xx_it.o
    0x08000f78   0x08000f78   0x0000000c   Code   RO          808    i.DMA2_Stream1_IRQHandler  stm32h7xx_it.o
    0x08000f84   0x08000f84   0x000000c0   Code   RO         2157    i.DMA_CalcBaseAndBitshift  stm32h7xx_hal_dma.o
    0x08001044   0x08001044   0x000000a0   Code   RO         2158    i.DMA_CalcDMAMUXChannelBaseAndMask  stm32h7xx_hal_dma.o
    0x080010e4   0x080010e4   0x0000007c   Code   RO         2159    i.DMA_CalcDMAMUXRequestGenBaseAndMask  stm32h7xx_hal_dma.o
    0x08001160   0x08001160   0x00000078   Code   RO         2160    i.DMA_CheckFifoParam  stm32h7xx_hal_dma.o
    0x080011d8   0x080011d8   0x0000023c   Code   RO         2161    i.DMA_SetConfig     stm32h7xx_hal_dma.o
    0x08001414   0x08001414   0x00000002   Code   RO          809    i.DebugMon_Handler  stm32h7xx_it.o
    0x08001416   0x08001416   0x0000002e   Code   RO         7250    i.E2P_Check         eeprom.o
    0x08001444   0x08001444   0x0000001e   Code   RO         7252    i.E2P_ReadFloatNum  eeprom.o
    0x08001462   0x08001462   0x0000002a   Code   RO         7253    i.E2P_ReadLenByte   eeprom.o
    0x0800148c   0x0800148c   0x00000158   Code   RO         7254    i.E2P_Read_allParam  eeprom.o
    0x080015e4   0x080015e4   0x0000001c   Code   RO         7256    i.E2P_WriteFloatNum  eeprom.o
    0x08001600   0x08001600   0x0000002a   Code   RO         7257    i.E2P_WriteLenByte  eeprom.o
    0x0800162a   0x0800162a   0x00000002   PAD
    0x0800162c   0x0800162c   0x00000048   Code   RO         7258    i.E2P_read_byte     eeprom.o
    0x08001674   0x08001674   0x0000003c   Code   RO         7259    i.E2P_write_byte    eeprom.o
    0x080016b0   0x080016b0   0x00000004   Code   RO           13    i.Error_Handler     main.o
    0x080016b4   0x080016b4   0x00000064   Code   RO         7516    i.FDCAN1_Config     bsp_can.o
    0x08001718   0x08001718   0x0000000c   Code   RO          810    i.FDCAN1_IT0_IRQHandler  stm32h7xx_it.o
    0x08001724   0x08001724   0x000001b0   Code   RO         3927    i.FDCAN_CalcultateRamBlockAddresses  stm32h7xx_hal_fdcan.o
    0x080018d4   0x080018d4   0x00000074   Code   RO         3928    i.FDCAN_CopyMessageToRAM  stm32h7xx_hal_fdcan.o
    0x08001948   0x08001948   0x00000040   Code   RO         6891    i.Get_BL_Data       uart_unpack.o
    0x08001988   0x08001988   0x00000074   Code   RO         6892    i.Get_IMU_Data      uart_unpack.o
    0x080019fc   0x080019fc   0x00000074   Code   RO         6701    i.Get_Motor_Speed   control.o
    0x08001a70   0x08001a70   0x00000018   Code   RO         6940    i.Get_NameLen       ui.o
    0x08001a88   0x08001a88   0x000000e4   Code   RO         6893    i.Get_VS_Data       uart_unpack.o
    0x08001b6c   0x08001b6c   0x000000a4   Code   RO         1223    i.HAL_ADCEx_Calibration_Start  stm32h7xx_hal_adc_ex.o
    0x08001c10   0x08001c10   0x00000128   Code   RO         1243    i.HAL_ADCEx_MultiModeConfigChannel  stm32h7xx_hal_adc_ex.o
    0x08001d38   0x08001d38   0x00000400   Code   RO         1004    i.HAL_ADC_ConfigChannel  stm32h7xx_hal_adc.o
    0x08002138   0x08002138   0x00000006   Code   RO         1011    i.HAL_ADC_GetValue  stm32h7xx_hal_adc.o
    0x0800213e   0x0800213e   0x00000002   PAD
    0x08002140   0x08002140   0x0000022c   Code   RO         1013    i.HAL_ADC_Init      stm32h7xx_hal_adc.o
    0x0800236c   0x0800236c   0x00000098   Code   RO          325    i.HAL_ADC_MspInit   adc.o
    0x08002404   0x08002404   0x00000104   Code   RO         1019    i.HAL_ADC_Start     stm32h7xx_hal_adc.o
    0x08002508   0x08002508   0x0000037c   Code   RO         2162    i.HAL_DMA_Abort     stm32h7xx_hal_dma.o
    0x08002884   0x08002884   0x000002b0   Code   RO         2163    i.HAL_DMA_Abort_IT  stm32h7xx_hal_dma.o
    0x08002b34   0x08002b34   0x000007a8   Code   RO         2167    i.HAL_DMA_IRQHandler  stm32h7xx_hal_dma.o
    0x080032dc   0x080032dc   0x000003fc   Code   RO         2168    i.HAL_DMA_Init      stm32h7xx_hal_dma.o
    0x080036d8   0x080036d8   0x000002ec   Code   RO         2172    i.HAL_DMA_Start_IT  stm32h7xx_hal_dma.o
    0x080039c4   0x080039c4   0x00000084   Code   RO         3930    i.HAL_FDCAN_ActivateNotification  stm32h7xx_hal_fdcan.o
    0x08003a48   0x08003a48   0x0000006c   Code   RO         3932    i.HAL_FDCAN_AddMessageToTxFifoQ  stm32h7xx_hal_fdcan.o
    0x08003ab4   0x08003ab4   0x00000002   Code   RO         3933    i.HAL_FDCAN_ClockCalibrationCallback  stm32h7xx_hal_fdcan.o
    0x08003ab6   0x08003ab6   0x00000088   Code   RO         3937    i.HAL_FDCAN_ConfigFilter  stm32h7xx_hal_fdcan.o
    0x08003b3e   0x08003b3e   0x00000030   Code   RO         3938    i.HAL_FDCAN_ConfigGlobalFilter  stm32h7xx_hal_fdcan.o
    0x08003b6e   0x08003b6e   0x00000002   Code   RO         3959    i.HAL_FDCAN_ErrorCallback  stm32h7xx_hal_fdcan.o
    0x08003b70   0x08003b70   0x00000002   Code   RO         3960    i.HAL_FDCAN_ErrorStatusCallback  stm32h7xx_hal_fdcan.o
    0x08003b72   0x08003b72   0x00000002   PAD
    0x08003b74   0x08003b74   0x000001a8   Code   RO         3971    i.HAL_FDCAN_GetRxMessage  stm32h7xx_hal_fdcan.o
    0x08003d1c   0x08003d1c   0x00000002   Code   RO         3977    i.HAL_FDCAN_HighPriorityMessageCallback  stm32h7xx_hal_fdcan.o
    0x08003d1e   0x08003d1e   0x00000002   PAD
    0x08003d20   0x08003d20   0x000002ec   Code   RO         3978    i.HAL_FDCAN_IRQHandler  stm32h7xx_hal_fdcan.o
    0x0800400c   0x0800400c   0x00000268   Code   RO         3979    i.HAL_FDCAN_Init    stm32h7xx_hal_fdcan.o
    0x08004274   0x08004274   0x0000009c   Code   RO          397    i.HAL_FDCAN_MspInit  fdcan.o
    0x08004310   0x08004310   0x00000002   Code   RO         3988    i.HAL_FDCAN_RxBufferNewMessageCallback  stm32h7xx_hal_fdcan.o
    0x08004312   0x08004312   0x00000002   PAD
    0x08004314   0x08004314   0x0000006c   Code   RO         7517    i.HAL_FDCAN_RxFifo0Callback  bsp_can.o
    0x08004380   0x08004380   0x00000002   Code   RO         3990    i.HAL_FDCAN_RxFifo1Callback  stm32h7xx_hal_fdcan.o
    0x08004382   0x08004382   0x00000030   Code   RO         3991    i.HAL_FDCAN_Start   stm32h7xx_hal_fdcan.o
    0x080043b2   0x080043b2   0x00000002   Code   RO         4013    i.HAL_FDCAN_TT_GlobalTimeCallback  stm32h7xx_hal_fdcan.o
    0x080043b4   0x080043b4   0x00000002   Code   RO         4014    i.HAL_FDCAN_TT_ScheduleSyncCallback  stm32h7xx_hal_fdcan.o
    0x080043b6   0x080043b6   0x00000002   Code   RO         4019    i.HAL_FDCAN_TT_StopWatchCallback  stm32h7xx_hal_fdcan.o
    0x080043b8   0x080043b8   0x00000002   Code   RO         4020    i.HAL_FDCAN_TT_TimeMarkCallback  stm32h7xx_hal_fdcan.o
    0x080043ba   0x080043ba   0x00000002   Code   RO         4021    i.HAL_FDCAN_TimeoutOccurredCallback  stm32h7xx_hal_fdcan.o
    0x080043bc   0x080043bc   0x00000002   Code   RO         4022    i.HAL_FDCAN_TimestampWraparoundCallback  stm32h7xx_hal_fdcan.o
    0x080043be   0x080043be   0x00000002   Code   RO         4023    i.HAL_FDCAN_TxBufferAbortCallback  stm32h7xx_hal_fdcan.o
    0x080043c0   0x080043c0   0x00000002   Code   RO         4024    i.HAL_FDCAN_TxBufferCompleteCallback  stm32h7xx_hal_fdcan.o
    0x080043c2   0x080043c2   0x00000002   Code   RO         4025    i.HAL_FDCAN_TxEventFifoCallback  stm32h7xx_hal_fdcan.o
    0x080043c4   0x080043c4   0x00000002   Code   RO         4026    i.HAL_FDCAN_TxFifoEmptyCallback  stm32h7xx_hal_fdcan.o
    0x080043c6   0x080043c6   0x00000002   PAD
    0x080043c8   0x080043c8   0x00000224   Code   RO         2010    i.HAL_GPIO_Init     stm32h7xx_hal_gpio.o
    0x080045ec   0x080045ec   0x0000000e   Code   RO         2012    i.HAL_GPIO_ReadPin  stm32h7xx_hal_gpio.o
    0x080045fa   0x080045fa   0x0000000e   Code   RO         2014    i.HAL_GPIO_WritePin  stm32h7xx_hal_gpio.o
    0x08004608   0x08004608   0x0000000c   Code   RO         3035    i.HAL_GetREVID      stm32h7xx_hal.o
    0x08004614   0x08004614   0x0000000c   Code   RO         3036    i.HAL_GetTick       stm32h7xx_hal.o
    0x08004620   0x08004620   0x0000005a   Code   RO         3801    i.HAL_I2CEx_ConfigAnalogFilter  stm32h7xx_hal_i2c_ex.o
    0x0800467a   0x0800467a   0x00000056   Code   RO         3802    i.HAL_I2CEx_ConfigDigitalFilter  stm32h7xx_hal_i2c_ex.o
    0x080046d0   0x080046d0   0x00000028   Code   RO         3805    i.HAL_I2CEx_EnableFastModePlus  stm32h7xx_hal_i2c_ex.o
    0x080046f8   0x080046f8   0x000000cc   Code   RO         3340    i.HAL_I2C_Init      stm32h7xx_hal_i2c.o
    0x080047c4   0x080047c4   0x0000014c   Code   RO         3346    i.HAL_I2C_Master_Receive  stm32h7xx_hal_i2c.o
    0x08004910   0x08004910   0x0000016c   Code   RO         3353    i.HAL_I2C_Master_Transmit  stm32h7xx_hal_i2c.o
    0x08004a7c   0x08004a7c   0x000000f4   Code   RO          439    i.HAL_I2C_MspInit   i2c.o
    0x08004b70   0x08004b70   0x00000010   Code   RO         3042    i.HAL_IncTick       stm32h7xx_hal.o
    0x08004b80   0x08004b80   0x0000005c   Code   RO         3043    i.HAL_Init          stm32h7xx_hal.o
    0x08004bdc   0x08004bdc   0x0000004c   Code   RO         3044    i.HAL_InitTick      stm32h7xx_hal.o
    0x08004c28   0x08004c28   0x00000054   Code   RO         2865    i.HAL_MPU_ConfigRegion  stm32h7xx_hal_cortex.o
    0x08004c7c   0x08004c7c   0x0000001c   Code   RO         2866    i.HAL_MPU_Disable   stm32h7xx_hal_cortex.o
    0x08004c98   0x08004c98   0x00000024   Code   RO         2868    i.HAL_MPU_Enable    stm32h7xx_hal_cortex.o
    0x08004cbc   0x08004cbc   0x0000003c   Code   RO          972    i.HAL_MspInit       stm32h7xx_hal_msp.o
    0x08004cf8   0x08004cf8   0x0000001a   Code   RO         2872    i.HAL_NVIC_EnableIRQ  stm32h7xx_hal_cortex.o
    0x08004d12   0x08004d12   0x00000002   PAD
    0x08004d14   0x08004d14   0x00000040   Code   RO         2878    i.HAL_NVIC_SetPriority  stm32h7xx_hal_cortex.o
    0x08004d54   0x08004d54   0x00000024   Code   RO         2879    i.HAL_NVIC_SetPriorityGrouping  stm32h7xx_hal_cortex.o
    0x08004d78   0x08004d78   0x00000100   Code   RO         4548    i.HAL_OPAMP_Init    stm32h7xx_hal_opamp.o
    0x08004e78   0x08004e78   0x000000dc   Code   RO          505    i.HAL_OPAMP_MspInit  opamp.o
    0x08004f54   0x08004f54   0x00000036   Code   RO         4553    i.HAL_OPAMP_Start   stm32h7xx_hal_opamp.o
    0x08004f8a   0x08004f8a   0x00000002   PAD
    0x08004f8c   0x08004f8c   0x00000058   Code   RO         2611    i.HAL_PWREx_ConfigSupply  stm32h7xx_hal_pwr_ex.o
    0x08004fe4   0x08004fe4   0x00000024   Code   RO         1573    i.HAL_RCCEx_GetD3PCLK1Freq  stm32h7xx_hal_rcc_ex.o
    0x08005008   0x08005008   0x000001c0   Code   RO         1574    i.HAL_RCCEx_GetPLL1ClockFreq  stm32h7xx_hal_rcc_ex.o
    0x080051c8   0x080051c8   0x000001c0   Code   RO         1575    i.HAL_RCCEx_GetPLL2ClockFreq  stm32h7xx_hal_rcc_ex.o
    0x08005388   0x08005388   0x000001c0   Code   RO         1576    i.HAL_RCCEx_GetPLL3ClockFreq  stm32h7xx_hal_rcc_ex.o
    0x08005548   0x08005548   0x000005ea   Code   RO         1578    i.HAL_RCCEx_GetPeriphCLKFreq  stm32h7xx_hal_rcc_ex.o
    0x08005b32   0x08005b32   0x00000002   PAD
    0x08005b34   0x08005b34   0x00000a04   Code   RO         1582    i.HAL_RCCEx_PeriphCLKConfig  stm32h7xx_hal_rcc_ex.o
    0x08006538   0x08006538   0x0000027c   Code   RO         1458    i.HAL_RCC_ClockConfig  stm32h7xx_hal_rcc.o
    0x080067b4   0x080067b4   0x00000044   Code   RO         1463    i.HAL_RCC_GetHCLKFreq  stm32h7xx_hal_rcc.o
    0x080067f8   0x080067f8   0x00000024   Code   RO         1465    i.HAL_RCC_GetPCLK1Freq  stm32h7xx_hal_rcc.o
    0x0800681c   0x0800681c   0x00000024   Code   RO         1466    i.HAL_RCC_GetPCLK2Freq  stm32h7xx_hal_rcc.o
    0x08006840   0x08006840   0x000001b4   Code   RO         1467    i.HAL_RCC_GetSysClockFreq  stm32h7xx_hal_rcc.o
    0x080069f4   0x080069f4   0x00000684   Code   RO         1470    i.HAL_RCC_OscConfig  stm32h7xx_hal_rcc.o
    0x08007078   0x08007078   0x0000007c   Code   RO         4655    i.HAL_RNG_GenerateRandomNumber  stm32h7xx_hal_rng.o
    0x080070f4   0x080070f4   0x0000008c   Code   RO         4660    i.HAL_RNG_Init      stm32h7xx_hal_rng.o
    0x08007180   0x08007180   0x0000004c   Code   RO          554    i.HAL_RNG_MspInit   rng.o
    0x080071cc   0x080071cc   0x00000002   Code   RO         4768    i.HAL_SPI_ErrorCallback  stm32h7xx_hal_spi.o
    0x080071ce   0x080071ce   0x00000002   PAD
    0x080071d0   0x080071d0   0x00000230   Code   RO         4771    i.HAL_SPI_IRQHandler  stm32h7xx_hal_spi.o
    0x08007400   0x08007400   0x00000174   Code   RO         4772    i.HAL_SPI_Init      stm32h7xx_hal_spi.o
    0x08007574   0x08007574   0x000001cc   Code   RO          596    i.HAL_SPI_MspInit   spi.o
    0x08007740   0x08007740   0x00000002   Code   RO         4778    i.HAL_SPI_RxCpltCallback  stm32h7xx_hal_spi.o
    0x08007742   0x08007742   0x00000002   Code   RO         4780    i.HAL_SPI_SuspendCallback  stm32h7xx_hal_spi.o
    0x08007744   0x08007744   0x00000270   Code   RO         4781    i.HAL_SPI_Transmit  stm32h7xx_hal_spi.o
    0x080079b4   0x080079b4   0x00000002   Code   RO         4787    i.HAL_SPI_TxCpltCallback  stm32h7xx_hal_spi.o
    0x080079b6   0x080079b6   0x00000002   Code   RO         4789    i.HAL_SPI_TxRxCpltCallback  stm32h7xx_hal_spi.o
    0x080079b8   0x080079b8   0x00000010   Code   RO         3048    i.HAL_SYSCFG_AnalogSwitchConfig  stm32h7xx_hal.o
    0x080079c8   0x080079c8   0x00000010   Code   RO         3054    i.HAL_SYSCFG_DisableVREFBUF  stm32h7xx_hal.o
    0x080079d8   0x080079d8   0x00000014   Code   RO         3059    i.HAL_SYSCFG_VREFBUF_HighImpedanceConfig  stm32h7xx_hal.o
    0x080079ec   0x080079ec   0x0000001c   Code   RO         2881    i.HAL_SYSTICK_CLKSourceConfig  stm32h7xx_hal_cortex.o
    0x08007a08   0x08007a08   0x00000028   Code   RO         2883    i.HAL_SYSTICK_Config  stm32h7xx_hal_cortex.o
    0x08007a30   0x08007a30   0x00000002   Code   RO         5822    i.HAL_TIMEx_Break2Callback  stm32h7xx_hal_tim_ex.o
    0x08007a32   0x08007a32   0x00000002   Code   RO         5823    i.HAL_TIMEx_BreakCallback  stm32h7xx_hal_tim_ex.o
    0x08007a34   0x08007a34   0x00000002   Code   RO         5824    i.HAL_TIMEx_CommutCallback  stm32h7xx_hal_tim_ex.o
    0x08007a36   0x08007a36   0x00000002   PAD
    0x08007a38   0x08007a38   0x0000008c   Code   RO         5826    i.HAL_TIMEx_ConfigBreakDeadTime  stm32h7xx_hal_tim_ex.o
    0x08007ac4   0x08007ac4   0x000000a0   Code   RO         5844    i.HAL_TIMEx_MasterConfigSynchronization  stm32h7xx_hal_tim_ex.o
    0x08007b64   0x08007b64   0x000001c0   Code   RO         5856    i.HAL_TIMEx_PWMN_Start_DMA  stm32h7xx_hal_tim_ex.o
    0x08007d24   0x08007d24   0x0000004e   Code   RO         5097    i.HAL_TIM_Base_Init  stm32h7xx_hal_tim.o
    0x08007d72   0x08007d72   0x00000002   PAD
    0x08007d74   0x08007d74   0x000000e0   Code   RO          650    i.HAL_TIM_Base_MspInit  tim.o
    0x08007e54   0x08007e54   0x00000094   Code   RO         5102    i.HAL_TIM_Base_Start_IT  stm32h7xx_hal_tim.o
    0x08007ee8   0x08007ee8   0x00000108   Code   RO         5106    i.HAL_TIM_ConfigClockSource  stm32h7xx_hal_tim.o
    0x08007ff0   0x08007ff0   0x00000002   Code   RO         5127    i.HAL_TIM_ErrorCallback  stm32h7xx_hal_tim.o
    0x08007ff2   0x08007ff2   0x00000002   Code   RO         5131    i.HAL_TIM_IC_CaptureCallback  stm32h7xx_hal_tim.o
    0x08007ff4   0x08007ff4   0x00000152   Code   RO         5145    i.HAL_TIM_IRQHandler  stm32h7xx_hal_tim.o
    0x08008146   0x08008146   0x00000002   PAD
    0x08008148   0x08008148   0x00000088   Code   RO          651    i.HAL_TIM_MspPostInit  tim.o
    0x080081d0   0x080081d0   0x00000002   Code   RO         5148    i.HAL_TIM_OC_DelayElapsedCallback  stm32h7xx_hal_tim.o
    0x080081d2   0x080081d2   0x00000136   Code   RO         5169    i.HAL_TIM_PWM_ConfigChannel  stm32h7xx_hal_tim.o
    0x08008308   0x08008308   0x0000004e   Code   RO         5172    i.HAL_TIM_PWM_Init  stm32h7xx_hal_tim.o
    0x08008356   0x08008356   0x00000002   Code   RO         5174    i.HAL_TIM_PWM_MspInit  stm32h7xx_hal_tim.o
    0x08008358   0x08008358   0x00000002   Code   RO         5175    i.HAL_TIM_PWM_PulseFinishedCallback  stm32h7xx_hal_tim.o
    0x0800835a   0x0800835a   0x00000002   Code   RO         5176    i.HAL_TIM_PWM_PulseFinishedHalfCpltCallback  stm32h7xx_hal_tim.o
    0x0800835c   0x0800835c   0x00000160   Code   RO          652    i.HAL_TIM_PeriodElapsedCallback  tim.o
    0x080084bc   0x080084bc   0x00000002   Code   RO         5188    i.HAL_TIM_TriggerCallback  stm32h7xx_hal_tim.o
    0x080084be   0x080084be   0x0000003e   Code   RO         6538    i.HAL_UARTEx_DisableFifoMode  stm32h7xx_hal_uart_ex.o
    0x080084fc   0x080084fc   0x00000052   Code   RO         6544    i.HAL_UARTEx_ReceiveToIdle_DMA  stm32h7xx_hal_uart_ex.o
    0x0800854e   0x0800854e   0x00000002   PAD
    0x08008550   0x08008550   0x00000070   Code   RO         6894    i.HAL_UARTEx_RxEventCallback  uart_unpack.o
    0x080085c0   0x080085c0   0x00000002   Code   RO         6546    i.HAL_UARTEx_RxFifoFullCallback  stm32h7xx_hal_uart_ex.o
    0x080085c2   0x080085c2   0x0000004c   Code   RO         6547    i.HAL_UARTEx_SetRxFifoThreshold  stm32h7xx_hal_uart_ex.o
    0x0800860e   0x0800860e   0x0000004c   Code   RO         6548    i.HAL_UARTEx_SetTxFifoThreshold  stm32h7xx_hal_uart_ex.o
    0x0800865a   0x0800865a   0x00000002   Code   RO         6550    i.HAL_UARTEx_TxFifoEmptyCallback  stm32h7xx_hal_uart_ex.o
    0x0800865c   0x0800865c   0x00000002   Code   RO         6551    i.HAL_UARTEx_WakeupCallback  stm32h7xx_hal_uart_ex.o
    0x0800865e   0x0800865e   0x00000002   Code   RO         6138    i.HAL_UART_ErrorCallback  stm32h7xx_hal_uart.o
    0x08008660   0x08008660   0x00000394   Code   RO         6141    i.HAL_UART_IRQHandler  stm32h7xx_hal_uart.o
    0x080089f4   0x080089f4   0x00000070   Code   RO         6142    i.HAL_UART_Init     stm32h7xx_hal_uart.o
    0x08008a64   0x08008a64   0x000003f0   Code   RO          723    i.HAL_UART_MspInit  usart.o
    0x08008e54   0x08008e54   0x00000002   Code   RO         6149    i.HAL_UART_RxCpltCallback  stm32h7xx_hal_uart.o
    0x08008e56   0x08008e56   0x00000002   Code   RO         6150    i.HAL_UART_RxHalfCpltCallback  stm32h7xx_hal_uart.o
    0x08008e58   0x08008e58   0x00000090   Code   RO         6152    i.HAL_UART_Transmit_DMA  stm32h7xx_hal_uart.o
    0x08008ee8   0x08008ee8   0x00000002   Code   RO         6154    i.HAL_UART_TxCpltCallback  stm32h7xx_hal_uart.o
    0x08008eea   0x08008eea   0x00000002   Code   RO         6155    i.HAL_UART_TxHalfCpltCallback  stm32h7xx_hal_uart.o
    0x08008eec   0x08008eec   0x00000002   Code   RO          811    i.HardFault_Handler  stm32h7xx_it.o
    0x08008eee   0x08008eee   0x00000022   Code   RO         3387    i.I2C_Flush_TXDR    stm32h7xx_hal_i2c.o
    0x08008f10   0x08008f10   0x00000104   Code   RO         3395    i.I2C_IsErrorOccurred  stm32h7xx_hal_i2c.o
    0x08009014   0x08009014   0x00000030   Code   RO         3404    i.I2C_TransferConfig  stm32h7xx_hal_i2c.o
    0x08009044   0x08009044   0x0000007a   Code   RO         3406    i.I2C_WaitOnFlagUntilTimeout  stm32h7xx_hal_i2c.o
    0x080090be   0x080090be   0x00000002   PAD
    0x080090c0   0x080090c0   0x000000a8   Code   RO         3407    i.I2C_WaitOnRXNEFlagUntilTimeout  stm32h7xx_hal_i2c.o
    0x08009168   0x08009168   0x00000056   Code   RO         3408    i.I2C_WaitOnSTOPFlagUntilTimeout  stm32h7xx_hal_i2c.o
    0x080091be   0x080091be   0x0000005a   Code   RO         3409    i.I2C_WaitOnTXISFlagUntilTimeout  stm32h7xx_hal_i2c.o
    0x08009218   0x08009218   0x00000008   Code   RO         1025    i.LL_ADC_INJ_IsConversionOngoing  stm32h7xx_hal_adc.o
    0x08009220   0x08009220   0x00000008   Code   RO         1026    i.LL_ADC_IsEnabled  stm32h7xx_hal_adc.o
    0x08009228   0x08009228   0x00000008   Code   RO         1027    i.LL_ADC_REG_IsConversionOngoing  stm32h7xx_hal_adc.o
    0x08009230   0x08009230   0x00000008   Code   RO         1254    i.LL_ADC_REG_IsConversionOngoing  stm32h7xx_hal_adc_ex.o
    0x08009238   0x08009238   0x0000001e   Code   RO         1030    i.LL_ADC_SetChannelSamplingTime  stm32h7xx_hal_adc.o
    0x08009256   0x08009256   0x00000044   Code   RO           14    i.MPU_Config        main.o
    0x0800929a   0x0800929a   0x00000002   PAD
    0x0800929c   0x0800929c   0x000000b4   Code   RO          326    i.MX_ADC1_Init      adc.o
    0x08009350   0x08009350   0x000000a0   Code   RO          327    i.MX_ADC3_Init      adc.o
    0x080093f0   0x080093f0   0x000000ac   Code   RO          372    i.MX_DMA_Init       dma.o
    0x0800949c   0x0800949c   0x00000068   Code   RO          398    i.MX_FDCAN1_Init    fdcan.o
    0x08009504   0x08009504   0x00000144   Code   RO          296    i.MX_GPIO_Init      gpio.o
    0x08009648   0x08009648   0x0000005c   Code   RO          440    i.MX_I2C1_Init      i2c.o
    0x080096a4   0x080096a4   0x00000058   Code   RO          441    i.MX_I2C2_Init      i2c.o
    0x080096fc   0x080096fc   0x00000030   Code   RO          506    i.MX_OPAMP1_Init    opamp.o
    0x0800972c   0x0800972c   0x00000030   Code   RO          507    i.MX_OPAMP2_Init    opamp.o
    0x0800975c   0x0800975c   0x00000028   Code   RO          555    i.MX_RNG_Init       rng.o
    0x08009784   0x08009784   0x00000060   Code   RO          597    i.MX_SPI1_Init      spi.o
    0x080097e4   0x080097e4   0x0000005c   Code   RO          598    i.MX_SPI2_Init      spi.o
    0x08009840   0x08009840   0x0000005c   Code   RO          599    i.MX_SPI3_Init      spi.o
    0x0800989c   0x0800989c   0x00000068   Code   RO          653    i.MX_TIM12_Init     tim.o
    0x08009904   0x08009904   0x0000006c   Code   RO          654    i.MX_TIM15_Init     tim.o
    0x08009970   0x08009970   0x000000d8   Code   RO          655    i.MX_TIM1_Init      tim.o
    0x08009a48   0x08009a48   0x00000098   Code   RO          656    i.MX_TIM2_Init      tim.o
    0x08009ae0   0x08009ae0   0x00000068   Code   RO          724    i.MX_UART4_Init     usart.o
    0x08009b48   0x08009b48   0x00000068   Code   RO          725    i.MX_UART7_Init     usart.o
    0x08009bb0   0x08009bb0   0x00000068   Code   RO          726    i.MX_UART8_Init     usart.o
    0x08009c18   0x08009c18   0x00000070   Code   RO          727    i.MX_USART1_UART_Init  usart.o
    0x08009c88   0x08009c88   0x00000068   Code   RO          728    i.MX_USART2_UART_Init  usart.o
    0x08009cf0   0x08009cf0   0x00000002   Code   RO          812    i.MemManage_Handler  stm32h7xx_it.o
    0x08009cf2   0x08009cf2   0x00000002   PAD
    0x08009cf4   0x08009cf4   0x00000050   Code   RO         6702    i.MotorSpeed_PID_Control  control.o
    0x08009d44   0x08009d44   0x00000002   Code   RO          813    i.NMI_Handler       stm32h7xx_it.o
    0x08009d46   0x08009d46   0x00000002   Code   RO          814    i.PendSV_Handler    stm32h7xx_it.o
    0x08009d48   0x08009d48   0x00000046   Code   RO           15    i.PeriphCommonClock_Config  main.o
    0x08009d8e   0x08009d8e   0x00000002   PAD
    0x08009d90   0x08009d90   0x00000124   Code   RO         1585    i.RCCEx_PLL2_Config  stm32h7xx_hal_rcc_ex.o
    0x08009eb4   0x08009eb4   0x00000124   Code   RO         1586    i.RCCEx_PLL3_Config  stm32h7xx_hal_rcc_ex.o
    0x08009fd8   0x08009fd8   0x0000000c   Code   RO          815    i.SPI1_IRQHandler   stm32h7xx_it.o
    0x08009fe4   0x08009fe4   0x000000ba   Code   RO         4792    i.SPI_CloseTransfer  stm32h7xx_hal_spi.o
    0x0800a09e   0x0800a09e   0x00000018   Code   RO         4793    i.SPI_DMAAbortOnError  stm32h7xx_hal_spi.o
    0x0800a0b6   0x0800a0b6   0x00000014   Code   RO         4803    i.SPI_GetPacketSize  stm32h7xx_hal_spi.o
    0x0800a0ca   0x0800a0ca   0x00000042   Code   RO         4810    i.SPI_WaitOnFlagUntilTimeout  stm32h7xx_hal_spi.o
    0x0800a10c   0x0800a10c   0x00000002   Code   RO          816    i.SVC_Handler       stm32h7xx_it.o
    0x0800a10e   0x0800a10e   0x00000002   PAD
    0x0800a110   0x0800a110   0x0000003c   Code   RO         6703    i.Set_Motor_Speed   control.o
    0x0800a14c   0x0800a14c   0x00000004   Code   RO          817    i.SysTick_Handler   stm32h7xx_it.o
    0x0800a150   0x0800a150   0x000000e0   Code   RO           16    i.SystemClock_Config  main.o
    0x0800a230   0x0800a230   0x000000dc   Code   RO         6662    i.SystemInit        system_stm32h7xx.o
    0x0800a30c   0x0800a30c   0x00000032   Code   RO         7365    i.TFTSPI_Addr_Rst   lcd_st7789s.o
    0x0800a33e   0x0800a33e   0x00000002   PAD
    0x0800a340   0x0800a340   0x00000048   Code   RO         7366    i.TFTSPI_CLS        lcd_st7789s.o
    0x0800a388   0x0800a388   0x00000016   Code   RO         7368    i.TFTSPI_Draw_Dot   lcd_st7789s.o
    0x0800a39e   0x0800a39e   0x00000172   Code   RO         7369    i.TFTSPI_Draw_Line  lcd_st7789s.o
    0x0800a510   0x0800a510   0x00000068   Code   RO         7370    i.TFTSPI_Draw_Part  lcd_st7789s.o
    0x0800a578   0x0800a578   0x0000004a   Code   RO         7371    i.TFTSPI_Draw_Rectangle  lcd_st7789s.o
    0x0800a5c2   0x0800a5c2   0x00000002   PAD
    0x0800a5c4   0x0800a5c4   0x0000019c   Code   RO         7373    i.TFTSPI_Init       lcd_st7789s.o
    0x0800a760   0x0800a760   0x0000003e   Code   RO         7375    i.TFTSPI_Set_Pos    lcd_st7789s.o
    0x0800a79e   0x0800a79e   0x00000002   PAD
    0x0800a7a0   0x0800a7a0   0x00000034   Code   RO         7376    i.TFTSPI_Write_Byte  lcd_st7789s.o
    0x0800a7d4   0x0800a7d4   0x00000034   Code   RO         7377    i.TFTSPI_Write_Cmd  lcd_st7789s.o
    0x0800a808   0x0800a808   0x00000044   Code   RO         7378    i.TFTSPI_Write_halfWord  lcd_st7789s.o
    0x0800a84c   0x0800a84c   0x00000030   Code   RO         7379    i.TFT_Printf        lcd_st7789s.o
    0x0800a87c   0x0800a87c   0x000001c8   Code   RO         7380    i.TFT_ShowChar      lcd_st7789s.o
    0x0800aa44   0x0800aa44   0x000000a8   Code   RO         7382    i.TFT_ShowString    lcd_st7789s.o
    0x0800aaec   0x0800aaec   0x0000000c   Code   RO          818    i.TIM15_IRQHandler  stm32h7xx_it.o
    0x0800aaf8   0x0800aaf8   0x0000000c   Code   RO          819    i.TIM8_BRK_TIM12_IRQHandler  stm32h7xx_it.o
    0x0800ab04   0x0800ab04   0x000000d0   Code   RO         5190    i.TIM_Base_SetConfig  stm32h7xx_hal_tim.o
    0x0800abd4   0x0800abd4   0x0000001a   Code   RO         5865    i.TIM_CCxNChannelCmd  stm32h7xx_hal_tim_ex.o
    0x0800abee   0x0800abee   0x0000003e   Code   RO         5195    i.TIM_DMADelayPulseHalfCplt  stm32h7xx_hal_tim.o
    0x0800ac2c   0x0800ac2c   0x0000004a   Code   RO         5866    i.TIM_DMADelayPulseNCplt  stm32h7xx_hal_tim_ex.o
    0x0800ac76   0x0800ac76   0x0000003e   Code   RO         5867    i.TIM_DMAErrorCCxN  stm32h7xx_hal_tim_ex.o
    0x0800acb4   0x0800acb4   0x00000014   Code   RO         5201    i.TIM_ETR_SetConfig  stm32h7xx_hal_tim.o
    0x0800acc8   0x0800acc8   0x00000014   Code   RO         5202    i.TIM_ITRx_SetConfig  stm32h7xx_hal_tim.o
    0x0800acdc   0x0800acdc   0x000000a0   Code   RO         5203    i.TIM_OC1_SetConfig  stm32h7xx_hal_tim.o
    0x0800ad7c   0x0800ad7c   0x00000094   Code   RO         5204    i.TIM_OC2_SetConfig  stm32h7xx_hal_tim.o
    0x0800ae10   0x0800ae10   0x00000094   Code   RO         5205    i.TIM_OC3_SetConfig  stm32h7xx_hal_tim.o
    0x0800aea4   0x0800aea4   0x00000074   Code   RO         5206    i.TIM_OC4_SetConfig  stm32h7xx_hal_tim.o
    0x0800af18   0x0800af18   0x00000070   Code   RO         5207    i.TIM_OC5_SetConfig  stm32h7xx_hal_tim.o
    0x0800af88   0x0800af88   0x00000070   Code   RO         5208    i.TIM_OC6_SetConfig  stm32h7xx_hal_tim.o
    0x0800aff8   0x0800aff8   0x00000022   Code   RO         5210    i.TIM_TI1_ConfigInputStage  stm32h7xx_hal_tim.o
    0x0800b01a   0x0800b01a   0x00000024   Code   RO         5212    i.TIM_TI2_ConfigInputStage  stm32h7xx_hal_tim.o
    0x0800b03e   0x0800b03e   0x00000002   PAD
    0x0800b040   0x0800b040   0x0000002c   Code   RO         6704    i.TargetDistance_PID_Control  control.o
    0x0800b06c   0x0800b06c   0x00000020   Code   RO          820    i.UART4_IRQHandler  stm32h7xx_it.o
    0x0800b08c   0x0800b08c   0x0000000c   Code   RO          821    i.UART7_IRQHandler  stm32h7xx_it.o
    0x0800b098   0x0800b098   0x00000020   Code   RO          822    i.UART8_IRQHandler  stm32h7xx_it.o
    0x0800b0b8   0x0800b0b8   0x00000048   Code   RO         6552    i.UARTEx_SetNbDataToProcess  stm32h7xx_hal_uart_ex.o
    0x0800b100   0x0800b100   0x000000c8   Code   RO         6156    i.UART_AdvFeatureConfig  stm32h7xx_hal_uart.o
    0x0800b1c8   0x0800b1c8   0x000000aa   Code   RO         6157    i.UART_CheckIdleState  stm32h7xx_hal_uart.o
    0x0800b272   0x0800b272   0x00000014   Code   RO         6158    i.UART_DMAAbortOnError  stm32h7xx_hal_uart.o
    0x0800b286   0x0800b286   0x00000050   Code   RO         6159    i.UART_DMAError     stm32h7xx_hal_uart.o
    0x0800b2d6   0x0800b2d6   0x00000084   Code   RO         6160    i.UART_DMAReceiveCplt  stm32h7xx_hal_uart.o
    0x0800b35a   0x0800b35a   0x00000020   Code   RO         6162    i.UART_DMARxHalfCplt  stm32h7xx_hal_uart.o
    0x0800b37a   0x0800b37a   0x00000042   Code   RO         6164    i.UART_DMATransmitCplt  stm32h7xx_hal_uart.o
    0x0800b3bc   0x0800b3bc   0x0000000a   Code   RO         6166    i.UART_DMATxHalfCplt  stm32h7xx_hal_uart.o
    0x0800b3c6   0x0800b3c6   0x00000002   PAD
    0x0800b3c8   0x0800b3c8   0x00000054   Code   RO         6168    i.UART_EndRxTransfer  stm32h7xx_hal_uart.o
    0x0800b41c   0x0800b41c   0x00000024   Code   RO         6169    i.UART_EndTransmit_IT  stm32h7xx_hal_uart.o
    0x0800b440   0x0800b440   0x0000002e   Code   RO         6170    i.UART_EndTxTransfer  stm32h7xx_hal_uart.o
    0x0800b46e   0x0800b46e   0x00000002   PAD
    0x0800b470   0x0800b470   0x00000490   Code   RO         6175    i.UART_SetConfig    stm32h7xx_hal_uart.o
    0x0800b900   0x0800b900   0x000000a4   Code   RO         6176    i.UART_Start_Receive_DMA  stm32h7xx_hal_uart.o
    0x0800b9a4   0x0800b9a4   0x00000098   Code   RO         6182    i.UART_WaitOnFlagUntilTimeout  stm32h7xx_hal_uart.o
    0x0800ba3c   0x0800ba3c   0x00000084   Code   RO         6943    i.UI_Show_menu      ui.o
    0x0800bac0   0x0800bac0   0x00000020   Code   RO          823    i.USART1_IRQHandler  stm32h7xx_it.o
    0x0800bae0   0x0800bae0   0x00000002   Code   RO          824    i.UsageFault_Handler  stm32h7xx_it.o
    0x0800bae2   0x0800bae2   0x00000002   PAD
    0x0800bae4   0x0800bae4   0x00000058   Code   RO         7214    i.WS2812_Init       ws2812.o
    0x0800bb3c   0x0800bb3c   0x0000005c   Code   RO         7215    i.WS2812_LED_Set    ws2812.o
    0x0800bb98   0x0800bb98   0x00000034   Code   RO         7654    i.__0vsnprintf      mc_w.l(printfa.o)
    0x0800bbcc   0x0800bbcc   0x00000024   Code   RO         7655    i.__0vsprintf       mc_w.l(printfa.o)
    0x0800bbf0   0x0800bbf0   0x00000030   Code   RO         7704    i.__ARM_fpclassify  m_wm.l(fpclassify.o)
    0x0800bc20   0x0800bc20   0x00000020   Code   RO         2885    i.__NVIC_SetPriority  stm32h7xx_hal_cortex.o
    0x0800bc40   0x0800bc40   0x00000014   Code   RO         7615    i.__hardfp_fabs     m_wm.l(fabs.o)
    0x0800bc54   0x0800bc54   0x00000004   PAD
    0x0800bc58   0x0800bc58   0x00000c50   Code   RO         7621    i.__hardfp_pow      m_wm.l(pow.o)
    0x0800c8a8   0x0800c8a8   0x000000f8   Code   RO         7706    i.__kernel_poly     m_wm.l(poly.o)
    0x0800c9a0   0x0800c9a0   0x00000030   Code   RO         7690    i.__mathlib_dbl_divzero  m_wm.l(dunder.o)
    0x0800c9d0   0x0800c9d0   0x00000014   Code   RO         7692    i.__mathlib_dbl_infnan2  m_wm.l(dunder.o)
    0x0800c9e4   0x0800c9e4   0x00000004   PAD
    0x0800c9e8   0x0800c9e8   0x00000020   Code   RO         7693    i.__mathlib_dbl_invalid  m_wm.l(dunder.o)
    0x0800ca08   0x0800ca08   0x00000020   Code   RO         7694    i.__mathlib_dbl_overflow  m_wm.l(dunder.o)
    0x0800ca28   0x0800ca28   0x00000020   Code   RO         7696    i.__mathlib_dbl_underflow  m_wm.l(dunder.o)
    0x0800ca48   0x0800ca48   0x0000000e   Code   RO         7780    i.__scatterload_copy  mc_w.l(handlers.o)
    0x0800ca56   0x0800ca56   0x00000002   Code   RO         7781    i.__scatterload_null  mc_w.l(handlers.o)
    0x0800ca58   0x0800ca58   0x0000000e   Code   RO         7782    i.__scatterload_zeroinit  mc_w.l(handlers.o)
    0x0800ca66   0x0800ca66   0x00000002   PAD
    0x0800ca68   0x0800ca68   0x0000000c   Code   RO         7750    i.__set_errno       mc_w.l(errno.o)
    0x0800ca74   0x0800ca74   0x00000184   Code   RO         7656    i._fp_digits        mc_w.l(printfa.o)
    0x0800cbf8   0x0800cbf8   0x000006b4   Code   RO         7657    i._printf_core      mc_w.l(printfa.o)
    0x0800d2ac   0x0800d2ac   0x00000024   Code   RO         7658    i._printf_post_padding  mc_w.l(printfa.o)
    0x0800d2d0   0x0800d2d0   0x0000002e   Code   RO         7659    i._printf_pre_padding  mc_w.l(printfa.o)
    0x0800d2fe   0x0800d2fe   0x00000016   Code   RO         7660    i._snputc           mc_w.l(printfa.o)
    0x0800d314   0x0800d314   0x0000000a   Code   RO         7661    i._sputc            mc_w.l(printfa.o)
    0x0800d31e   0x0800d31e   0x00000002   PAD
    0x0800d320   0x0800d320   0x00000014   Code   RO         7577    i.delay_init        delay.o
    0x0800d334   0x0800d334   0x00000036   Code   RO         7578    i.delay_ms          delay.o
    0x0800d36a   0x0800d36a   0x00000002   PAD
    0x0800d36c   0x0800d36c   0x00000038   Code   RO         7579    i.delay_us          delay.o
    0x0800d3a4   0x0800d3a4   0x00000018   Code   RO         7617    i.fabs              m_wm.l(fabs.o)
    0x0800d3bc   0x0800d3bc   0x00000040   Code   RO         6944    i.getDigits         ui.o
    0x0800d3fc   0x0800d3fc   0x0000002c   Code   RO         6707    i.get_battery_voltage  control.o
    0x0800d428   0x0800d428   0x00000074   Code   RO         7518    i.get_moto_measure  bsp_can.o
    0x0800d49c   0x0800d49c   0x00000038   Code   RO         6708    i.get_potentiometer_voltage  control.o
    0x0800d4d4   0x0800d4d4   0x000000bc   Code   RO         7335    i.key_scan          key.o
    0x0800d590   0x0800d590   0x000001e4   Code   RO           17    i.main              main.o
    0x0800d774   0x0800d774   0x0000001c   Code   RO         6945    i.main_menu         ui.o
    0x0800d790   0x0800d790   0x00000020   Code   RO         6946    i.param_func        ui.o
    0x0800d7b0   0x0800d7b0   0x0000022c   Code   RO         6842    i.pid_calculate     pid.o
    0x0800d9dc   0x0800d9dc   0x0000001c   Code   RO         6844    i.pid_init          pid.o
    0x0800d9f8   0x0800d9f8   0x00000030   Code   RO         6845    i.pid_param_init    pid.o
    0x0800da28   0x0800da28   0x0000000e   Code   RO         6846    i.pid_reset         pid.o
    0x0800da36   0x0800da36   0x00000002   PAD
    0x0800da38   0x0800da38   0x0000002c   Code   RO         6709    i.potAngle_PID_Control  control.o
    0x0800da64   0x0800da64   0x00000250   Code   RO         6947    i.run_func          ui.o
    0x0800dcb4   0x0800dcb4   0x000002e8   Code   RO         6948    i.run_menu          ui.o
    0x0800df9c   0x0800df9c   0x000005c8   Code   RO         6949    i.run_parameter     ui.o
    0x0800e564   0x0800e564   0x00000054   Code   RO         7521    i.set_moto_current  bsp_can.o
    0x0800e5b8   0x0800e5b8   0x0000006e   Code   RO         7711    i.sqrt              m_wm.l(sqrt.o)
    0x0800e626   0x0800e626   0x00000002   PAD
    0x0800e628   0x0800e628   0x00000030   Code   RO          730    i.uart_printf       usart.o
    0x0800e658   0x0800e658   0x00000008   Data   RO         2174    .constdata          stm32h7xx_hal_dma.o
    0x0800e660   0x0800e660   0x0000005c   Data   RO         4027    .constdata          stm32h7xx_hal_fdcan.o
    0x0800e6bc   0x0800e6bc   0x00000018   Data   RO         6183    .constdata          stm32h7xx_hal_uart.o
    0x0800e6d4   0x0800e6d4   0x00000010   Data   RO         6554    .constdata          stm32h7xx_hal_uart_ex.o
    0x0800e6e4   0x0800e6e4   0x00000010   Data   RO         6663    .constdata          system_stm32h7xx.o
    0x0800e6f4   0x0800e6f4   0x00000174   Data   RO         6951    .constdata          ui.o
    0x0800e868   0x0800e868   0x00006374   Data   RO         7386    .constdata          lcd_st7789s.o
    0x08014bdc   0x08014bdc   0x00000004   PAD
    0x08014be0   0x08014be0   0x00000088   Data   RO         7624    .constdata          m_wm.l(pow.o)
    0x08014c68   0x08014c68   0x00000008   Data   RO         7708    .constdata          m_wm.l(qnan.o)
    0x08014c70   0x08014c70   0x000000f4   Data   RO         6952    .conststring        ui.o
    0x08014d64   0x08014d64   0x00000020   Data   RO         7778    Region$$Table       anon$$obj.o


    Execution Region RW_IRAM1 (Exec base: 0x20000000, Load base: 0x08014d84, Size: 0x00000000, Max: 0x00020000, ABSOLUTE)

    **** No section assigned to this execution region ****


    Execution Region RW_IRAM2 (Exec base: 0x24000000, Load base: 0x08014d84, Size: 0x00009500, Max: 0x00080000, ABSOLUTE)

    Exec Addr    Load Addr    Size         Type   Attr      Idx    E Section Name        Object

    0x24000000   0x08014d84   0x00000004   Data   RW          509    .data               opamp.o
    0x24000004   0x08014d88   0x00000020   Data   RW          658    .data               tim.o
    0x24000024   0x08014da8   0x0000000c   Data   RW         3065    .data               stm32h7xx_hal.o
    0x24000030   0x08014db4   0x00000008   Data   RW         6664    .data               system_stm32h7xx.o
    0x24000038   0x08014dbc   0x00000004   Data   RW         6711    .data               control.o
    0x2400003c   0x08014dc0   0x00000004   Data   RW         6896    .data               uart_unpack.o
    0x24000040   0x08014dc4   0x00000010   Data   RW         6953    .data               ui.o
    0x24000050   0x08014dd4   0x00000001   Data   RW         7336    .data               key.o
    0x24000051   0x08014dd5   0x00000003   PAD
    0x24000054   0x08014dd8   0x00000018   Data   RW         7523    .data               bsp_can.o
    0x2400006c   0x08014df0   0x00000004   Data   RW         7580    .data               delay.o
    0x24000070   0x08014df4   0x00000004   Data   RW         7751    .data               mc_w.l(errno.o)
    0x24000074        -       0x000000c8   Zero   RW          328    .bss                adc.o
    0x2400013c        -       0x000000a0   Zero   RW          399    .bss                fdcan.o
    0x240001dc        -       0x000000a8   Zero   RW          442    .bss                i2c.o
    0x24000284        -       0x00000068   Zero   RW          508    .bss                opamp.o
    0x240002ec        -       0x00000014   Zero   RW          556    .bss                rng.o
    0x24000300        -       0x00000210   Zero   RW          600    .bss                spi.o
    0x24000510        -       0x000001a8   Zero   RW          657    .bss                tim.o
    0x240006b8        -       0x0000067c   Zero   RW          731    .bss                usart.o
    0x24000d34        -       0x00000418   Zero   RW         6710    .bss                control.o
    0x2400114c        -       0x00000180   Zero   RW         6895    .bss                uart_unpack.o
    0x240012cc        -       0x00000128   Zero   RW         7216    .bss                ws2812.o
    0x240013f4        -       0x0000010c   Zero   RW         7522    .bss                bsp_can.o
    0x24001500        -       0x00008000   Zero   RW            1    STACK               startup_stm32h750xx.o



  Load Region LR$$.ARM.__AT_0x080AC210 (Base: 0x080ac210, Size: 0x00153d80, Max: 0x00153d80, ABSOLUTE)

    Execution Region ER$$.ARM.__AT_0x080AC210 (Exec base: 0x080ac210, Load base: 0x080ac210, Size: 0x00153d80, Max: 0x00153d80, ABSOLUTE, UNINIT)

    Exec Addr    Load Addr    Size         Type   Attr      Idx    E Section Name        Object

    0x080ac210   0x080ac210   0x00153d80   Data   RO         6950    .ARM.__AT_0x080AC210  ui.o


==============================================================================

Image component sizes


      Code (inc. data)   RO Data    RW Data    ZI Data      Debug   Object Name

       492         44          0          0        200       2874   adc.o
       408         40          0         24        268       4710   bsp_can.o
      1004        102          0          4       1048       8087   control.o
       130         10          0          4          0       2207   delay.o
       172          4          0          0          0       1026   dma.o
       664         14          0          0          0       5517   eeprom.o
       260         24          0          0        160       2043   fdcan.o
       324         24          0          0          0       1287   gpio.o
       424         42          0          0        168       2802   i2c.o
       188         22          0          1          0        958   key.o
      2010         82      25460          0          0      15133   lcd_st7789s.o
       850         96          0          0          0    1437278   main.o
       316         46          0          4        104       2792   opamp.o
       646         22          0          0          0       3363   pid.o
       116         18          0          0         20       1867   rng.o
       740         64          0          0        528       3692   spi.o
        36          8        664          0      32768        872   startup_stm32h750xx.o
       260         56          0         12          0      25025   stm32h7xx_hal.o
      2520        188          0          0          0      73598   stm32h7xx_hal_adc.o
       468         30          0          0          0      64517   stm32h7xx_hal_adc_ex.o
       374         30          0          0          0      42903   stm32h7xx_hal_cortex.o
      6476        144          8          0          0      14882   stm32h7xx_hal_dma.o
      2840         50         92          0          0      24928   stm32h7xx_hal_fdcan.o
       576         50          0          0          0       3295   stm32h7xx_hal_gpio.o
      1708         36          0          0          0      11702   stm32h7xx_hal_i2c.o
       216         10          0          0          0       2922   stm32h7xx_hal_i2c_ex.o
        60          4          0          0          0       1042   stm32h7xx_hal_msp.o
       310         10          0          0          0       2675   stm32h7xx_hal_opamp.o
        88          6          0          0          0        869   stm32h7xx_hal_pwr_ex.o
      2880        126          0          0          0       8412   stm32h7xx_hal_rcc.o
      6042        176          0          0          0      14619   stm32h7xx_hal_rcc_ex.o
       264          0          0          0          0       2454   stm32h7xx_hal_rng.o
      1862         18          0          0          0      10614   stm32h7xx_hal_spi.o
      2406        230          0          0          0      20196   stm32h7xx_hal_tim.o
       916         82          0          0          0       7955   stm32h7xx_hal_tim_ex.o
      3542        156         24          0          0      39210   stm32h7xx_hal_uart.o
       374          6         16          0          0       6825   stm32h7xx_hal_uart_ex.o
       272        108          0          0          0      12840   stm32h7xx_it.o
       220         42         16          8          0       1554   system_stm32h7xx.o
      1292        128          0         32        424       6499   tim.o
       520         62          0          4        384       4601   uart_unpack.o
      3096        260    1392616         16          0       9241   ui.o
      1584        108          0          0       1660       6802   usart.o
       180         18          0          0        296       2233   ws2812.o

    ----------------------------------------------------------------------
     50184       2796    1418932        112      38028    1918921   Object Totals
         0          0         32          0          0          0   (incl. Generated)
        58          0          4          3          0          0   (incl. Padding)

    ----------------------------------------------------------------------

      Code (inc. data)   RO Data    RW Data    ZI Data      Debug   Library Member Name

       164         44          0          0          0        620   dunder.o
        44          0          0          0          0        248   fabs.o
        48          0          0          0          0        124   fpclassify.o
       248          0          0          0          0        152   poly.o
      3152        296        136          0          0        352   pow.o
         0          0          8          0          0          0   qnan.o
       110          0          0          0          0        148   sqrt.o
         0          0          0          0          0          0   entry.o
         0          0          0          0          0          0   entry10a.o
         0          0          0          0          0          0   entry11a.o
         4          0          0          0          0          0   entry12b.o
         8          4          0          0          0          0   entry2.o
         4          0          0          0          0          0   entry5.o
         0          0          0          0          0          0   entry7b.o
         0          0          0          0          0          0   entry8b.o
         8          4          0          0          0          0   entry9a.o
        12          6          0          4          0         68   errno.o
        30          0          0          0          0          0   handlers.o
        36          8          0          0          0         68   init.o
         0          0          0          0          0          0   iusefp.o
        30          0          0          0          0         68   llshl.o
        36          0          0          0          0         68   llsshr.o
        32          0          0          0          0         68   llushr.o
        36          0          0          0          0         68   memcpya.o
        36          0          0          0          0        108   memseta.o
      2306         92          0          0          0        676   printfa.o
        28          0          0          0          0         76   strcmp.o
        44          0          0          0          0         80   uidiv.o
        98          0          0          0          0         92   uldiv.o
        48          0          0          0          0         68   cdrcmple.o
        56          0          0          0          0         88   d2f.o
       334          0          0          0          0        148   dadd.o
       222          0          0          0          0        100   ddiv.o
       186          0          0          0          0        176   depilogue.o
        50          0          0          0          0         76   dfixui.o
        48          0          0          0          0         68   dfixul.o
        34          0          0          0          0         76   dflti.o
        26          0          0          0          0         76   dfltui.o
       228          0          0          0          0         96   dmul.o
        46          0          0          0          0         80   dscalb.o
       162          0          0          0          0        100   dsqrt.o
        38          0          0          0          0         68   f2d.o
       110          0          0          0          0        168   fepilogue.o

    ----------------------------------------------------------------------
      8120        454        144          4          0       4472   Library Totals
        18          0          0          0          0          0   (incl. Padding)

    ----------------------------------------------------------------------

      Code (inc. data)   RO Data    RW Data    ZI Data      Debug   Library Name

      3766        340        144          0          0       1644   m_wm.l
      2748        114          0          4          0       1440   mc_w.l
      1588          0          0          0          0       1388   mf_w.l

    ----------------------------------------------------------------------
      8120        454        144          4          0       4472   Library Totals

    ----------------------------------------------------------------------

==============================================================================


      Code (inc. data)   RO Data    RW Data    ZI Data      Debug   

     58304       3250    1419076        116      38028    1891989   Grand Totals
     58304       3250    1419076        116      38028    1891989   ELF Image Totals
     58304       3250    1419076        116          0          0   ROM Totals

==============================================================================

    Total RO  Size (Code + RO Data)              1477380 (1442.75kB)
    Total RW  Size (RW Data + ZI Data)             38144 (  37.25kB)
    Total ROM Size (Code + RO Data + RW Data)    1477496 (1442.87kB)

==============================================================================

