Component: Arm Compiler for Embedded 6.22 Tool: armlink [5ee90200]

==============================================================================

Section Cross References

    startup_stm32f407xx.o(RESET) refers to startup_stm32f407xx.o(STACK) for __initial_sp
    startup_stm32f407xx.o(RESET) refers to startup_stm32f407xx.o(.text) for Reset_Handler
    startup_stm32f407xx.o(RESET) refers to stm32f4xx_it.o(.text.NMI_Handler) for NMI_Handler
    startup_stm32f407xx.o(RESET) refers to stm32f4xx_it.o(.text.HardFault_Handler) for HardFault_Handler
    startup_stm32f407xx.o(RESET) refers to stm32f4xx_it.o(.text.MemManage_Handler) for MemManage_Handler
    startup_stm32f407xx.o(RESET) refers to stm32f4xx_it.o(.text.BusFault_Handler) for BusFault_Handler
    startup_stm32f407xx.o(RESET) refers to stm32f4xx_it.o(.text.UsageFault_Handler) for UsageFault_Handler
    startup_stm32f407xx.o(RESET) refers to stm32f4xx_it.o(.text.SVC_Handler) for SVC_Handler
    startup_stm32f407xx.o(RESET) refers to stm32f4xx_it.o(.text.DebugMon_Handler) for DebugMon_Handler
    startup_stm32f407xx.o(RESET) refers to stm32f4xx_it.o(.text.PendSV_Handler) for PendSV_Handler
    startup_stm32f407xx.o(RESET) refers to stm32f4xx_it.o(.text.SysTick_Handler) for SysTick_Handler
    startup_stm32f407xx.o(RESET) refers to stm32f4xx_it.o(.text.DMA1_Stream1_IRQHandler) for DMA1_Stream1_IRQHandler
    startup_stm32f407xx.o(RESET) refers to stm32f4xx_it.o(.text.DMA1_Stream3_IRQHandler) for DMA1_Stream3_IRQHandler
    startup_stm32f407xx.o(RESET) refers to stm32f4xx_it.o(.text.DMA1_Stream5_IRQHandler) for DMA1_Stream5_IRQHandler
    startup_stm32f407xx.o(RESET) refers to stm32f4xx_it.o(.text.DMA1_Stream6_IRQHandler) for DMA1_Stream6_IRQHandler
    startup_stm32f407xx.o(RESET) refers to stm32f4xx_it.o(.text.TIM1_UP_TIM10_IRQHandler) for TIM1_UP_TIM10_IRQHandler
    startup_stm32f407xx.o(RESET) refers to stm32f4xx_it.o(.text.USART1_IRQHandler) for USART1_IRQHandler
    startup_stm32f407xx.o(RESET) refers to stm32f4xx_it.o(.text.USART2_IRQHandler) for USART2_IRQHandler
    startup_stm32f407xx.o(RESET) refers to stm32f4xx_it.o(.text.USART3_IRQHandler) for USART3_IRQHandler
    startup_stm32f407xx.o(RESET) refers to stm32f4xx_it.o(.text.TIM8_BRK_TIM12_IRQHandler) for TIM8_BRK_TIM12_IRQHandler
    startup_stm32f407xx.o(RESET) refers to stm32f4xx_it.o(.text.TIM8_TRG_COM_TIM14_IRQHandler) for TIM8_TRG_COM_TIM14_IRQHandler
    startup_stm32f407xx.o(RESET) refers to stm32f4xx_it.o(.text.DMA1_Stream7_IRQHandler) for DMA1_Stream7_IRQHandler
    startup_stm32f407xx.o(RESET) refers to stm32f4xx_it.o(.text.SPI3_IRQHandler) for SPI3_IRQHandler
    startup_stm32f407xx.o(RESET) refers to stm32f4xx_it.o(.text.DMA2_Stream2_IRQHandler) for DMA2_Stream2_IRQHandler
    startup_stm32f407xx.o(RESET) refers to stm32f4xx_it.o(.text.DMA2_Stream7_IRQHandler) for DMA2_Stream7_IRQHandler
    startup_stm32f407xx.o(.text) refers to system_stm32f4xx.o(.text.SystemInit) for SystemInit
    startup_stm32f407xx.o(.text) refers to entry.o(.ARM.Collect$$$$00000000) for __main
    main.o(.text.main) refers to stm32f4xx_hal.o(.text.HAL_Init) for HAL_Init
    main.o(.text.main) refers to main.o(.text.SystemClock_Config) for SystemClock_Config
    main.o(.text.main) refers to delay.o(.text.delay_init) for delay_init
    main.o(.text.main) refers to gpio.o(.text.MX_GPIO_Init) for MX_GPIO_Init
    main.o(.text.main) refers to dma.o(.text.MX_DMA_Init) for MX_DMA_Init
    main.o(.text.main) refers to usart.o(.text.MX_USART1_UART_Init) for MX_USART1_UART_Init
    main.o(.text.main) refers to tim.o(.text.MX_TIM1_Init) for MX_TIM1_Init
    main.o(.text.main) refers to spi.o(.text.MX_SPI3_Init) for MX_SPI3_Init
    main.o(.text.main) refers to i2c.o(.text.MX_I2C3_Init) for MX_I2C3_Init
    main.o(.text.main) refers to tim.o(.text.MX_TIM4_Init) for MX_TIM4_Init
    main.o(.text.main) refers to tim.o(.text.MX_TIM5_Init) for MX_TIM5_Init
    main.o(.text.main) refers to tim.o(.text.MX_TIM3_Init) for MX_TIM3_Init
    main.o(.text.main) refers to tim.o(.text.MX_TIM12_Init) for MX_TIM12_Init
    main.o(.text.main) refers to tim.o(.text.MX_TIM14_Init) for MX_TIM14_Init
    main.o(.text.main) refers to usart.o(.text.MX_USART3_UART_Init) for MX_USART3_UART_Init
    main.o(.text.main) refers to tim.o(.text.MX_TIM2_Init) for MX_TIM2_Init
    main.o(.text.main) refers to rng.o(.text.MX_RNG_Init) for MX_RNG_Init
    main.o(.text.main) refers to usart.o(.text.MX_USART2_UART_Init) for MX_USART2_UART_Init
    main.o(.text.main) refers to lcd_st7789s.o(.text.TFTSPI_Init) for TFTSPI_Init
    main.o(.text.main) refers to ws2812.o(.text.WS2812_Init) for WS2812_Init
    main.o(.text.main) refers to control.o(.bss.the_car) for the_car
    main.o(.text.main) refers to control.o(.text.Control_Init) for Control_Init
    main.o(.text.main) refers to eeprom.o(.text.E2P_Check) for E2P_Check
    main.o(.text.main) refers to lcd_st7789s.o(.text.TFT_Printf) for TFT_Printf
[...]
    [Anonymous Symbol]                       0x080076bc   Section        0  stm32f4xx_hal_tim.o(.text.TIM_DMAError)
    [Anonymous Symbol]                       0x08007718   Section        0  control.o(.text.Target_Speed_CLoop_PID_Control)
    [Anonymous Symbol]                       0x08007800   Section        0  control.o(.text.Turn_Gyro_PID_Control)
    [Anonymous Symbol]                       0x08007820   Section        0  control.o(.text.Turn_Position_PID_Control)
    UART_DMAAbortOnError                     0x08007851   Thumb Code    12  stm32f4xx_hal_uart.o(.text.UART_DMAAbortOnError)
    [Anonymous Symbol]                       0x08007850   Section        0  stm32f4xx_hal_uart.o(.text.UART_DMAAbortOnError)
    UART_DMAError                            0x0800785d   Thumb Code   162  stm32f4xx_hal_uart.o(.text.UART_DMAError)
    [Anonymous Symbol]                       0x0800785c   Section        0  stm32f4xx_hal_uart.o(.text.UART_DMAError)
    UART_DMAReceiveCplt                      0x08007901   Thumb Code   128  stm32f4xx_hal_uart.o(.text.UART_DMAReceiveCplt)
    [Anonymous Symbol]                       0x08007900   Section        0  stm32f4xx_hal_uart.o(.text.UART_DMAReceiveCplt)
    UART_DMARxHalfCplt                       0x08007981   Thumb Code    24  stm32f4xx_hal_uart.o(.text.UART_DMARxHalfCplt)
    [Anonymous Symbol]                       0x08007980   Section        0  stm32f4xx_hal_uart.o(.text.UART_DMARxHalfCplt)
    UART_DMATransmitCplt                     0x08007999   Thumb Code    62  stm32f4xx_hal_uart.o(.text.UART_DMATransmitCplt)
    [Anonymous Symbol]                       0x08007998   Section        0  stm32f4xx_hal_uart.o(.text.UART_DMATransmitCplt)
    UART_DMATxHalfCplt                       0x080079d9   Thumb Code     6  stm32f4xx_hal_uart.o(.text.UART_DMATxHalfCplt)
    [Anonymous Symbol]                       0x080079d8   Section        0  stm32f4xx_hal_uart.o(.text.UART_DMATxHalfCplt)
    UART_Receive_IT                          0x080079e1   Thumb Code   192  stm32f4xx_hal_uart.o(.text.UART_Receive_IT)
    [Anonymous Symbol]                       0x080079e0   Section        0  stm32f4xx_hal_uart.o(.text.UART_Receive_IT)
    UART_SetConfig                           0x08007aa1   Thumb Code   222  stm32f4xx_hal_uart.o(.text.UART_SetConfig)
    [Anonymous Symbol]                       0x08007aa0   Section        0  stm32f4xx_hal_uart.o(.text.UART_SetConfig)
    [Anonymous Symbol]                       0x08007b80   Section        0  stm32f4xx_it.o(.text.USART1_IRQHandler)
    [Anonymous Symbol]                       0x08007ba4   Section        0  stm32f4xx_it.o(.text.USART2_IRQHandler)
    [Anonymous Symbol]                       0x08007bc8   Section        0  stm32f4xx_it.o(.text.USART3_IRQHandler)
    [Anonymous Symbol]                       0x08007bec   Section        0  stm32f4xx_it.o(.text.UsageFault_Handler)
    [Anonymous Symbol]                       0x08007bf0   Section        0  ws2812.o(.text.WS2812_Init)
    [Anonymous Symbol]                       0x08007c70   Section        0  ws2812.o(.text.WS2812_LED_Set)
    [Anonymous Symbol]                       0x08007cc4   Section        0  delay.o(.text.delay_init)
    [Anonymous Symbol]                       0x08007cdc   Section        0  delay.o(.text.delay_ms)
    [Anonymous Symbol]                       0x08007d68   Section        0  key.o(.text.key_scan)
    [Anonymous Symbol]                       0x08007ec8   Section        0  main.o(.text.main)
    [Anonymous Symbol]                       0x08008018   Section        0  ui.o(.text.main_menu)
    [Anonymous Symbol]                       0x0800806c   Section        0  ui.o(.text.param_func)
    pid_calculate                            0x080082fd   Thumb Code   404  pid.o(.text.pid_calculate)
    [Anonymous Symbol]                       0x080082fc   Section        0  pid.o(.text.pid_calculate)
    [Anonymous Symbol]                       0x08008494   Section        0  pid.o(.text.pid_init)
    pid_param_init                           0x080084b5   Thumb Code    40  pid.o(.text.pid_param_init)
    [Anonymous Symbol]                       0x080084b4   Section        0  pid.o(.text.pid_param_init)
    pid_reset                                0x080084dd   Thumb Code    14  pid.o(.text.pid_reset)
    [Anonymous Symbol]                       0x080084dc   Section        0  pid.o(.text.pid_reset)
    [Anonymous Symbol]                       0x080084ec   Section        0  ui.o(.text.run_func)
    [Anonymous Symbol]                       0x0800878c   Section        0  ui.o(.text.run_menu)
    [Anonymous Symbol]                       0x08008988   Section        0  ui.o(.text.run_parameter)
    [Anonymous Symbol]                       0x080090b8   Section        0  usart.o(.text.uart_printf)
    i.__0vsnprintf                           0x080090f8   Section        0  printfa.o(i.__0vsnprintf)
    i.__0vsprintf                            0x0800912c   Section        0  printfa.o(i.__0vsprintf)
    i.__ARM_fpclassify                       0x08009150   Section        0  fpclassify.o(i.__ARM_fpclassify)
    i.__hardfp_pow                           0x08009180   Section        0  pow.o(i.__hardfp_pow)
    i.__kernel_poly                          0x08009de0   Section        0  poly.o(i.__kernel_poly)
    i.__mathlib_dbl_divzero                  0x08009ed8   Section        0  dunder.o(i.__mathlib_dbl_divzero)
    i.__mathlib_dbl_infnan2                  0x08009f08   Section        0  dunder.o(i.__mathlib_dbl_infnan2)
    i.__mathlib_dbl_invalid                  0x08009f20   Section        0  dunder.o(i.__mathlib_dbl_invalid)
    i.__mathlib_dbl_overflow                 0x08009f40   Section        0  dunder.o(i.__mathlib_dbl_overflow)
    i.__mathlib_dbl_underflow                0x08009f60   Section        0  dunder.o(i.__mathlib_dbl_underflow)
    i.__scatterload_copy                     0x08009f80   Section       14  handlers.o(i.__scatterload_copy)
    i.__scatterload_null                     0x08009f8e   Section        2  handlers.o(i.__scatterload_null)
    i.__scatterload_zeroinit                 0x08009f90   Section       14  handlers.o(i.__scatterload_zeroinit)
    i.__set_errno                            0x08009fa0   Section        0  errno.o(i.__set_errno)
    _fp_digits                               0x08009fad   Thumb Code   366  printfa.o(i._fp_digits)
    i._fp_digits                             0x08009fac   Section        0  printfa.o(i._fp_digits)
    _printf_core                             0x0800a131   Thumb Code  1744  printfa.o(i._printf_core)
    i._printf_core                           0x0800a130   Section        0  printfa.o(i._printf_core)
    _printf_post_padding                     0x0800a80d   Thumb Code    36  printfa.o(i._printf_post_padding)
    i._printf_post_padding                   0x0800a80c   Section        0  printfa.o(i._printf_post_padding)
    _printf_pre_padding                      0x0800a831   Thumb Code    46  printfa.o(i._printf_pre_padding)
    i._printf_pre_padding                    0x0800a830   Section        0  printfa.o(i._printf_pre_padding)
    _snputc                                  0x0800a85f   Thumb Code    22  printfa.o(i._snputc)
    i._snputc                                0x0800a85e   Section        0  printfa.o(i._snputc)
    _sputc                                   0x0800a875   Thumb Code    10  printfa.o(i._sputc)
    i._sputc                                 0x0800a874   Section        0  printfa.o(i._sputc)
    i.fabs                                   0x0800a87e   Section        0  fabs.o(i.fabs)
    i.sqrt                                   0x0800a896   Section        0  sqrt.o(i.sqrt)
    bp                                       0x0800a908   Data          16  pow.o(.constdata)
    .constdata                               0x0800a908   Section      136  pow.o(.constdata)
    dp_h                                     0x0800a918   Data          16  pow.o(.constdata)
    dp_l                                     0x0800a928   Data          16  pow.o(.constdata)
    L                                        0x0800a938   Data          48  pow.o(.constdata)
    P                                        0x0800a968   Data          40  pow.o(.constdata)
    .constdata                               0x0800a990   Section        8  qnan.o(.constdata)
    DMA_CalcBaseAndBitshift.flagBitshiftOffset 0x08010d24   Data           8  stm32f4xx_hal_dma.o(.rodata.cst8)
    [Anonymous Symbol]                       0x08010d24   Section        0  stm32f4xx_hal_dma.o(.rodata.cst8)
    .L.str.27                                0x08010d2c   Data           3  ui.o(.rodata.str1.1)
    [Anonymous Symbol]                       0x08010d2c   Section        0  ui.o(.rodata.str1.1)
    .L.str.11                                0x08010d2f   Data          11  ui.o(.rodata.str1.1)
    .L.str.10                                0x08010d3a   Data          11  ui.o(.rodata.str1.1)
    .L.str.9                                 0x08010d45   Data          11  ui.o(.rodata.str1.1)
    .L.str.32                                0x08010d5a   Data           5  ui.o(.rodata.str1.1)
    .L.str.30                                0x08010d5f   Data           4  ui.o(.rodata.str1.1)
    .L.str.31                                0x08010d63   Data           7  ui.o(.rodata.str1.1)
    _errno                                   0x20000000   Data           4  errno.o(.data)
    .data                                    0x20000000   Section        4  errno.o(.data)
    g_fac_us                                 0x20000384   Data           4  delay.o(.bss.g_fac_us)
    [Anonymous Symbol]                       0x20000384   Section        0  delay.o(.bss.g_fac_us)
    key_scan.delay_sta                       0x200009b4   Data           1  key.o(.bss.key_scan.delay_sta)
    [Anonymous Symbol]                       0x200009b4   Section        0  key.o(.bss.key_scan.delay_sta)
    run_parameter.Cursor_i_d0                0x20000cf8   Data           1  ui.o(.bss.run_parameter.Cursor_i_d0)
    [Anonymous Symbol]                       0x20000cf8   Section        0  ui.o(.bss.run_parameter.Cursor_i_d0)
    STACK                                    0x20000da8   Section    16384  startup_stm32f407xx.o(STACK)

    Global Symbols

    Symbol Name                              Value     Ov Type        Size  Object(Section)

    BuildAttributes$$THM_ISAv4$E$P$D$K$B$S$7EM$VFPi3$EXTD16$VFPS$VFMA$PE$A:L22UL41UL21$X:L11$S22US41US21$IEEE1$IW$~IW$USESV6$~STKCKD$USESV7$~SHL$OTIME$ROPI$IEEEX$EBA8$MICROLIB$REQ8$PRES8$EABIv2 0x00000000   Number         0  anon$$obj.o ABSOLUTE
    __cpp_initialize__aeabi_                  - Undefined Weak Reference
    __cxa_finalize                            - Undefined Weak Reference
    __decompress                              - Undefined Weak Reference
    _clock_init                               - Undefined Weak Reference
    _microlib_exit                            - Undefined Weak Reference
    __Vectors_Size                           0x00000188   Number         0  startup_stm32f407xx.o ABSOLUTE
    __Vectors                                0x08000000   Data           4  startup_stm32f407xx.o(RESET)
    __Vectors_End                            0x08000188   Data           0  startup_stm32f407xx.o(RESET)
    __main                                   0x08000189   Thumb Code     0  entry.o(.ARM.Collect$$$$00000000)
    _main_stk                                0x08000189   Thumb Code     0  entry2.o(.ARM.Collect$$$$00000001)
    _main_scatterload                        0x0800018d   Thumb Code     0  entry5.o(.ARM.Collect$$$$00000004)
    __main_after_scatterload                 0x08000191   Thumb Code     0  entry5.o(.ARM.Collect$$$$00000004)
    _main_clock                              0x08000191   Thumb Code     0  entry7b.o(.ARM.Collect$$$$00000008)
    _main_cpp_init                           0x08000191   Thumb Code     0  entry8b.o(.ARM.Collect$$$$0000000A)
    _main_init                               0x08000191   Thumb Code     0  entry9a.o(.ARM.Collect$$$$0000000B)
    __rt_final_cpp                           0x08000199   Thumb Code     0  entry10a.o(.ARM.Collect$$$$0000000D)
    __rt_final_exit                          0x08000199   Thumb Code     0  entry11a.o(.ARM.Collect$$$$0000000F)
    Reset_Handler                            0x0800019d   Thumb Code     8  startup_stm32f407xx.o(.text)
    ADC_IRQHandler                           0x080001b7   Thumb Code     0  startup_stm32f407xx.o(.text)
    CAN1_RX0_IRQHandler                      0x080001b7   Thumb Code     0  startup_stm32f407xx.o(.text)
    CAN1_RX1_IRQHandler                      0x080001b7   Thumb Code     0  startup_stm32f407xx.o(.text)
    CAN1_SCE_IRQHandler                      0x080001b7   Thumb Code     0  startup_stm32f407xx.o(.text)
    CAN1_TX_IRQHandler                       0x080001b7   Thumb Code     0  startup_stm32f407xx.o(.text)
    CAN2_RX0_IRQHandler                      0x080001b7   Thumb Code     0  startup_stm32f407xx.o(.text)
    CAN2_RX1_IRQHandler                      0x080001b7   Thumb Code     0  startup_stm32f407xx.o(.text)
    CAN2_SCE_IRQHandler                      0x080001b7   Thumb Code     0  startup_stm32f407xx.o(.text)
    CAN2_TX_IRQHandler                       0x080001b7   Thumb Code     0  startup_stm32f407xx.o(.text)
    DCMI_IRQHandler                          0x080001b7   Thumb Code     0  startup_stm32f407xx.o(.text)
    DMA1_Stream0_IRQHandler                  0x080001b7   Thumb Code     0  startup_stm32f407xx.o(.text)
    DMA1_Stream2_IRQHandler                  0x080001b7   Thumb Code     0  startup_stm32f407xx.o(.text)
    DMA1_Stream4_IRQHandler                  0x080001b7   Thumb Code     0  startup_stm32f407xx.o(.text)
    DMA2_Stream0_IRQHandler                  0x080001b7   Thumb Code     0  startup_stm32f407xx.o(.text)
    DMA2_Stream1_IRQHandler                  0x080001b7   Thumb Code     0  startup_stm32f407xx.o(.text)
    DMA2_Stream3_IRQHandler                  0x080001b7   Thumb Code     0  startup_stm32f407xx.o(.text)
    DMA2_Stream4_IRQHandler                  0x080001b7   Thumb Code     0  startup_stm32f407xx.o(.text)
    DMA2_Stream5_IRQHandler                  0x080001b7   Thumb Code     0  startup_stm32f407xx.o(.text)
    DMA2_Stream6_IRQHandler                  0x080001b7   Thumb Code     0  startup_stm32f407xx.o(.text)
    ETH_IRQHandler                           0x080001b7   Thumb Code     0  startup_stm32f407xx.o(.text)
    ETH_WKUP_IRQHandler                      0x080001b7   Thumb Code     0  startup_stm32f407xx.o(.text)
    EXTI0_IRQHandler                         0x080001b7   Thumb Code     0  startup_stm32f407xx.o(.text)
    EXTI15_10_IRQHandler                     0x080001b7   Thumb Code     0  startup_stm32f407xx.o(.text)
    EXTI1_IRQHandler                         0x080001b7   Thumb Code     0  startup_stm32f407xx.o(.text)
    EXTI2_IRQHandler                         0x080001b7   Thumb Code     0  startup_stm32f407xx.o(.text)
    EXTI3_IRQHandler                         0x080001b7   Thumb Code     0  startup_stm32f407xx.o(.text)
    EXTI4_IRQHandler                         0x080001b7   Thumb Code     0  startup_stm32f407xx.o(.text)
    EXTI9_5_IRQHandler                       0x080001b7   Thumb Code     0  startup_stm32f407xx.o(.text)
    FLASH_IRQHandler                         0x080001b7   Thumb Code     0  startup_stm32f407xx.o(.text)
    FMC_IRQHandler                           0x080001b7   Thumb Code     0  startup_stm32f407xx.o(.text)
    FPU_IRQHandler                           0x080001b7   Thumb Code     0  startup_stm32f407xx.o(.text)
    HASH_RNG_IRQHandler                      0x080001b7   Thumb Code     0  startup_stm32f407xx.o(.text)
    I2C1_ER_IRQHandler                       0x080001b7   Thumb Code     0  startup_stm32f407xx.o(.text)
    I2C1_EV_IRQHandler                       0x080001b7   Thumb Code     0  startup_stm32f407xx.o(.text)
    I2C2_ER_IRQHandler                       0x080001b7   Thumb Code     0  startup_stm32f407xx.o(.text)
    I2C2_EV_IRQHandler                       0x080001b7   Thumb Code     0  startup_stm32f407xx.o(.text)
    I2C3_ER_IRQHandler                       0x080001b7   Thumb Code     0  startup_stm32f407xx.o(.text)
    I2C3_EV_IRQHandler                       0x080001b7   Thumb Code     0  startup_stm32f407xx.o(.text)
    OTG_FS_IRQHandler                        0x080001b7   Thumb Code     0  startup_stm32f407xx.o(.text)
    OTG_FS_WKUP_IRQHandler                   0x080001b7   Thumb Code     0  startup_stm32f407xx.o(.text)
    OTG_HS_EP1_IN_IRQHandler                 0x080001b7   Thumb Code     0  startup_stm32f407xx.o(.text)
    OTG_HS_EP1_OUT_IRQHandler                0x080001b7   Thumb Code     0  startup_stm32f407xx.o(.text)
    OTG_HS_IRQHandler                        0x080001b7   Thumb Code     0  startup_stm32f407xx.o(.text)
    OTG_HS_WKUP_IRQHandler                   0x080001b7   Thumb Code     0  startup_stm32f407xx.o(.text)
    PVD_IRQHandler                           0x080001b7   Thumb Code     0  startup_stm32f407xx.o(.text)
    RCC_IRQHandler                           0x080001b7   Thumb Code     0  startup_stm32f407xx.o(.text)
    RTC_Alarm_IRQHandler                     0x080001b7   Thumb Code     0  startup_stm32f407xx.o(.text)
    RTC_WKUP_IRQHandler                      0x080001b7   Thumb Code     0  startup_stm32f407xx.o(.text)
    SDIO_IRQHandler                          0x080001b7   Thumb Code     0  startup_stm32f407xx.o(.text)
    SPI1_IRQHandler                          0x080001b7   Thumb Code     0  startup_stm32f407xx.o(.text)
    SPI2_IRQHandler                          0x080001b7   Thumb Code     0  startup_stm32f407xx.o(.text)
    TAMP_STAMP_IRQHandler                    0x080001b7   Thumb Code     0  startup_stm32f407xx.o(.text)
    TIM1_BRK_TIM9_IRQHandler                 0x080001b7   Thumb Code     0  startup_stm32f407xx.o(.text)
    TIM1_CC_IRQHandler                       0x080001b7   Thumb Code     0  startup_stm32f407xx.o(.text)
    TIM1_TRG_COM_TIM11_IRQHandler            0x080001b7   Thumb Code     0  startup_stm32f407xx.o(.text)
    TIM2_IRQHandler                          0x080001b7   Thumb Code     0  startup_stm32f407xx.o(.text)
    TIM3_IRQHandler                          0x080001b7   Thumb Code     0  startup_stm32f407xx.o(.text)
    TIM4_IRQHandler                          0x080001b7   Thumb Code     0  startup_stm32f407xx.o(.text)
    TIM5_IRQHandler                          0x080001b7   Thumb Code     0  startup_stm32f407xx.o(.text)
    TIM6_DAC_IRQHandler                      0x080001b7   Thumb Code     0  startup_stm32f407xx.o(.text)
    TIM7_IRQHandler                          0x080001b7   Thumb Code     0  startup_stm32f407xx.o(.text)
    TIM8_CC_IRQHandler                       0x080001b7   Thumb Code     0  startup_stm32f407xx.o(.text)
    TIM8_UP_TIM13_IRQHandler                 0x080001b7   Thumb Code     0  startup_stm32f407xx.o(.text)
    UART4_IRQHandler                         0x080001b7   Thumb Code     0  startup_stm32f407xx.o(.text)
    UART5_IRQHandler                         0x080001b7   Thumb Code     0  startup_stm32f407xx.o(.text)
    USART6_IRQHandler                        0x080001b7   Thumb Code     0  startup_stm32f407xx.o(.text)
    WWDG_IRQHandler                          0x080001b7   Thumb Code     0  startup_stm32f407xx.o(.text)
    __aeabi_uldivmod                         0x080001c1   Thumb Code    98  uldiv.o(.text)
    __aeabi_memcpy                           0x08000223   Thumb Code    36  memcpya.o(.text)
    __aeabi_memcpy4                          0x08000223   Thumb Code     0  memcpya.o(.text)
    __aeabi_memcpy8                          0x08000223   Thumb Code     0  memcpya.o(.text)
    __aeabi_memset                           0x08000247   Thumb Code    14  memseta.o(.text)
    __aeabi_memset4                          0x08000247   Thumb Code     0  memseta.o(.text)
    __aeabi_memset8                          0x08000247   Thumb Code     0  memseta.o(.text)
    __aeabi_memclr                           0x08000255   Thumb Code     4  memseta.o(.text)
    __aeabi_memclr4                          0x08000255   Thumb Code     0  memseta.o(.text)
    __aeabi_memclr8                          0x08000255   Thumb Code     0  memseta.o(.text)
    _memset$wrapper                          0x08000259   Thumb Code    18  memseta.o(.text)
    strcmp                                   0x0800026b   Thumb Code    28  strcmp.o(.text)
    __aeabi_dadd                             0x08000287   Thumb Code   322  dadd.o(.text)
    __aeabi_dsub                             0x080003c9   Thumb Code     6  dadd.o(.text)
    __aeabi_drsub                            0x080003cf   Thumb Code     6  dadd.o(.text)
    __aeabi_dmul                             0x080003d5   Thumb Code   228  dmul.o(.text)
    __aeabi_i2d                              0x080004b9   Thumb Code    34  dflti.o(.text)
    __aeabi_ui2d                             0x080004db   Thumb Code    26  dfltui.o(.text)
    __aeabi_d2uiz                            0x080004f5   Thumb Code    50  dfixui.o(.text)
    __aeabi_f2d                              0x08000527   Thumb Code    38  f2d.o(.text)
    __aeabi_d2f                              0x0800054d   Thumb Code    56  d2f.o(.text)
    __aeabi_uidiv                            0x08000585   Thumb Code     0  uidiv.o(.text)
    __aeabi_uidivmod                         0x08000585   Thumb Code    44  uidiv.o(.text)
    __aeabi_llsl                             0x080005b1   Thumb Code    30  llshl.o(.text)
    _ll_shift_l                              0x080005b1   Thumb Code     0  llshl.o(.text)
    __aeabi_llsr                             0x080005cf   Thumb Code    32  llushr.o(.text)
    _ll_ushift_r                             0x080005cf   Thumb Code     0  llushr.o(.text)
    __aeabi_lasr                             0x080005ef   Thumb Code    36  llsshr.o(.text)
    _ll_sshift_r                             0x080005ef   Thumb Code     0  llsshr.o(.text)
    __I$use$fp                               0x08000613   Thumb Code     0  iusefp.o(.text)
    _float_round                             0x08000613   Thumb Code    18  fepilogue.o(.text)
    _float_epilogue                          0x08000625   Thumb Code    92  fepilogue.o(.text)
    _double_round                            0x08000681   Thumb Code    30  depilogue.o(.text)
    _double_epilogue                         0x0800069f   Thumb Code   156  depilogue.o(.text)
    __aeabi_ddiv                             0x0800073b   Thumb Code   222  ddiv.o(.text)
    __ARM_scalbn                             0x08000819   Thumb Code    46  dscalb.o(.text)
    scalbn                                   0x08000819   Thumb Code     0  dscalb.o(.text)
    __aeabi_d2ulz                            0x08000847   Thumb Code    48  dfixul.o(.text)
    __aeabi_cdrcmple                         0x08000879   Thumb Code    48  cdrcmple.o(.text)
    __scatterload                            0x080008a9   Thumb Code    38  init.o(.text)
    __scatterload_rt2                        0x080008a9   Thumb Code     0  init.o(.text)
    _dsqrt                                   0x080008d9   Thumb Code   162  dsqrt.o(.text)
    BusFault_Handler                         0x0800097d   Thumb Code     2  stm32f4xx_it.o(.text.BusFault_Handler)
    Control_Init                             0x08000981   Thumb Code   468  control.o(.text.Control_Init)
    DMA1_Stream1_IRQHandler                  0x08000b7d   Thumb Code    12  stm32f4xx_it.o(.text.DMA1_Stream1_IRQHandler)
    DMA1_Stream3_IRQHandler                  0x08000b89   Thumb Code    12  stm32f4xx_it.o(.text.DMA1_Stream3_IRQHandler)
    DMA1_Stream5_IRQHandler                  0x08000b95   Thumb Code    12  stm32f4xx_it.o(.text.DMA1_Stream5_IRQHandler)
    DMA1_Stream6_IRQHandler                  0x08000ba1   Thumb Code    12  stm32f4xx_it.o(.text.DMA1_Stream6_IRQHandler)
    DMA1_Stream7_IRQHandler                  0x08000bad   Thumb Code    12  stm32f4xx_it.o(.text.DMA1_Stream7_IRQHandler)
    DMA2_Stream2_IRQHandler                  0x08000bb9   Thumb Code    12  stm32f4xx_it.o(.text.DMA2_Stream2_IRQHandler)
    DMA2_Stream7_IRQHandler                  0x08000bc5   Thumb Code    12  stm32f4xx_it.o(.text.DMA2_Stream7_IRQHandler)
    DebugMon_Handler                         0x08000bd1   Thumb Code     2  stm32f4xx_it.o(.text.DebugMon_Handler)
    E2P_Check                                0x08000bd5   Thumb Code   174  eeprom.o(.text.E2P_Check)
    E2P_Read_allParam                        0x08000c85   Thumb Code  2524  eeprom.o(.text.E2P_Read_allParam)
    E2P_WriteFloatNum                        0x08001661   Thumb Code   110  eeprom.o(.text.E2P_WriteFloatNum)
    E2P_WriteLenByte                         0x080016d1   Thumb Code   120  eeprom.o(.text.E2P_WriteLenByte)
    Error_Handler                            0x08001749   Thumb Code     6  main.o(.text.Error_Handler)
    Get_Motor_Speed                          0x08001751   Thumb Code   168  control.o(.text.Get_Motor_Speed)
    HAL_DMA_Abort                            0x08001809   Thumb Code   128  stm32f4xx_hal_dma.o(.text.HAL_DMA_Abort)
    HAL_DMA_Abort_IT                         0x08001889   Thumb Code    36  stm32f4xx_hal_dma.o(.text.HAL_DMA_Abort_IT)
    HAL_DMA_IRQHandler                       0x080018ad   Thumb Code   392  stm32f4xx_hal_dma.o(.text.HAL_DMA_IRQHandler)
    HAL_DMA_Init                             0x08001a35   Thumb Code   318  stm32f4xx_hal_dma.o(.text.HAL_DMA_Init)
    HAL_DMA_Start_IT                         0x08001b75   Thumb Code   160  stm32f4xx_hal_dma.o(.text.HAL_DMA_Start_IT)
    HAL_GPIO_Init                            0x08001c15   Thumb Code   404  stm32f4xx_hal_gpio.o(.text.HAL_GPIO_Init)
    HAL_GPIO_ReadPin                         0x08001da9   Thumb Code    10  stm32f4xx_hal_gpio.o(.text.HAL_GPIO_ReadPin)
    HAL_GPIO_WritePin                        0x08001db5   Thumb Code    10  stm32f4xx_hal_gpio.o(.text.HAL_GPIO_WritePin)
    HAL_GetTick                              0x08001dc1   Thumb Code    12  stm32f4xx_hal.o(.text.HAL_GetTick)
    HAL_I2C_Init                             0x08001dcd   Thumb Code   368  stm32f4xx_hal_i2c.o(.text.HAL_I2C_Init)
    HAL_I2C_Master_Receive                   0x08001f3d   Thumb Code  1452  stm32f4xx_hal_i2c.o(.text.HAL_I2C_Master_Receive)
    HAL_I2C_Master_Transmit                  0x080024e9   Thumb Code   848  stm32f4xx_hal_i2c.o(.text.HAL_I2C_Master_Transmit)
    HAL_I2C_MspInit                          0x08002839   Thumb Code   182  i2c.o(.text.HAL_I2C_MspInit)
    HAL_IncTick                              0x080028f1   Thumb Code    26  stm32f4xx_hal.o(.text.HAL_IncTick)
    HAL_Init                                 0x0800290d   Thumb Code    54  stm32f4xx_hal.o(.text.HAL_Init)
    HAL_InitTick                             0x08002945   Thumb Code    80  stm32f4xx_hal.o(.text.HAL_InitTick)
    HAL_MspInit                              0x08002995   Thumb Code   138  stm32f4xx_hal_msp.o(.text.HAL_MspInit)
    HAL_NVIC_EnableIRQ                       0x08002a21   Thumb Code    34  stm32f4xx_hal_cortex.o(.text.HAL_NVIC_EnableIRQ)
    HAL_NVIC_SetPriority                     0x08002a45   Thumb Code    86  stm32f4xx_hal_cortex.o(.text.HAL_NVIC_SetPriority)
    HAL_NVIC_SetPriorityGrouping             0x08002a9d   Thumb Code    32  stm32f4xx_hal_cortex.o(.text.HAL_NVIC_SetPriorityGrouping)
    HAL_RCC_ClockConfig                      0x08002abd   Thumb Code   352  stm32f4xx_hal_rcc.o(.text.HAL_RCC_ClockConfig)
    HAL_RCC_GetPCLK1Freq                     0x08002c1d   Thumb Code    38  stm32f4xx_hal_rcc.o(.text.HAL_RCC_GetPCLK1Freq)
    HAL_RCC_GetPCLK2Freq                     0x08002c45   Thumb Code    38  stm32f4xx_hal_rcc.o(.text.HAL_RCC_GetPCLK2Freq)
    HAL_RCC_GetSysClockFreq                  0x08002c6d   Thumb Code   106  stm32f4xx_hal_rcc.o(.text.HAL_RCC_GetSysClockFreq)
    HAL_RCC_OscConfig                        0x08002cd9   Thumb Code   860  stm32f4xx_hal_rcc.o(.text.HAL_RCC_OscConfig)
    HAL_RNG_GetRandomNumber                  0x08003035   Thumb Code   110  stm32f4xx_hal_rng.o(.text.HAL_RNG_GetRandomNumber)
    HAL_RNG_Init                             0x080030a5   Thumb Code    52  stm32f4xx_hal_rng.o(.text.HAL_RNG_Init)
    HAL_RNG_MspInit                          0x080030d9   Thumb Code    52  rng.o(.text.HAL_RNG_MspInit)
    HAL_SPI_ErrorCallback                    0x0800310d   Thumb Code     2  stm32f4xx_hal_spi.o(.text.HAL_SPI_ErrorCallback)
    HAL_SPI_IRQHandler                       0x08003111   Thumb Code   280  stm32f4xx_hal_spi.o(.text.HAL_SPI_IRQHandler)
    HAL_SPI_Init                             0x08003229   Thumb Code   176  stm32f4xx_hal_spi.o(.text.HAL_SPI_Init)
    HAL_SPI_MspInit                          0x080032d9   Thumb Code   194  spi.o(.text.HAL_SPI_MspInit)
    HAL_SPI_Transmit                         0x0800339d   Thumb Code   490  stm32f4xx_hal_spi.o(.text.HAL_SPI_Transmit)
    HAL_SYSTICK_CLKSourceConfig              0x08003589   Thumb Code    24  stm32f4xx_hal_cortex.o(.text.HAL_SYSTICK_CLKSourceConfig)
    HAL_SYSTICK_Config                       0x080035a1   Thumb Code    44  stm32f4xx_hal_cortex.o(.text.HAL_SYSTICK_Config)
    HAL_TIMEx_BreakCallback                  0x080035cd   Thumb Code     2  stm32f4xx_hal_tim_ex.o(.text.HAL_TIMEx_BreakCallback)
    HAL_TIMEx_CommutCallback                 0x080035d1   Thumb Code     2  stm32f4xx_hal_tim_ex.o(.text.HAL_TIMEx_CommutCallback)
    HAL_TIMEx_ConfigBreakDeadTime            0x080035d5   Thumb Code    76  stm32f4xx_hal_tim_ex.o(.text.HAL_TIMEx_ConfigBreakDeadTime)
    HAL_TIMEx_MasterConfigSynchronization    0x08003621   Thumb Code   188  stm32f4xx_hal_tim_ex.o(.text.HAL_TIMEx_MasterConfigSynchronization)
    HAL_TIM_Base_Init                        0x080036dd   Thumb Code    90  stm32f4xx_hal_tim.o(.text.HAL_TIM_Base_Init)
    HAL_TIM_Base_MspInit                     0x08003739   Thumb Code   238  tim.o(.text.HAL_TIM_Base_MspInit)
    HAL_TIM_Base_Start_IT                    0x08003829   Thumb Code   168  stm32f4xx_hal_tim.o(.text.HAL_TIM_Base_Start_IT)
    HAL_TIM_ConfigClockSource                0x080038d1   Thumb Code   416  stm32f4xx_hal_tim.o(.text.HAL_TIM_ConfigClockSource)
    HAL_TIM_Encoder_Init                     0x08003a71   Thumb Code   178  stm32f4xx_hal_tim.o(.text.HAL_TIM_Encoder_Init)
    HAL_TIM_Encoder_MspInit                  0x08003b25   Thumb Code   192  tim.o(.text.HAL_TIM_Encoder_MspInit)
    HAL_TIM_Encoder_Start                    0x08003be5   Thumb Code   188  stm32f4xx_hal_tim.o(.text.HAL_TIM_Encoder_Start)
    HAL_TIM_ErrorCallback                    0x08003ca1   Thumb Code     2  stm32f4xx_hal_tim.o(.text.HAL_TIM_ErrorCallback)
    HAL_TIM_IC_CaptureCallback               0x08003ca5   Thumb Code     2  stm32f4xx_hal_tim.o(.text.HAL_TIM_IC_CaptureCallback)
    HAL_TIM_IRQHandler                       0x08003ca9   Thumb Code   330  stm32f4xx_hal_tim.o(.text.HAL_TIM_IRQHandler)
    HAL_TIM_MspPostInit                      0x08003df5   Thumb Code   194  tim.o(.text.HAL_TIM_MspPostInit)
    HAL_TIM_OC_DelayElapsedCallback          0x08003eb9   Thumb Code     2  stm32f4xx_hal_tim.o(.text.HAL_TIM_OC_DelayElapsedCallback)
    HAL_TIM_PWM_ConfigChannel                0x08003ebd   Thumb Code   534  stm32f4xx_hal_tim.o(.text.HAL_TIM_PWM_ConfigChannel)
    HAL_TIM_PWM_Init                         0x080040d5   Thumb Code    90  stm32f4xx_hal_tim.o(.text.HAL_TIM_PWM_Init)
    HAL_TIM_PWM_MspInit                      0x08004131   Thumb Code   132  tim.o(.text.HAL_TIM_PWM_MspInit)
    HAL_TIM_PWM_PulseFinishedCallback        0x080041b5   Thumb Code     2  stm32f4xx_hal_tim.o(.text.HAL_TIM_PWM_PulseFinishedCallback)
    HAL_TIM_PWM_PulseFinishedHalfCpltCallback 0x080041b9   Thumb Code     2  stm32f4xx_hal_tim.o(.text.HAL_TIM_PWM_PulseFinishedHalfCpltCallback)
    HAL_TIM_PWM_Start                        0x080041bd   Thumb Code   284  stm32f4xx_hal_tim.o(.text.HAL_TIM_PWM_Start)
    HAL_TIM_PWM_Start_DMA                    0x080042d9   Thumb Code   634  stm32f4xx_hal_tim.o(.text.HAL_TIM_PWM_Start_DMA)
    HAL_TIM_PWM_Stop                         0x08004555   Thumb Code   156  stm32f4xx_hal_tim.o(.text.HAL_TIM_PWM_Stop)
    HAL_TIM_PeriodElapsedCallback            0x080045f1   Thumb Code   424  tim.o(.text.HAL_TIM_PeriodElapsedCallback)
    HAL_TIM_TriggerCallback                  0x080047ad   Thumb Code     2  stm32f4xx_hal_tim.o(.text.HAL_TIM_TriggerCallback)
    HAL_UARTEx_ReceiveToIdle_DMA             0x080047b1   Thumb Code   252  stm32f4xx_hal_uart.o(.text.HAL_UARTEx_ReceiveToIdle_DMA)
    HAL_UARTEx_RxEventCallback               0x080048ad   Thumb Code   532  uart_unpack.o(.text.HAL_UARTEx_RxEventCallback)
    HAL_UART_ErrorCallback                   0x08004ad1   Thumb Code     2  stm32f4xx_hal_uart.o(.text.HAL_UART_ErrorCallback)
    HAL_UART_IRQHandler                      0x08004ad5   Thumb Code   770  stm32f4xx_hal_uart.o(.text.HAL_UART_IRQHandler)
    HAL_UART_Init                            0x08004dd9   Thumb Code    96  stm32f4xx_hal_uart.o(.text.HAL_UART_Init)
    HAL_UART_MspInit                         0x08004e39   Thumb Code   698  usart.o(.text.HAL_UART_MspInit)
    HAL_UART_RxCpltCallback                  0x080050f5   Thumb Code     2  stm32f4xx_hal_uart.o(.text.HAL_UART_RxCpltCallback)
    HAL_UART_RxHalfCpltCallback              0x080050f9   Thumb Code     2  stm32f4xx_hal_uart.o(.text.HAL_UART_RxHalfCpltCallback)
    HAL_UART_Transmit_DMA                    0x080050fd   Thumb Code   134  stm32f4xx_hal_uart.o(.text.HAL_UART_Transmit_DMA)
    HAL_UART_TxCpltCallback                  0x08005185   Thumb Code     2  stm32f4xx_hal_uart.o(.text.HAL_UART_TxCpltCallback)
    HAL_UART_TxHalfCpltCallback              0x08005189   Thumb Code     2  stm32f4xx_hal_uart.o(.text.HAL_UART_TxHalfCpltCallback)
    HardFault_Handler                        0x0800518d   Thumb Code     2  stm32f4xx_it.o(.text.HardFault_Handler)
    MX_DMA_Init                              0x08005191   Thumb Code   172  dma.o(.text.MX_DMA_Init)
    MX_GPIO_Init                             0x0800523d   Thumb Code   422  gpio.o(.text.MX_GPIO_Init)
    MX_I2C3_Init                             0x080053e5   Thumb Code    66  i2c.o(.text.MX_I2C3_Init)
    MX_RNG_Init                              0x08005429   Thumb Code    38  rng.o(.text.MX_RNG_Init)
    MX_SPI3_Init                             0x08005451   Thumb Code    76  spi.o(.text.MX_SPI3_Init)
    MX_TIM12_Init                            0x0800549d   Thumb Code    92  tim.o(.text.MX_TIM12_Init)
    MX_TIM14_Init                            0x080054f9   Thumb Code    52  tim.o(.text.MX_TIM14_Init)
    MX_TIM1_Init                             0x0800552d   Thumb Code   266  tim.o(.text.MX_TIM1_Init)
    MX_TIM2_Init                             0x08005639   Thumb Code   140  tim.o(.text.MX_TIM2_Init)
    MX_TIM3_Init                             0x080056c5   Thumb Code   116  tim.o(.text.MX_TIM3_Init)
    MX_TIM4_Init                             0x08005739   Thumb Code   116  tim.o(.text.MX_TIM4_Init)
    MX_TIM5_Init                             0x080057ad   Thumb Code   202  tim.o(.text.MX_TIM5_Init)
    MX_USART1_UART_Init                      0x08005879   Thumb Code    60  usart.o(.text.MX_USART1_UART_Init)
    MX_USART2_UART_Init                      0x080058b5   Thumb Code    60  usart.o(.text.MX_USART2_UART_Init)
    MX_USART3_UART_Init                      0x080058f1   Thumb Code    60  usart.o(.text.MX_USART3_UART_Init)
    MemManage_Handler                        0x0800592d   Thumb Code     2  stm32f4xx_it.o(.text.MemManage_Handler)
    Motor_SetSpeed                           0x08005931   Thumb Code   188  tb6612.o(.text.Motor_SetSpeed)
    Motor_Start                              0x080059ed   Thumb Code    62  tb6612.o(.text.Motor_Start)
    Motor_Stop                               0x08005a2d   Thumb Code    62  tb6612.o(.text.Motor_Stop)
    NMI_Handler                              0x08005a6d   Thumb Code     2  stm32f4xx_it.o(.text.NMI_Handler)
    PendSV_Handler                           0x08005a71   Thumb Code     2  stm32f4xx_it.o(.text.PendSV_Handler)
    SPI3_IRQHandler                          0x08005a75   Thumb Code    12  stm32f4xx_it.o(.text.SPI3_IRQHandler)
    SVC_Handler                              0x08005b6d   Thumb Code     2  stm32f4xx_it.o(.text.SVC_Handler)
    Set_Motor_Speed                          0x08005b71   Thumb Code   122  control.o(.text.Set_Motor_Speed)
    Stand_Angle_CLoop_PID_Control            0x08005bed   Thumb Code    36  control.o(.text.Stand_Angle_CLoop_PID_Control)
    Stand_Angle_Speed_CLoop_PID_Control      0x08005c11   Thumb Code    22  control.o(.text.Stand_Angle_Speed_CLoop_PID_Control)
    SysTick_Handler                          0x08005c29   Thumb Code     4  stm32f4xx_it.o(.text.SysTick_Handler)
    SystemClock_Config                       0x08005c2d   Thumb Code   170  main.o(.text.SystemClock_Config)
    SystemInit                               0x08005cd9   Thumb Code    18  system_stm32f4xx.o(.text.SystemInit)
    TFTSPI_Addr_Rst                          0x08005ced   Thumb Code   522  lcd_st7789s.o(.text.TFTSPI_Addr_Rst)
    TFTSPI_CLS                               0x08005ef9   Thumb Code    78  lcd_st7789s.o(.text.TFTSPI_CLS)
    TFTSPI_Draw_Line                         0x08005f49   Thumb Code   750  lcd_st7789s.o(.text.TFTSPI_Draw_Line)
    TFTSPI_Draw_Part                         0x08006239   Thumb Code   112  lcd_st7789s.o(.text.TFTSPI_Draw_Part)
    TFTSPI_Draw_Rectangle                    0x080062a9   Thumb Code    82  lcd_st7789s.o(.text.TFTSPI_Draw_Rectangle)
    TFTSPI_Init                              0x080062fd   Thumb Code  2768  lcd_st7789s.o(.text.TFTSPI_Init)
    TFTSPI_Set_Pos                           0x08006dcd   Thumb Code   528  lcd_st7789s.o(.text.TFTSPI_Set_Pos)
    TFT_Printf                               0x08006fdd   Thumb Code    54  lcd_st7789s.o(.text.TFT_Printf)
    TFT_ShowChar                             0x08007015   Thumb Code   998  lcd_st7789s.o(.text.TFT_ShowChar)
    TFT_ShowString                           0x080073fd   Thumb Code   198  lcd_st7789s.o(.text.TFT_ShowString)
    TIM1_UP_TIM10_IRQHandler                 0x080074c5   Thumb Code    12  stm32f4xx_it.o(.text.TIM1_UP_TIM10_IRQHandler)
    TIM8_BRK_TIM12_IRQHandler                0x080074d1   Thumb Code    12  stm32f4xx_it.o(.text.TIM8_BRK_TIM12_IRQHandler)
    TIM8_TRG_COM_TIM14_IRQHandler            0x080074dd   Thumb Code    12  stm32f4xx_it.o(.text.TIM8_TRG_COM_TIM14_IRQHandler)
    TIM_Base_SetConfig                       0x080074e9   Thumb Code   308  stm32f4xx_hal_tim.o(.text.TIM_Base_SetConfig)
    TIM_DMADelayPulseHalfCplt                0x08007685   Thumb Code    56  stm32f4xx_hal_tim.o(.text.TIM_DMADelayPulseHalfCplt)
    TIM_DMAError                             0x080076bd   Thumb Code    92  stm32f4xx_hal_tim.o(.text.TIM_DMAError)
    Target_Speed_CLoop_PID_Control           0x08007719   Thumb Code   216  control.o(.text.Target_Speed_CLoop_PID_Control)
    Turn_Gyro_PID_Control                    0x08007801   Thumb Code    30  control.o(.text.Turn_Gyro_PID_Control)
    Turn_Position_PID_Control                0x08007821   Thumb Code    46  control.o(.text.Turn_Position_PID_Control)
    USART1_IRQHandler                        0x08007b81   Thumb Code    36  stm32f4xx_it.o(.text.USART1_IRQHandler)
    USART2_IRQHandler                        0x08007ba5   Thumb Code    36  stm32f4xx_it.o(.text.USART2_IRQHandler)
    USART3_IRQHandler                        0x08007bc9   Thumb Code    36  stm32f4xx_it.o(.text.USART3_IRQHandler)
    UsageFault_Handler                       0x08007bed   Thumb Code     2  stm32f4xx_it.o(.text.UsageFault_Handler)
    WS2812_Init                              0x08007bf1   Thumb Code   126  ws2812.o(.text.WS2812_Init)
    WS2812_LED_Set                           0x08007c71   Thumb Code    82  ws2812.o(.text.WS2812_LED_Set)
    delay_init                               0x08007cc5   Thumb Code    22  delay.o(.text.delay_init)
    delay_ms                                 0x08007cdd   Thumb Code   140  delay.o(.text.delay_ms)
    key_scan                                 0x08007d69   Thumb Code   352  key.o(.text.key_scan)
    main                                     0x08007ec9   Thumb Code   312  main.o(.text.main)
    main_menu                                0x08008019   Thumb Code    84  ui.o(.text.main_menu)
    param_func                               0x0800806d   Thumb Code   472  ui.o(.text.param_func)
    pid_init                                 0x08008495   Thumb Code    32  pid.o(.text.pid_init)
    run_func                                 0x080084ed   Thumb Code   548  ui.o(.text.run_func)
    run_menu                                 0x0800878d   Thumb Code   502  ui.o(.text.run_menu)
    run_parameter                            0x08008989   Thumb Code  1838  ui.o(.text.run_parameter)
    uart_printf                              0x080090b9   Thumb Code    64  usart.o(.text.uart_printf)
    __0vsnprintf                             0x080090f9   Thumb Code    46  printfa.o(i.__0vsnprintf)
    __1vsnprintf                             0x080090f9   Thumb Code     0  printfa.o(i.__0vsnprintf)
    __2vsnprintf                             0x080090f9   Thumb Code     0  printfa.o(i.__0vsnprintf)
    __c89vsnprintf                           0x080090f9   Thumb Code     0  printfa.o(i.__0vsnprintf)
    vsnprintf                                0x080090f9   Thumb Code     0  printfa.o(i.__0vsnprintf)
    __0vsprintf                              0x0800912d   Thumb Code    30  printfa.o(i.__0vsprintf)
    __1vsprintf                              0x0800912d   Thumb Code     0  printfa.o(i.__0vsprintf)
    __2vsprintf                              0x0800912d   Thumb Code     0  printfa.o(i.__0vsprintf)
    __c89vsprintf                            0x0800912d   Thumb Code     0  printfa.o(i.__0vsprintf)
    vsprintf                                 0x0800912d   Thumb Code     0  printfa.o(i.__0vsprintf)
    __ARM_fpclassify                         0x08009151   Thumb Code    48  fpclassify.o(i.__ARM_fpclassify)
    __hardfp_pow                             0x08009181   Thumb Code  3088  pow.o(i.__hardfp_pow)
    __kernel_poly                            0x08009de1   Thumb Code   248  poly.o(i.__kernel_poly)
    __mathlib_dbl_divzero                    0x08009ed9   Thumb Code    28  dunder.o(i.__mathlib_dbl_divzero)
    __mathlib_dbl_infnan2                    0x08009f09   Thumb Code    20  dunder.o(i.__mathlib_dbl_infnan2)
    __mathlib_dbl_invalid                    0x08009f21   Thumb Code    24  dunder.o(i.__mathlib_dbl_invalid)
    __mathlib_dbl_overflow                   0x08009f41   Thumb Code    24  dunder.o(i.__mathlib_dbl_overflow)
    __mathlib_dbl_underflow                  0x08009f61   Thumb Code    24  dunder.o(i.__mathlib_dbl_underflow)
    __scatterload_copy                       0x08009f81   Thumb Code    14  handlers.o(i.__scatterload_copy)
    __scatterload_null                       0x08009f8f   Thumb Code     2  handlers.o(i.__scatterload_null)
    __scatterload_zeroinit                   0x08009f91   Thumb Code    14  handlers.o(i.__scatterload_zeroinit)
    __set_errno                              0x08009fa1   Thumb Code     6  errno.o(i.__set_errno)
    fabs                                     0x0800a87f   Thumb Code    24  fabs.o(i.fabs)
    sqrt                                     0x0800a897   Thumb Code   110  sqrt.o(i.sqrt)
    __mathlib_zero                           0x0800a990   Data           8  qnan.o(.constdata)
    AHBPrescTable                            0x0800a998   Data          16  system_stm32f4xx.o(.rodata.AHBPrescTable)
    APBPrescTable                            0x0800a9a8   Data           8  system_stm32f4xx.o(.rodata.APBPrescTable)
    Font_code12X24                           0x0800a9b0   Data        9120  lcd_st7789s.o(.rodata.Font_code12X24)
    Font_code16X32                           0x0800cd50   Data       12160  lcd_st7789s.o(.rodata.Font_code16X32)
    Font_code8X16                            0x0800fcd0   Data        3040  lcd_st7789s.o(.rodata.Font_code8X16)
    Font_code8X6                             0x080108b0   Data        1140  lcd_st7789s.o(.rodata.Font_code8X6)
    Region$$Table$$Base                      0x08010d6c   Number         0  anon$$obj.o(Region$$Table)
    Region$$Table$$Limit                     0x08010d8c   Number         0  anon$$obj.o(Region$$Table)
    SystemCoreClock                          0x20000004   Data           4  system_stm32f4xx.o(.data.SystemCoreClock)
    uwTickFreq                               0x20000008   Data           1  stm32f4xx_hal.o(.data.uwTickFreq)
    uwTickPrio                               0x2000000c   Data           4  stm32f4xx_hal.o(.data.uwTickPrio)
    BL_CMD                                   0x20000010   Data           4  control.o(.bss.BL_CMD)
    USART1_RX_BUF                            0x20000014   Data         128  uart_unpack.o(.bss.USART1_RX_BUF)
    USART2_RX_BUF                            0x20000094   Data         128  uart_unpack.o(.bss.USART2_RX_BUF)
    USART3_RX_BUF                            0x20000114   Data         128  uart_unpack.o(.bss.USART3_RX_BUF)
    UserTxBufferFS                           0x20000194   Data         200  usart.o(.bss.UserTxBufferFS)
    WS2812_RGB_Buff                          0x2000025c   Data         296  ws2812.o(.bss.WS2812_RGB_Buff)
    hdma_spi3_tx                             0x20000388   Data          96  spi.o(.bss.hdma_spi3_tx)
    hdma_tim2_ch2_ch4                        0x200003e8   Data          96  tim.o(.bss.hdma_tim2_ch2_ch4)
    hdma_usart1_rx                           0x20000448   Data          96  usart.o(.bss.hdma_usart1_rx)
    hdma_usart1_tx                           0x200004a8   Data          96  usart.o(.bss.hdma_usart1_tx)
    hdma_usart2_rx                           0x20000508   Data          96  usart.o(.bss.hdma_usart2_rx)
    hdma_usart3_rx                           0x20000568   Data          96  usart.o(.bss.hdma_usart3_rx)
    hdma_usart3_tx                           0x200005c8   Data          96  usart.o(.bss.hdma_usart3_tx)
    hi2c3                                    0x20000628   Data          84  i2c.o(.bss.hi2c3)
    hrng                                     0x2000067c   Data          16  rng.o(.bss.hrng)
    hspi3                                    0x2000068c   Data          88  spi.o(.bss.hspi3)
    htim1                                    0x200006e4   Data          72  tim.o(.bss.htim1)
    htim12                                   0x2000072c   Data          72  tim.o(.bss.htim12)
    htim14                                   0x20000774   Data          72  tim.o(.bss.htim14)
    htim2                                    0x200007bc   Data          72  tim.o(.bss.htim2)
    htim3                                    0x20000804   Data          72  tim.o(.bss.htim3)
    htim4                                    0x2000084c   Data          72  tim.o(.bss.htim4)
    htim5                                    0x20000894   Data          72  tim.o(.bss.htim5)
    huart1                                   0x200008dc   Data          72  usart.o(.bss.huart1)
    huart2                                   0x20000924   Data          72  usart.o(.bss.huart2)
    huart3                                   0x2000096c   Data          72  usart.o(.bss.huart3)
    motor_L                                  0x200009b8   Data          16  control.o(.bss.motor_L)
    motor_R                                  0x200009c8   Data          16  control.o(.bss.motor_R)
    pid_speed_L                              0x200009d8   Data         100  control.o(.bss.pid_speed_L)
    pid_speed_R                              0x20000a3c   Data         100  control.o(.bss.pid_speed_R)
    pid_stand_angle                          0x20000aa0   Data         100  control.o(.bss.pid_stand_angle)
    pid_stand_angle_speed                    0x20000b04   Data         100  control.o(.bss.pid_stand_angle_speed)
    pid_target_speed                         0x20000b68   Data         100  control.o(.bss.pid_target_speed)
    pid_turn_angle                           0x20000bcc   Data         100  control.o(.bss.pid_turn_angle)
    pid_turn_gyro                            0x20000c30   Data         100  control.o(.bss.pid_turn_gyro)
    pid_turn_position                        0x20000c94   Data         100  control.o(.bss.pid_turn_position)
    the_car                                  0x20000cfc   Data          40  control.o(.bss.the_car)
    the_imu                                  0x20000d24   Data          44  control.o(.bss.the_imu)
    the_key                                  0x20000d50   Data           6  control.o(.bss.the_key)
    the_pid                                  0x20000d58   Data          32  control.o(.bss.the_pid)
    the_vs                                   0x20000d78   Data          16  control.o(.bss.the_vs)
    tim1_10ms_cnt                            0x20000d88   Data           4  tim.o(.bss.tim1_10ms_cnt)
    tim1_20ms_cnt                            0x20000d8c   Data           4  tim.o(.bss.tim1_20ms_cnt)
    tim1_2ms_cnt                             0x20000d90   Data           4  tim.o(.bss.tim1_2ms_cnt)
    tim2_1000ms_cnt                          0x20000d94   Data           4  tim.o(.bss.tim2_1000ms_cnt)
    tim2_10ms_cnt                            0x20000d98   Data           4  tim.o(.bss.tim2_10ms_cnt)
    tim2_500ms_cnt                           0x20000d9c   Data           4  tim.o(.bss.tim2_500ms_cnt)
    uwTick                                   0x20000da0   Data           4  stm32f4xx_hal.o(.bss.uwTick)
    vs_data_rx_cnt                           0x20000da4   Data           4  uart_unpack.o(.bss.vs_data_rx_cnt)
    __initial_sp                             0x20004da8   Data           0  startup_stm32f407xx.o(STACK)



==============================================================================

Memory Map of the image

  Image Entry point : 0x08000189

  Load Region LR_IROM1 (Base: 0x08000000, Size: 0x00010da0, Max: 0x00100000, ABSOLUTE)

    Execution Region ER_IROM1 (Exec base: 0x08000000, Load base: 0x08000000, Size: 0x00010d8c, Max: 0x00100000, ABSOLUTE)

    Exec Addr    Load Addr    Size         Type   Attr      Idx    E Section Name        Object

    0x08000000   0x08000000   0x00000188   Data   RO            3    RESET               startup_stm32f407xx.o
    0x08000188   0x08000188   0x00000000   Code   RO         1636  * .ARM.Collect$$$$00000000  mc_w.l(entry.o)
    0x08000188   0x08000188   0x00000004   Code   RO         1722    .ARM.Collect$$$$00000001  mc_w.l(entry2.o)
    0x0800018c   0x0800018c   0x00000004   Code   RO         1725    .ARM.Collect$$$$00000004  mc_w.l(entry5.o)
    0x08000190   0x08000190   0x00000000   Code   RO         1727    .ARM.Collect$$$$00000008  mc_w.l(entry7b.o)
    0x08000190   0x08000190   0x00000000   Code   RO         1729    .ARM.Collect$$$$0000000A  mc_w.l(entry8b.o)
    0x08000190   0x08000190   0x00000008   Code   RO         1730    .ARM.Collect$$$$0000000B  mc_w.l(entry9a.o)
    0x08000198   0x08000198   0x00000000   Code   RO         1732    .ARM.Collect$$$$0000000D  mc_w.l(entry10a.o)
    0x08000198   0x08000198   0x00000000   Code   RO         1734    .ARM.Collect$$$$0000000F  mc_w.l(entry11a.o)
    0x08000198   0x08000198   0x00000004   Code   RO         1723    .ARM.Collect$$$$00002712  mc_w.l(entry2.o)
    0x0800019c   0x0800019c   0x00000024   Code   RO            4    .text               startup_stm32f407xx.o
    0x080001c0   0x080001c0   0x00000062   Code   RO         1639    .text               mc_w.l(uldiv.o)
    0x08000222   0x08000222   0x00000024   Code   RO         1641    .text               mc_w.l(memcpya.o)
    0x08000246   0x08000246   0x00000024   Code   RO         1643    .text               mc_w.l(memseta.o)
    0x0800026a   0x0800026a   0x0000001c   Code   RO         1645    .text               mc_w.l(strcmp.o)
    0x08000286   0x08000286   0x0000014e   Code   RO         1677    .text               mf_w.l(dadd.o)
    0x080003d4   0x080003d4   0x000000e4   Code   RO         1679    .text               mf_w.l(dmul.o)
    0x080004b8   0x080004b8   0x00000022   Code   RO         1681    .text               mf_w.l(dflti.o)
    0x080004da   0x080004da   0x0000001a   Code   RO         1683    .text               mf_w.l(dfltui.o)
    0x080004f4   0x080004f4   0x00000032   Code   RO         1685    .text               mf_w.l(dfixui.o)
    0x08000526   0x08000526   0x00000026   Code   RO         1687    .text               mf_w.l(f2d.o)
    0x0800054c   0x0800054c   0x00000038   Code   RO         1689    .text               mf_w.l(d2f.o)
    0x08000584   0x08000584   0x0000002c   Code   RO         1750    .text               mc_w.l(uidiv.o)
    0x080005b0   0x080005b0   0x0000001e   Code   RO         1752    .text               mc_w.l(llshl.o)
    0x080005ce   0x080005ce   0x00000020   Code   RO         1754    .text               mc_w.l(llushr.o)
    0x080005ee   0x080005ee   0x00000024   Code   RO         1756    .text               mc_w.l(llsshr.o)
    0x08000612   0x08000612   0x00000000   Code   RO         1765    .text               mc_w.l(iusefp.o)
    0x08000612   0x08000612   0x0000006e   Code   RO         1766    .text               mf_w.l(fepilogue.o)
    0x08000680   0x08000680   0x000000ba   Code   RO         1768    .text               mf_w.l(depilogue.o)
    0x0800073a   0x0800073a   0x000000de   Code   RO         1770    .text               mf_w.l(ddiv.o)
    0x08000818   0x08000818   0x0000002e   Code   RO         1774    .text               mf_w.l(dscalb.o)
    0x08000846   0x08000846   0x00000030   Code   RO         1776    .text               mf_w.l(dfixul.o)
    0x08000876   0x08000876   0x00000002   PAD
    0x08000878   0x08000878   0x00000030   Code   RO         1778    .text               mf_w.l(cdrcmple.o)
    0x080008a8   0x080008a8   0x00000030   Code   RO         1780    .text               mc_w.l(init.o)
    0x080008d8   0x080008d8   0x000000a2   Code   RO         1784    .text               mf_w.l(dsqrt.o)
    0x0800097a   0x0800097a   0x00000002   PAD
    0x0800097c   0x0800097c   0x00000002   Code   RO          178    .text.BusFault_Handler  stm32f4xx_it.o
    0x0800097e   0x0800097e   0x00000002   PAD
    0x08000980   0x08000980   0x000001fc   Code   RO         1527    .text.Control_Init  control.o
    0x08000b7c   0x08000b7c   0x0000000c   Code   RO          190    .text.DMA1_Stream1_IRQHandler  stm32f4xx_it.o
    0x08000b88   0x08000b88   0x0000000c   Code   RO          192    .text.DMA1_Stream3_IRQHandler  stm32f4xx_it.o
    0x08000b94   0x08000b94   0x0000000c   Code   RO          194    .text.DMA1_Stream5_IRQHandler  stm32f4xx_it.o
    0x08000ba0   0x08000ba0   0x0000000c   Code   RO          196    .text.DMA1_Stream6_IRQHandler  stm32f4xx_it.o
    0x08000bac   0x08000bac   0x0000000c   Code   RO          210    .text.DMA1_Stream7_IRQHandler  stm32f4xx_it.o
    0x08000bb8   0x08000bb8   0x0000000c   Code   RO          214    .text.DMA2_Stream2_IRQHandler  stm32f4xx_it.o
    0x08000bc4   0x08000bc4   0x0000000c   Code   RO          216    .text.DMA2_Stream7_IRQHandler  stm32f4xx_it.o
    0x08000bd0   0x08000bd0   0x00000002   Code   RO          184    .text.DebugMon_Handler  stm32f4xx_it.o
    0x08000bd2   0x08000bd2   0x00000002   PAD
    0x08000bd4   0x08000bd4   0x000000ae   Code   RO         1452    .text.E2P_Check     eeprom.o
    0x08000c82   0x08000c82   0x00000002   PAD
    0x08000c84   0x08000c84   0x000009dc   Code   RO         1462    .text.E2P_Read_allParam  eeprom.o
    0x08001660   0x08001660   0x0000006e   Code   RO         1458    .text.E2P_WriteFloatNum  eeprom.o
    0x080016ce   0x080016ce   0x00000002   PAD
    0x080016d0   0x080016d0   0x00000078   Code   RO         1448    .text.E2P_WriteLenByte  eeprom.o
    0x08001748   0x08001748   0x00000006   Code   RO           15    .text.Error_Handler  main.o
    0x0800174e   0x0800174e   0x00000002   PAD
    0x08001750   0x08001750   0x000000b8   Code   RO         1511    .text.Get_Motor_Speed  control.o
    0x08001808   0x08001808   0x00000080   Code   RO          524    .text.HAL_DMA_Abort  stm32f4xx_hal_dma.o
    0x08001888   0x08001888   0x00000024   Code   RO          526    .text.HAL_DMA_Abort_IT  stm32f4xx_hal_dma.o
    0x080018ac   0x080018ac   0x00000188   Code   RO          530    .text.HAL_DMA_IRQHandler  stm32f4xx_hal_dma.o
    0x08001a34   0x08001a34   0x0000013e   Code   RO          516    .text.HAL_DMA_Init  stm32f4xx_hal_dma.o
    0x08001b72   0x08001b72   0x00000002   PAD
    0x08001b74   0x08001b74   0x000000a0   Code   RO          522    .text.HAL_DMA_Start_IT  stm32f4xx_hal_dma.o
    0x08001c14   0x08001c14   0x00000194   Code   RO          478    .text.HAL_GPIO_Init  stm32f4xx_hal_gpio.o
    0x08001da8   0x08001da8   0x0000000a   Code   RO          482    .text.HAL_GPIO_ReadPin  stm32f4xx_hal_gpio.o
    0x08001db2   0x08001db2   0x00000002   PAD
    0x08001db4   0x08001db4   0x0000000a   Code   RO          484    .text.HAL_GPIO_WritePin  stm32f4xx_hal_gpio.o
    0x08001dbe   0x08001dbe   0x00000002   PAD
    0x08001dc0   0x08001dc0   0x0000000c   Code   RO          675    .text.HAL_GetTick   stm32f4xx_hal.o
    0x08001dcc   0x08001dcc   0x00000170   Code   RO          233    .text.HAL_I2C_Init  stm32f4xx_hal_i2c.o
    0x08001f3c   0x08001f3c   0x000005ac   Code   RO          247    .text.HAL_I2C_Master_Receive  stm32f4xx_hal_i2c.o
    0x080024e8   0x080024e8   0x00000350   Code   RO          241    .text.HAL_I2C_Master_Transmit  stm32f4xx_hal_i2c.o
    0x08002838   0x08002838   0x000000b6   Code   RO           45    .text.HAL_I2C_MspInit  i2c.o
    0x080028ee   0x080028ee   0x00000002   PAD
    0x080028f0   0x080028f0   0x0000001a   Code   RO          673    .text.HAL_IncTick   stm32f4xx_hal.o
    0x0800290a   0x0800290a   0x00000002   PAD
    0x0800290c   0x0800290c   0x00000036   Code   RO          663    .text.HAL_Init      stm32f4xx_hal.o
    0x08002942   0x08002942   0x00000002   PAD
    0x08002944   0x08002944   0x00000050   Code   RO          665    .text.HAL_InitTick  stm32f4xx_hal.o
    0x08002994   0x08002994   0x0000008a   Code   RO          225    .text.HAL_MspInit   stm32f4xx_hal_msp.o
    0x08002a1e   0x08002a1e   0x00000002   PAD
    0x08002a20   0x08002a20   0x00000022   Code   RO          615    .text.HAL_NVIC_EnableIRQ  stm32f4xx_hal_cortex.o
    0x08002a42   0x08002a42   0x00000002   PAD
    0x08002a44   0x08002a44   0x00000056   Code   RO          613    .text.HAL_NVIC_SetPriority  stm32f4xx_hal_cortex.o
    0x08002a9a   0x08002a9a   0x00000002   PAD
    0x08002a9c   0x08002a9c   0x00000020   Code   RO          611    .text.HAL_NVIC_SetPriorityGrouping  stm32f4xx_hal_cortex.o
    0x08002abc   0x08002abc   0x00000160   Code   RO          372    .text.HAL_RCC_ClockConfig  stm32f4xx_hal_rcc.o
    0x08002c1c   0x08002c1c   0x00000026   Code   RO          384    .text.HAL_RCC_GetPCLK1Freq  stm32f4xx_hal_rcc.o
    0x08002c42   0x08002c42   0x00000002   PAD
    0x08002c44   0x08002c44   0x00000026   Code   RO          386    .text.HAL_RCC_GetPCLK2Freq  stm32f4xx_hal_rcc.o
    0x08002c6a   0x08002c6a   0x00000002   PAD
    0x08002c6c   0x08002c6c   0x0000006a   Code   RO          374    .text.HAL_RCC_GetSysClockFreq  stm32f4xx_hal_rcc.o
    0x08002cd6   0x08002cd6   0x00000002   PAD
    0x08002cd8   0x08002cd8   0x0000035c   Code   RO          370    .text.HAL_RCC_OscConfig  stm32f4xx_hal_rcc.o
    0x08003034   0x08003034   0x0000006e   Code   RO          766    .text.HAL_RNG_GetRandomNumber  stm32f4xx_hal_rng.o
    0x080030a2   0x080030a2   0x00000002   PAD
    0x080030a4   0x080030a4   0x00000034   Code   RO          754    .text.HAL_RNG_Init  stm32f4xx_hal_rng.o
    0x080030d8   0x080030d8   0x00000034   Code   RO           60    .text.HAL_RNG_MspInit  rng.o
    0x0800310c   0x0800310c   0x00000002   Code   RO          872    .text.HAL_SPI_ErrorCallback  stm32f4xx_hal_spi.o
    0x0800310e   0x0800310e   0x00000002   PAD
    0x08003110   0x08003110   0x00000118   Code   RO          868    .text.HAL_SPI_IRQHandler  stm32f4xx_hal_spi.o
    0x08003228   0x08003228   0x000000b0   Code   RO          790    .text.HAL_SPI_Init  stm32f4xx_hal_spi.o
    0x080032d8   0x080032d8   0x000000c2   Code   RO           75    .text.HAL_SPI_MspInit  spi.o
    0x0800339a   0x0800339a   0x00000002   PAD
    0x0800339c   0x0800339c   0x000001ea   Code   RO          798    .text.HAL_SPI_Transmit  stm32f4xx_hal_spi.o
    0x08003586   0x08003586   0x00000002   PAD
    0x08003588   0x08003588   0x00000018   Code   RO          649    .text.HAL_SYSTICK_CLKSourceConfig  stm32f4xx_hal_cortex.o
    0x080035a0   0x080035a0   0x0000002c   Code   RO          623    .text.HAL_SYSTICK_Config  stm32f4xx_hal_cortex.o
    0x080035cc   0x080035cc   0x00000002   Code   RO         1211    .text.HAL_TIMEx_BreakCallback  stm32f4xx_hal_tim_ex.o
    0x080035ce   0x080035ce   0x00000002   PAD
    0x080035d0   0x080035d0   0x00000002   Code   RO         1207    .text.HAL_TIMEx_CommutCallback  stm32f4xx_hal_tim_ex.o
    0x080035d2   0x080035d2   0x00000002   PAD
    0x080035d4   0x080035d4   0x0000004c   Code   RO         1203    .text.HAL_TIMEx_ConfigBreakDeadTime  stm32f4xx_hal_tim_ex.o
    0x08003620   0x08003620   0x000000bc   Code   RO         1201    .text.HAL_TIMEx_MasterConfigSynchronization  stm32f4xx_hal_tim_ex.o
    0x080036dc   0x080036dc   0x0000005a   Code   RO          906    .text.HAL_TIM_Base_Init  stm32f4xx_hal_tim.o
    0x08003736   0x08003736   0x00000002   PAD
    0x08003738   0x08003738   0x000000ee   Code   RO          107    .text.HAL_TIM_Base_MspInit  tim.o
    0x08003826   0x08003826   0x00000002   PAD
    0x08003828   0x08003828   0x000000a8   Code   RO          920    .text.HAL_TIM_Base_Start_IT  stm32f4xx_hal_tim.o
    0x080038d0   0x080038d0   0x000001a0   Code   RO         1086    .text.HAL_TIM_ConfigClockSource  stm32f4xx_hal_tim.o
    0x08003a70   0x08003a70   0x000000b2   Code   RO         1020    .text.HAL_TIM_Encoder_Init  stm32f4xx_hal_tim.o
    0x08003b22   0x08003b22   0x00000002   PAD
    0x08003b24   0x08003b24   0x000000c0   Code   RO          111    .text.HAL_TIM_Encoder_MspInit  tim.o
    0x08003be4   0x08003be4   0x000000bc   Code   RO         1028    .text.HAL_TIM_Encoder_Start  stm32f4xx_hal_tim.o
    0x08003ca0   0x08003ca0   0x00000002   Code   RO         1106    .text.HAL_TIM_ErrorCallback  stm32f4xx_hal_tim.o
    0x08003ca2   0x08003ca2   0x00000002   PAD
    0x08003ca4   0x08003ca4   0x00000002   Code   RO         1042    .text.HAL_TIM_IC_CaptureCallback  stm32f4xx_hal_tim.o
    0x08003ca6   0x08003ca6   0x00000002   PAD
    0x08003ca8   0x08003ca8   0x0000014a   Code   RO         1040    .text.HAL_TIM_IRQHandler  stm32f4xx_hal_tim.o
    0x08003df2   0x08003df2   0x00000002   PAD
    0x08003df4   0x08003df4   0x000000c2   Code   RO           93    .text.HAL_TIM_MspPostInit  tim.o
    0x08003eb6   0x08003eb6   0x00000002   PAD
    0x08003eb8   0x08003eb8   0x00000002   Code   RO         1044    .text.HAL_TIM_OC_DelayElapsedCallback  stm32f4xx_hal_tim.o
    0x08003eba   0x08003eba   0x00000002   PAD
    0x08003ebc   0x08003ebc   0x00000216   Code   RO         1060    .text.HAL_TIM_PWM_ConfigChannel  stm32f4xx_hal_tim.o
    0x080040d2   0x080040d2   0x00000002   PAD
    0x080040d4   0x080040d4   0x0000005a   Code   RO          960    .text.HAL_TIM_PWM_Init  stm32f4xx_hal_tim.o
    0x0800412e   0x0800412e   0x00000002   PAD
    0x08004130   0x08004130   0x00000084   Code   RO          109    .text.HAL_TIM_PWM_MspInit  tim.o
    0x080041b4   0x080041b4   0x00000002   Code   RO         1046    .text.HAL_TIM_PWM_PulseFinishedCallback  stm32f4xx_hal_tim.o
    0x080041b6   0x080041b6   0x00000002   PAD
    0x080041b8   0x080041b8   0x00000002   Code   RO         1102    .text.HAL_TIM_PWM_PulseFinishedHalfCpltCallback  stm32f4xx_hal_tim.o
    0x080041ba   0x080041ba   0x00000002   PAD
    0x080041bc   0x080041bc   0x0000011c   Code   RO          968    .text.HAL_TIM_PWM_Start  stm32f4xx_hal_tim.o
    0x080042d8   0x080042d8   0x0000027a   Code   RO          976    .text.HAL_TIM_PWM_Start_DMA  stm32f4xx_hal_tim.o
    0x08004552   0x08004552   0x00000002   PAD
    0x08004554   0x08004554   0x0000009c   Code   RO          970    .text.HAL_TIM_PWM_Stop  stm32f4xx_hal_tim.o
    0x080045f0   0x080045f0   0x000001bc   Code   RO           89    .text.HAL_TIM_PeriodElapsedCallback  tim.o
    0x080047ac   0x080047ac   0x00000002   Code   RO         1050    .text.HAL_TIM_TriggerCallback  stm32f4xx_hal_tim.o
    0x080047ae   0x080047ae   0x00000002   PAD
    0x080047b0   0x080047b0   0x000000fc   Code   RO         1273    .text.HAL_UARTEx_ReceiveToIdle_DMA  stm32f4xx_hal_uart.o
    0x080048ac   0x080048ac   0x00000224   Code   RO         1584    .text.HAL_UARTEx_RxEventCallback  uart_unpack.o
    0x08004ad0   0x08004ad0   0x00000002   Code   RO         1309    .text.HAL_UART_ErrorCallback  stm32f4xx_hal_uart.o
    0x08004ad2   0x08004ad2   0x00000002   PAD
    0x08004ad4   0x08004ad4   0x00000302   Code   RO         1303    .text.HAL_UART_IRQHandler  stm32f4xx_hal_uart.o
    0x08004dd6   0x08004dd6   0x00000002   PAD
    0x08004dd8   0x08004dd8   0x00000060   Code   RO         1225    .text.HAL_UART_Init  stm32f4xx_hal_uart.o
    0x08004e38   0x08004e38   0x000002ba   Code   RO          151    .text.HAL_UART_MspInit  usart.o
    0x080050f2   0x080050f2   0x00000002   PAD
    0x080050f4   0x080050f4   0x00000002   Code   RO         1317    .text.HAL_UART_RxCpltCallback  stm32f4xx_hal_uart.o
    0x080050f6   0x080050f6   0x00000002   PAD
    0x080050f8   0x080050f8   0x00000002   Code   RO         1319    .text.HAL_UART_RxHalfCpltCallback  stm32f4xx_hal_uart.o
    0x080050fa   0x080050fa   0x00000002   PAD
    0x080050fc   0x080050fc   0x00000086   Code   RO         1251    .text.HAL_UART_Transmit_DMA  stm32f4xx_hal_uart.o
    0x08005182   0x08005182   0x00000002   PAD
    0x08005184   0x08005184   0x00000002   Code   RO         1313    .text.HAL_UART_TxCpltCallback  stm32f4xx_hal_uart.o
    0x08005186   0x08005186   0x00000002   PAD
    0x08005188   0x08005188   0x00000002   Code   RO         1315    .text.HAL_UART_TxHalfCpltCallback  stm32f4xx_hal_uart.o
    0x0800518a   0x0800518a   0x00000002   PAD
    0x0800518c   0x0800518c   0x00000002   Code   RO          174    .text.HardFault_Handler  stm32f4xx_it.o
    0x0800518e   0x0800518e   0x00000002   PAD
    0x08005190   0x08005190   0x000000ac   Code   RO           34    .text.MX_DMA_Init   dma.o
    0x0800523c   0x0800523c   0x000001a6   Code   RO           25    .text.MX_GPIO_Init  gpio.o
    0x080053e2   0x080053e2   0x00000002   PAD
    0x080053e4   0x080053e4   0x00000042   Code   RO           43    .text.MX_I2C3_Init  i2c.o
    0x08005426   0x08005426   0x00000002   PAD
    0x08005428   0x08005428   0x00000026   Code   RO           58    .text.MX_RNG_Init   rng.o
    0x0800544e   0x0800544e   0x00000002   PAD
    0x08005450   0x08005450   0x0000004c   Code   RO           73    .text.MX_SPI3_Init  spi.o
    0x0800549c   0x0800549c   0x0000005c   Code   RO          103    .text.MX_TIM12_Init  tim.o
    0x080054f8   0x080054f8   0x00000034   Code   RO          105    .text.MX_TIM14_Init  tim.o
    0x0800552c   0x0800552c   0x0000010a   Code   RO           91    .text.MX_TIM1_Init  tim.o
    0x08005636   0x08005636   0x00000002   PAD
    0x08005638   0x08005638   0x0000008c   Code   RO           95    .text.MX_TIM2_Init  tim.o
    0x080056c4   0x080056c4   0x00000074   Code   RO           97    .text.MX_TIM3_Init  tim.o
    0x08005738   0x08005738   0x00000074   Code   RO           99    .text.MX_TIM4_Init  tim.o
    0x080057ac   0x080057ac   0x000000ca   Code   RO          101    .text.MX_TIM5_Init  tim.o
    0x08005876   0x08005876   0x00000002   PAD
    0x08005878   0x08005878   0x0000003c   Code   RO          145    .text.MX_USART1_UART_Init  usart.o
    0x080058b4   0x080058b4   0x0000003c   Code   RO          147    .text.MX_USART2_UART_Init  usart.o
    0x080058f0   0x080058f0   0x0000003c   Code   RO          149    .text.MX_USART3_UART_Init  usart.o
    0x0800592c   0x0800592c   0x00000002   Code   RO          176    .text.MemManage_Handler  stm32f4xx_it.o
    0x0800592e   0x0800592e   0x00000002   PAD
    0x08005930   0x08005930   0x000000bc   Code   RO         1487    .text.Motor_SetSpeed  tb6612.o
    0x080059ec   0x080059ec   0x0000003e   Code   RO         1489    .text.Motor_Start   tb6612.o
    0x08005a2a   0x08005a2a   0x00000002   PAD
    0x08005a2c   0x08005a2c   0x0000003e   Code   RO         1491    .text.Motor_Stop    tb6612.o
    0x08005a6a   0x08005a6a   0x00000002   PAD
    0x08005a6c   0x08005a6c   0x00000002   Code   RO          172    .text.NMI_Handler   stm32f4xx_it.o
    0x08005a6e   0x08005a6e   0x00000002   PAD
    0x08005a70   0x08005a70   0x00000002   Code   RO          186    .text.PendSV_Handler  stm32f4xx_it.o
    0x08005a72   0x08005a72   0x00000002   PAD
    0x08005a74   0x08005a74   0x0000000c   Code   RO          212    .text.SPI3_IRQHandler  stm32f4xx_it.o
    0x08005a80   0x08005a80   0x0000000c   Code   RO          870    .text.SPI_DMAAbortOnError  stm32f4xx_hal_spi.o
    0x08005a8c   0x08005a8c   0x000000e0   Code   RO          896    .text.SPI_WaitFlagStateUntilTimeout  stm32f4xx_hal_spi.o
    0x08005b6c   0x08005b6c   0x00000002   Code   RO          182    .text.SVC_Handler   stm32f4xx_it.o
    0x08005b6e   0x08005b6e   0x00000002   PAD
    0x08005b70   0x08005b70   0x0000007a   Code   RO         1513    .text.Set_Motor_Speed  control.o
    0x08005bea   0x08005bea   0x00000002   PAD
    0x08005bec   0x08005bec   0x00000024   Code   RO         1517    .text.Stand_Angle_CLoop_PID_Control  control.o
    0x08005c10   0x08005c10   0x00000016   Code   RO         1519    .text.Stand_Angle_Speed_CLoop_PID_Control  control.o
    0x08005c26   0x08005c26   0x00000002   PAD
    0x08005c28   0x08005c28   0x00000004   Code   RO          188    .text.SysTick_Handler  stm32f4xx_it.o
    0x08005c2c   0x08005c2c   0x000000aa   Code   RO           13    .text.SystemClock_Config  main.o
    0x08005cd6   0x08005cd6   0x00000002   PAD
    0x08005cd8   0x08005cd8   0x00000012   Code   RO         1347    .text.SystemInit    system_stm32f4xx.o
    0x08005cea   0x08005cea   0x00000002   PAD
    0x08005cec   0x08005cec   0x0000020a   Code   RO         1406    .text.TFTSPI_Addr_Rst  lcd_st7789s.o
    0x08005ef6   0x08005ef6   0x00000002   PAD
    0x08005ef8   0x08005ef8   0x0000004e   Code   RO         1398    .text.TFTSPI_CLS    lcd_st7789s.o
    0x08005f46   0x08005f46   0x00000002   PAD
    0x08005f48   0x08005f48   0x000002ee   Code   RO         1418    .text.TFTSPI_Draw_Line  lcd_st7789s.o
    0x08006236   0x08006236   0x00000002   PAD
    0x08006238   0x08006238   0x00000070   Code   RO         1414    .text.TFTSPI_Draw_Part  lcd_st7789s.o
    0x080062a8   0x080062a8   0x00000052   Code   RO         1416    .text.TFTSPI_Draw_Rectangle  lcd_st7789s.o
    0x080062fa   0x080062fa   0x00000002   PAD
    0x080062fc   0x080062fc   0x00000ad0   Code   RO         1394    .text.TFTSPI_Init   lcd_st7789s.o
    0x08006dcc   0x08006dcc   0x00000210   Code   RO         1404    .text.TFTSPI_Set_Pos  lcd_st7789s.o
    0x08006fdc   0x08006fdc   0x00000036   Code   RO         1428    .text.TFT_Printf    lcd_st7789s.o
    0x08007012   0x08007012   0x00000002   PAD
    0x08007014   0x08007014   0x000003e6   Code   RO         1424    .text.TFT_ShowChar  lcd_st7789s.o
    0x080073fa   0x080073fa   0x00000002   PAD
    0x080073fc   0x080073fc   0x000000c6   Code   RO         1426    .text.TFT_ShowString  lcd_st7789s.o
    0x080074c2   0x080074c2   0x00000002   PAD
    0x080074c4   0x080074c4   0x0000000c   Code   RO          198    .text.TIM1_UP_TIM10_IRQHandler  stm32f4xx_it.o
    0x080074d0   0x080074d0   0x0000000c   Code   RO          206    .text.TIM8_BRK_TIM12_IRQHandler  stm32f4xx_it.o
    0x080074dc   0x080074dc   0x0000000c   Code   RO          208    .text.TIM8_TRG_COM_TIM14_IRQHandler  stm32f4xx_it.o
    0x080074e8   0x080074e8   0x00000134   Code   RO          910    .text.TIM_Base_SetConfig  stm32f4xx_hal_tim.o
    0x0800761c   0x0800761c   0x00000068   Code   RO          954    .text.TIM_DMADelayPulseCplt  stm32f4xx_hal_tim.o
    0x08007684   0x08007684   0x00000038   Code   RO          956    .text.TIM_DMADelayPulseHalfCplt  stm32f4xx_hal_tim.o
    0x080076bc   0x080076bc   0x0000005c   Code   RO          930    .text.TIM_DMAError  stm32f4xx_hal_tim.o
    0x08007718   0x08007718   0x000000e8   Code   RO         1525    .text.Target_Speed_CLoop_PID_Control  control.o
    0x08007800   0x08007800   0x0000001e   Code   RO         1521    .text.Turn_Gyro_PID_Control  control.o
    0x0800781e   0x0800781e   0x00000002   PAD
    0x08007820   0x08007820   0x0000002e   Code   RO         1523    .text.Turn_Position_PID_Control  control.o
    0x0800784e   0x0800784e   0x00000002   PAD
    0x08007850   0x08007850   0x0000000c   Code   RO         1307    .text.UART_DMAAbortOnError  stm32f4xx_hal_uart.o
    0x0800785c   0x0800785c   0x000000a2   Code   RO         1257    .text.UART_DMAError  stm32f4xx_hal_uart.o
    0x080078fe   0x080078fe   0x00000002   PAD
    0x08007900   0x08007900   0x00000080   Code   RO         1335    .text.UART_DMAReceiveCplt  stm32f4xx_hal_uart.o
    0x08007980   0x08007980   0x00000018   Code   RO         1337    .text.UART_DMARxHalfCplt  stm32f4xx_hal_uart.o
    0x08007998   0x08007998   0x0000003e   Code   RO         1253    .text.UART_DMATransmitCplt  stm32f4xx_hal_uart.o
    0x080079d6   0x080079d6   0x00000002   PAD
    0x080079d8   0x080079d8   0x00000006   Code   RO         1255    .text.UART_DMATxHalfCplt  stm32f4xx_hal_uart.o
    0x080079de   0x080079de   0x00000002   PAD
    0x080079e0   0x080079e0   0x000000c0   Code   RO         1305    .text.UART_Receive_IT  stm32f4xx_hal_uart.o
    0x08007aa0   0x08007aa0   0x000000de   Code   RO         1229    .text.UART_SetConfig  stm32f4xx_hal_uart.o
    0x08007b7e   0x08007b7e   0x00000002   PAD
    0x08007b80   0x08007b80   0x00000024   Code   RO          200    .text.USART1_IRQHandler  stm32f4xx_it.o
    0x08007ba4   0x08007ba4   0x00000024   Code   RO          202    .text.USART2_IRQHandler  stm32f4xx_it.o
    0x08007bc8   0x08007bc8   0x00000024   Code   RO          204    .text.USART3_IRQHandler  stm32f4xx_it.o
    0x08007bec   0x08007bec   0x00000002   Code   RO          180    .text.UsageFault_Handler  stm32f4xx_it.o
    0x08007bee   0x08007bee   0x00000002   PAD
    0x08007bf0   0x08007bf0   0x0000007e   Code   RO         1379    .text.WS2812_Init   ws2812.o
    0x08007c6e   0x08007c6e   0x00000002   PAD
    0x08007c70   0x08007c70   0x00000052   Code   RO         1377    .text.WS2812_LED_Set  ws2812.o
    0x08007cc2   0x08007cc2   0x00000002   PAD
    0x08007cc4   0x08007cc4   0x00000016   Code   RO         1362    .text.delay_init    delay.o
    0x08007cda   0x08007cda   0x00000002   PAD
    0x08007cdc   0x08007cdc   0x0000008c   Code   RO         1366    .text.delay_ms      delay.o
    0x08007d68   0x08007d68   0x00000160   Code   RO         1501    .text.key_scan      key.o
    0x08007ec8   0x08007ec8   0x00000150   Code   RO           11    .text.main          main.o
    0x08008018   0x08008018   0x00000054   Code   RO         1614    .text.main_menu     ui.o
    0x0800806c   0x0800806c   0x00000290   Code   RO         1610    .text.param_func    ui.o
    0x080082fc   0x080082fc   0x00000198   Code   RO         1574    .text.pid_calculate  pid.o
    0x08008494   0x08008494   0x00000020   Code   RO         1568    .text.pid_init      pid.o
    0x080084b4   0x080084b4   0x00000028   Code   RO         1570    .text.pid_param_init  pid.o
    0x080084dc   0x080084dc   0x0000000e   Code   RO         1572    .text.pid_reset     pid.o
    0x080084ea   0x080084ea   0x00000002   PAD
    0x080084ec   0x080084ec   0x000002a0   Code   RO         1608    .text.run_func      ui.o
    0x0800878c   0x0800878c   0x000001f6   Code   RO         1616    .text.run_menu      ui.o
    0x08008982   0x08008982   0x00000006   PAD
    0x08008988   0x08008988   0x0000072e   Code   RO         1612    .text.run_parameter  ui.o
    0x080090b6   0x080090b6   0x00000002   PAD
    0x080090b8   0x080090b8   0x00000040   Code   RO          143    .text.uart_printf   usart.o
    0x080090f8   0x080090f8   0x00000034   Code   RO         1655    i.__0vsnprintf      mc_w.l(printfa.o)
    0x0800912c   0x0800912c   0x00000024   Code   RO         1656    i.__0vsprintf       mc_w.l(printfa.o)
    0x08009150   0x08009150   0x00000030   Code   RO         1711    i.__ARM_fpclassify  m_wm.l(fpclassify.o)
    0x08009180   0x08009180   0x00000c60   Code   RO         1629    i.__hardfp_pow      m_wm.l(pow.o)
    0x08009de0   0x08009de0   0x000000f8   Code   RO         1713    i.__kernel_poly     m_wm.l(poly.o)
    0x08009ed8   0x08009ed8   0x00000030   Code   RO         1691    i.__mathlib_dbl_divzero  m_wm.l(dunder.o)
    0x08009f08   0x08009f08   0x00000014   Code   RO         1693    i.__mathlib_dbl_infnan2  m_wm.l(dunder.o)
    0x08009f1c   0x08009f1c   0x00000004   PAD
    0x08009f20   0x08009f20   0x00000020   Code   RO         1694    i.__mathlib_dbl_invalid  m_wm.l(dunder.o)
    0x08009f40   0x08009f40   0x00000020   Code   RO         1695    i.__mathlib_dbl_overflow  m_wm.l(dunder.o)
    0x08009f60   0x08009f60   0x00000020   Code   RO         1697    i.__mathlib_dbl_underflow  m_wm.l(dunder.o)
    0x08009f80   0x08009f80   0x0000000e   Code   RO         1788    i.__scatterload_copy  mc_w.l(handlers.o)
    0x08009f8e   0x08009f8e   0x00000002   Code   RO         1789    i.__scatterload_null  mc_w.l(handlers.o)
    0x08009f90   0x08009f90   0x0000000e   Code   RO         1790    i.__scatterload_zeroinit  mc_w.l(handlers.o)
    0x08009f9e   0x08009f9e   0x00000002   PAD
    0x08009fa0   0x08009fa0   0x0000000c   Code   RO         1760    i.__set_errno       mc_w.l(errno.o)
    0x08009fac   0x08009fac   0x00000184   Code   RO         1657    i._fp_digits        mc_w.l(printfa.o)
    0x0800a130   0x0800a130   0x000006dc   Code   RO         1658    i._printf_core      mc_w.l(printfa.o)
    0x0800a80c   0x0800a80c   0x00000024   Code   RO         1659    i._printf_post_padding  mc_w.l(printfa.o)
    0x0800a830   0x0800a830   0x0000002e   Code   RO         1660    i._printf_pre_padding  mc_w.l(printfa.o)
    0x0800a85e   0x0800a85e   0x00000016   Code   RO         1661    i._snputc           mc_w.l(printfa.o)
    0x0800a874   0x0800a874   0x0000000a   Code   RO         1662    i._sputc            mc_w.l(printfa.o)
    0x0800a87e   0x0800a87e   0x00000018   Code   RO         1707    i.fabs              m_wm.l(fabs.o)
    0x0800a896   0x0800a896   0x0000006e   Code   RO         1718    i.sqrt              m_wm.l(sqrt.o)
    0x0800a904   0x0800a904   0x00000004   PAD
    0x0800a908   0x0800a908   0x00000088   Data   RO         1632    .constdata          m_wm.l(pow.o)
    0x0800a990   0x0800a990   0x00000008   Data   RO         1715    .constdata          m_wm.l(qnan.o)
    0x0800a998   0x0800a998   0x00000010   Data   RO         1352    .rodata.AHBPrescTable  system_stm32f4xx.o
    0x0800a9a8   0x0800a9a8   0x00000008   Data   RO         1353    .rodata.APBPrescTable  system_stm32f4xx.o
    0x0800a9b0   0x0800a9b0   0x000023a0   Data   RO         1434    .rodata.Font_code12X24  lcd_st7789s.o
    0x0800cd50   0x0800cd50   0x00002f80   Data   RO         1435    .rodata.Font_code16X32  lcd_st7789s.o
    0x0800fcd0   0x0800fcd0   0x00000be0   Data   RO         1433    .rodata.Font_code8X16  lcd_st7789s.o
    0x080108b0   0x080108b0   0x00000474   Data   RO         1432    .rodata.Font_code8X6  lcd_st7789s.o
    0x08010d24   0x08010d24   0x00000008   Data   RO          540    .rodata.cst8        stm32f4xx_hal_dma.o
    0x08010d2c   0x08010d2c   0x0000003e   Data   RO         1620    .rodata.str1.1      ui.o
    0x08010d6a   0x08010d6a   0x00000002   PAD
    0x08010d6c   0x08010d6c   0x00000020   Data   RO         1787    Region$$Table       anon$$obj.o


    Execution Region RW_IRAM1 (Exec base: 0x20000000, Load base: 0x08010d90, Size: 0x00004da8, Max: 0x0001c000, ABSOLUTE)

    Exec Addr    Load Addr    Size         Type   Attr      Idx    E Section Name        Object

    0x20000000   0x08010d90   0x00000004   Data   RW         1761    .data               mc_w.l(errno.o)
    0x20000004   0x08010d94   0x00000004   Data   RW         1351    .data.SystemCoreClock  system_stm32f4xx.o
    0x20000008   0x08010d98   0x00000001   Data   RW          718    .data.uwTickFreq    stm32f4xx_hal.o
    0x20000009   0x08010d99   0x00000003   PAD
    0x2000000c   0x08010d9c   0x00000004   Data   RW          717    .data.uwTickPrio    stm32f4xx_hal.o
    0x20000010        -       0x00000004   Zero   RW         1529    .bss.BL_CMD         control.o
    0x20000014        -       0x00000080   Zero   RW         1586    .bss.USART1_RX_BUF  uart_unpack.o
    0x20000094        -       0x00000080   Zero   RW         1587    .bss.USART2_RX_BUF  uart_unpack.o
    0x20000114        -       0x00000080   Zero   RW         1588    .bss.USART3_RX_BUF  uart_unpack.o
    0x20000194        -       0x000000c8   Zero   RW          156    .bss.UserTxBufferFS  usart.o
    0x2000025c        -       0x00000128   Zero   RW         1381    .bss.WS2812_RGB_Buff  ws2812.o
    0x20000384        -       0x00000004   Zero   RW         1368    .bss.g_fac_us       delay.o
    0x20000388        -       0x00000060   Zero   RW           80    .bss.hdma_spi3_tx   spi.o
    0x200003e8        -       0x00000060   Zero   RW          132    .bss.hdma_tim2_ch2_ch4  tim.o
    0x20000448        -       0x00000060   Zero   RW          159    .bss.hdma_usart1_rx  usart.o
    0x200004a8        -       0x00000060   Zero   RW          160    .bss.hdma_usart1_tx  usart.o
    0x20000508        -       0x00000060   Zero   RW          161    .bss.hdma_usart2_rx  usart.o
    0x20000568        -       0x00000060   Zero   RW          162    .bss.hdma_usart3_rx  usart.o
    0x200005c8        -       0x00000060   Zero   RW          163    .bss.hdma_usart3_tx  usart.o
    0x20000628        -       0x00000054   Zero   RW           49    .bss.hi2c3          i2c.o
    0x2000067c        -       0x00000010   Zero   RW           64    .bss.hrng           rng.o
    0x2000068c        -       0x00000058   Zero   RW           79    .bss.hspi3          spi.o
    0x200006e4        -       0x00000048   Zero   RW          127    .bss.htim1          tim.o
    0x2000072c        -       0x00000048   Zero   RW          125    .bss.htim12         tim.o
    0x20000774        -       0x00000048   Zero   RW          126    .bss.htim14         tim.o
    0x200007bc        -       0x00000048   Zero   RW          128    .bss.htim2          tim.o
    0x20000804        -       0x00000048   Zero   RW          129    .bss.htim3          tim.o
    0x2000084c        -       0x00000048   Zero   RW          130    .bss.htim4          tim.o
    0x20000894        -       0x00000048   Zero   RW          131    .bss.htim5          tim.o
    0x200008dc        -       0x00000048   Zero   RW          155    .bss.huart1         usart.o
    0x20000924        -       0x00000048   Zero   RW          157    .bss.huart2         usart.o
    0x2000096c        -       0x00000048   Zero   RW          158    .bss.huart3         usart.o
    0x200009b4        -       0x00000001   Zero   RW         1503    .bss.key_scan.delay_sta  key.o
    0x200009b5   0x08010da0   0x00000003   PAD
    0x200009b8        -       0x00000010   Zero   RW         1540    .bss.motor_L        control.o
    0x200009c8        -       0x00000010   Zero   RW         1541    .bss.motor_R        control.o
    0x200009d8        -       0x00000064   Zero   RW         1531    .bss.pid_speed_L    control.o
    0x20000a3c        -       0x00000064   Zero   RW         1532    .bss.pid_speed_R    control.o
    0x20000aa0        -       0x00000064   Zero   RW         1533    .bss.pid_stand_angle  control.o
    0x20000b04        -       0x00000064   Zero   RW         1534    .bss.pid_stand_angle_speed  control.o
    0x20000b68        -       0x00000064   Zero   RW         1537    .bss.pid_target_speed  control.o
    0x20000bcc        -       0x00000064   Zero   RW         1544    .bss.pid_turn_angle  control.o
    0x20000c30        -       0x00000064   Zero   RW         1535    .bss.pid_turn_gyro  control.o
    0x20000c94        -       0x00000064   Zero   RW         1536    .bss.pid_turn_position  control.o
    0x20000cf8        -       0x00000001   Zero   RW         1621    .bss.run_parameter.Cursor_i_d0  ui.o
    0x20000cf9   0x08010da0   0x00000003   PAD
    0x20000cfc        -       0x00000028   Zero   RW         1530    .bss.the_car        control.o
    0x20000d24        -       0x0000002c   Zero   RW         1538    .bss.the_imu        control.o
    0x20000d50        -       0x00000006   Zero   RW         1543    .bss.the_key        control.o
    0x20000d56   0x08010da0   0x00000002   PAD
    0x20000d58        -       0x00000020   Zero   RW         1542    .bss.the_pid        control.o
    0x20000d78        -       0x00000010   Zero   RW         1539    .bss.the_vs         control.o
    0x20000d88        -       0x00000004   Zero   RW          120    .bss.tim1_10ms_cnt  tim.o
    0x20000d8c        -       0x00000004   Zero   RW          121    .bss.tim1_20ms_cnt  tim.o
    0x20000d90        -       0x00000004   Zero   RW          119    .bss.tim1_2ms_cnt   tim.o
    0x20000d94        -       0x00000004   Zero   RW          124    .bss.tim2_1000ms_cnt  tim.o
    0x20000d98        -       0x00000004   Zero   RW          122    .bss.tim2_10ms_cnt  tim.o
    0x20000d9c        -       0x00000004   Zero   RW          123    .bss.tim2_500ms_cnt  tim.o
    0x20000da0        -       0x00000004   Zero   RW          719    .bss.uwTick         stm32f4xx_hal.o
    0x20000da4        -       0x00000004   Zero   RW         1589    .bss.vs_data_rx_cnt  uart_unpack.o
    0x20000da8        -       0x00004000   Zero   RW            1    STACK               startup_stm32f407xx.o


    Execution Region RW_IRAM2 (Exec base: 0x2001c000, Load base: 0x08010da0, Size: 0x00000000, Max: 0x00004000, ABSOLUTE)

    **** No section assigned to this execution region ****


==============================================================================

Image component sizes


      Code (inc. data)   RO Data    RW Data    ZI Data      Debug   Object Name

      1180         72          0          0        974       5325   control.o
       162          0          0          0          4       2496   delay.o
       172          0          0          0          0       3568   dma.o
      2928          0          0          0          0      11616   eeprom.o
       422          0          0          0          0       2461   gpio.o
       248          0          0          0         84       5350   i2c.o
       352         12          0          0          1       1536   key.o
      6090         12      25460          0          0      23879   lcd_st7789s.o
       512         24          0          0          0       4455   main.o
       494          4          0          0          0       2693   pid.o
        90          0          0          0         16       2663   rng.o
       270          0          0          0        184       7106   spi.o
        36          8        392          0      16384        896   startup_stm32f407xx.o
       172          0          0          5          4       7350   stm32f4xx_hal.o
       220          0          0          0          0      10771   stm32f4xx_hal_cortex.o
      1034          4          8          0          0       9716   stm32f4xx_hal_dma.o
       424          0          0          0          0       5148   stm32f4xx_hal_gpio.o
      2668          0          0          0          0      47641   stm32f4xx_hal_i2c.o
       138          0          0          0          0       3564   stm32f4xx_hal_msp.o
      1394          0          0          0          0       7409   stm32f4xx_hal_rcc.o
       162          0          0          0          0       4930   stm32f4xx_hal_rng.o
      1184          0          0          0          0      23257   stm32f4xx_hal_spi.o
      3640          8          0          0          0      57720   stm32f4xx_hal_tim.o
       268          0          0          0          0      22098   stm32f4xx_hal_tim_ex.o
      2070          0          0          0          0      27133   stm32f4xx_hal_uart.o
       260          0          0          0          0       8235   stm32f4xx_it.o
        18          0         24          4          0       2700   system_stm32f4xx.o
       312          0          0          0          0       2765   tb6612.o
      2184         20          0          0        624      13795   tim.o
       548         24          0          0        388       7134   uart_unpack.o
      3752        352         62          0          1      11019   ui.o
       942          0          0          0        896       8707   usart.o
       208          0          0          0        296       4879   ws2812.o

    ----------------------------------------------------------------------
     34720        540      25980         12      19864     360015   Object Totals
         0          0         32          0          0          0   (incl. Generated)
       166          0          2          3          8          0   (incl. Padding)

    ----------------------------------------------------------------------

      Code (inc. data)   RO Data    RW Data    ZI Data      Debug   Library Member Name

       164         44          0          0          0        620   dunder.o
        24          0          0          0          0        124   fabs.o
        48          0          0          0          0        124   fpclassify.o
       248          0          0          0          0        152   poly.o
      3168        296        136          0          0        352   pow.o
         0          0          8          0          0          0   qnan.o
       110          0          0          0          0        148   sqrt.o
         0          0          0          0          0          0   entry.o
         0          0          0          0          0          0   entry10a.o
         0          0          0          0          0          0   entry11a.o
         8          4          0          0          0          0   entry2.o
         4          0          0          0          0          0   entry5.o
         0          0          0          0          0          0   entry7b.o
         0          0          0          0          0          0   entry8b.o
         8          4          0          0          0          0   entry9a.o
        12          6          0          4          0         68   errno.o
        30          0          0          0          0          0   handlers.o
        48         10          0          0          0         68   init.o
         0          0          0          0          0          0   iusefp.o
        30          0          0          0          0         68   llshl.o
        36          0          0          0          0         68   llsshr.o
        32          0          0          0          0         68   llushr.o
        36          0          0          0          0         68   memcpya.o
        36          0          0          0          0        108   memseta.o
      2346         92          0          0          0        664   printfa.o
        28          0          0          0          0         76   strcmp.o
        44          0          0          0          0         80   uidiv.o
        98          0          0          0          0         92   uldiv.o
        48          0          0          0          0         68   cdrcmple.o
        56          0          0          0          0         88   d2f.o
       334          0          0          0          0        148   dadd.o
       222          0          0          0          0        100   ddiv.o
       186          0          0          0          0        176   depilogue.o
        50          0          0          0          0         76   dfixui.o
        48          0          0          0          0         68   dfixul.o
        34          0          0          0          0         76   dflti.o
        26          0          0          0          0         76   dfltui.o
       228          0          0          0          0         96   dmul.o
        46          0          0          0          0         80   dscalb.o
       162          0          0          0          0        100   dsqrt.o
        38          0          0          0          0         68   f2d.o
       110          0          0          0          0        168   fepilogue.o

    ----------------------------------------------------------------------
      8160        456        144          4          0       4336   Library Totals
        14          0          0          0          0          0   (incl. Padding)

    ----------------------------------------------------------------------

      Code (inc. data)   RO Data    RW Data    ZI Data      Debug   Library Name

      3762        340        144          0          0       1520   m_wm.l
      2796        116          0          4          0       1428   mc_w.l
      1588          0          0          0          0       1388   mf_w.l

    ----------------------------------------------------------------------
      8160        456        144          4          0       4336   Library Totals

    ----------------------------------------------------------------------

==============================================================================


      Code (inc. data)   RO Data    RW Data    ZI Data      Debug   

     42880        996      26124         16      19864     361527   Grand Totals
     42880        996      26124         16      19864     361527   ELF Image Totals
     42880        996      26124         16          0          0   ROM Totals

==============================================================================

    Total RO  Size (Code + RO Data)                69004 (  67.39kB)
    Total RW  Size (RW Data + ZI Data)             19880 (  19.41kB)
    Total ROM Size (Code + RO Data + RW Data)      69020 (  67.40kB)

==============================================================================

