<html>
<body>
<pre>
<h1>µVision Build Log</h1>
<h2>Tool Versions:</h2>
IDE-Version: ¦ÌVision V5.40.0.0
Copyright (C) 2024 ARM Ltd and ARM Germany GmbH. All rights reserved.
License Information: j l, b, LIC=CZLZX-HHUUE-MMK9I-T4DPZ-F58I1-H6TP0
 
Tool Versions:
Toolchain:       MDK-ARM Plus  Version: 5.40.0.3
Toolchain Path:  D:\Keil5\ARM\ARMCLANG\Bin
C Compiler:      ArmClang.exe V6.22
Assembler:       Armasm.exe V6.22
Linker/Locator:  ArmLink.exe V6.22
Library Manager: ArmAr.exe V6.22
Hex Converter:   FromElf.exe V6.22
CPU DLL:         SARMCM3.DLL V5.40.0.3
Dialog DLL:      DCM.DLL V1.17.5.0
Target DLL:      CMSIS_AGDI.dll V1.33.18.0
Dialog DLL:      TCM.DLL V1.56.4.0
 
<h2>Project:</h2>
D:\D\JLB_Often\STM32\STM32projects\Projects\ds_BlancedCar_F407\Balance_Car_3.15\Software\Stm32f407vgt6\MDK-ARM\ds_BlancedCar_F407.uvprojx
Project File Date:  04/22/2025

<h2>Output:</h2>
*** Using Compiler 'V6.22', folder: 'D:\Keil5\ARM\ARMCLANG\Bin'
Rebuild target 'ds_BlancedCar_F407'
compiling i2c.c...
compiling stm32f4xx_hal_msp.c...
compiling dma.c...
compiling gpio.c...
compiling rng.c...
compiling spi.c...
compiling main.c...
compiling usart.c...
compiling stm32f4xx_it.c...
assembling startup_stm32f407xx.s...
compiling tim.c...
compiling stm32f4xx_hal_i2c_ex.c...
compiling stm32f4xx_hal_rcc_ex.c...
compiling stm32f4xx_hal_rcc.c...
compiling stm32f4xx_hal_flash_ramfunc.c...
compiling stm32f4xx_hal_flash.c...
compiling stm32f4xx_hal_pwr.c...
compiling stm32f4xx_hal_flash_ex.c...
compiling stm32f4xx_hal_gpio.c...
compiling stm32f4xx_hal_pwr_ex.c...
compiling stm32f4xx_hal_dma_ex.c...
compiling stm32f4xx_hal_dma.c...
compiling stm32f4xx_hal_cortex.c...
compiling stm32f4xx_hal.c...
compiling stm32f4xx_hal_exti.c...
compiling stm32f4xx_hal_rng.c...
compiling stm32f4xx_hal_i2c.c...
compiling system_stm32f4xx.c...
compiling ws2812.c...
compiling delay.c...
compiling Music.c...
compiling stm32f4xx_hal_tim_ex.c...
compiling stm32f4xx_hal_spi.c...
compiling LCD_ST7789S.c...
compiling tb6612.c...
compiling key.c...
compiling EEPROM.c...
compiling stm32f4xx_hal_uart.c...
compiling filter.c...
compiling pid.c...
compiling control.c...
compiling uart_unpack.c...
compiling stm32f4xx_hal_tim.c...
compiling UI.c...
linking...
Program Size: Code=42880 RO-data=26124 RW-data=16 ZI-data=19864  
FromELF: creating hex file...
After Build - User command #1: D:\D\JLB_Often\STM32\STM32projects\Projects\ds_BlancedCar_F407\Balance_Car_3.15\Software\Stm32f407vgt6\MDK-ARM\Keil5_disp_size_bar_v0.4.exe
[Keil5_disp_size_bar V0.4]: find project satrt!
[Keil5_disp_size_bar V0.4]: Found file: .//ds_BlancedCar_F407.uvprojx
[Keil5_disp_size_bar V0.4]: Found file: .//ds_BlancedCar_F407.uvprojx
[Keil5_disp_size_bar V0.4]: find map file start
[Keil5_disp_size_bar V0.4]: Found file: .//ds_BlancedCar_F407/ds_BlancedCar_F407.map
[Keil5_disp_size_bar V0.4]: map file read end
ram:
  112 KB   ram1:|¡ö¡ö¡ö_________________| 17.33 % (   19.41 KB /   112.00 KB) [94808 B]
   16 KB   ram2:|____________________|  0.00 % (    0.00 KB /    16.00 KB) [16384 B]
flash:
 1024 KB flash1:|¡ö___________________|  6.58 % (   67.39 KB /  1024.00 KB) [979572 B]
 
"ds_BlancedCar_F407\ds_BlancedCar_F407.axf" - 0 Error(s), 0 Warning(s).

<h2>Software Packages used:</h2>

Package Vendor: ARM
                https://www.keil.com/pack/ARM.CMSIS.6.1.0.pack
                ARM::CMSIS@6.1.0
                CMSIS (Common Microcontroller Software Interface Standard)
   * Component: CORE Version: 6.1.0

Package Vendor: Keil
                https://www.keil.com/pack/Keil.STM32F4xx_DFP.3.0.0.pack
                Keil::STM32F4xx_DFP@3.0.0
                STMicroelectronics STM32F4 Series Device Support

<h2>Collection of Component include folders:</h2>
  ./RTE/_ds_BlancedCar_F407
  D:/Keil5_pack/ARM/CMSIS/6.1.0/CMSIS/Core/Include

<h2>Collection of Component Files used:</h2>

   * Component: ARM::CMSIS:CORE@6.1.0
      Include file:  CMSIS/Core/Include/tz_context.h
Build Time Elapsed:  00:00:02
</pre>
</body>
</html>
